Archive member included to satisfy reference by file (symbol)

c:/st/stm32cubeide_1.9.0/stm32cubeide/plugins/com.st.stm32cube.ide.mcu.externaltools.gnu-tools-for-stm32.10.3-2021.10.win32_1.0.0.202111181127/tools/bin/../lib/gcc/arm-none-eabi/10.3.1/../../../../arm-none-eabi/lib/thumb/v7e-m+fp/hard\libc_nano.a(lib_a-errno.o)
                              ./Core/Src/syscalls.o (__errno)
c:/st/stm32cubeide_1.9.0/stm32cubeide/plugins/com.st.stm32cube.ide.mcu.externaltools.gnu-tools-for-stm32.10.3-2021.10.win32_1.0.0.202111181127/tools/bin/../lib/gcc/arm-none-eabi/10.3.1/../../../../arm-none-eabi/lib/thumb/v7e-m+fp/hard\libc_nano.a(lib_a-exit.o)
                              c:/st/stm32cubeide_1.9.0/stm32cubeide/plugins/com.st.stm32cube.ide.mcu.externaltools.gnu-tools-for-stm32.10.3-2021.10.win32_1.0.0.202111181127/tools/bin/../lib/gcc/arm-none-eabi/10.3.1/../../../../arm-none-eabi/lib/thumb/v7e-m+fp/hard/crt0.o (exit)
c:/st/stm32cubeide_1.9.0/stm32cubeide/plugins/com.st.stm32cube.ide.mcu.externaltools.gnu-tools-for-stm32.10.3-2021.10.win32_1.0.0.202111181127/tools/bin/../lib/gcc/arm-none-eabi/10.3.1/../../../../arm-none-eabi/lib/thumb/v7e-m+fp/hard\libc_nano.a(lib_a-impure.o)
                              c:/st/stm32cubeide_1.9.0/stm32cubeide/plugins/com.st.stm32cube.ide.mcu.externaltools.gnu-tools-for-stm32.10.3-2021.10.win32_1.0.0.202111181127/tools/bin/../lib/gcc/arm-none-eabi/10.3.1/../../../../arm-none-eabi/lib/thumb/v7e-m+fp/hard\libc_nano.a(lib_a-exit.o) (_global_impure_ptr)
c:/st/stm32cubeide_1.9.0/stm32cubeide/plugins/com.st.stm32cube.ide.mcu.externaltools.gnu-tools-for-stm32.10.3-2021.10.win32_1.0.0.202111181127/tools/bin/../lib/gcc/arm-none-eabi/10.3.1/../../../../arm-none-eabi/lib/thumb/v7e-m+fp/hard\libc_nano.a(lib_a-init.o)
                              c:/st/stm32cubeide_1.9.0/stm32cubeide/plugins/com.st.stm32cube.ide.mcu.externaltools.gnu-tools-for-stm32.10.3-2021.10.win32_1.0.0.202111181127/tools/bin/../lib/gcc/arm-none-eabi/10.3.1/../../../../arm-none-eabi/lib/thumb/v7e-m+fp/hard/crt0.o (__libc_init_array)
c:/st/stm32cubeide_1.9.0/stm32cubeide/plugins/com.st.stm32cube.ide.mcu.externaltools.gnu-tools-for-stm32.10.3-2021.10.win32_1.0.0.202111181127/tools/bin/../lib/gcc/arm-none-eabi/10.3.1/../../../../arm-none-eabi/lib/thumb/v7e-m+fp/hard\libc_nano.a(lib_a-memset.o)
                              c:/st/stm32cubeide_1.9.0/stm32cubeide/plugins/com.st.stm32cube.ide.mcu.externaltools.gnu-tools-for-stm32.10.3-2021.10.win32_1.0.0.202111181127/tools/bin/../lib/gcc/arm-none-eabi/10.3.1/../../../../arm-none-eabi/lib/thumb/v7e-m+fp/hard/crt0.o (memset)
c:/st/stm32cubeide_1.9.0/stm32cubeide/plugins/com.st.stm32cube.ide.mcu.externaltools.gnu-tools-for-stm32.10.3-2021.10.win32_1.0.0.202111181127/tools/bin/../lib/gcc/arm-none-eabi/10.3.1/thumb/v7e-m+fp/hard\libgcc.a(_aeabi_uldivmod.o)
                              ./Drivers/STM32L4xx_HAL_Driver/Src/stm32l4xx_hal_uart.o (__aeabi_uldivmod)
c:/st/stm32cubeide_1.9.0/stm32cubeide/plugins/com.st.stm32cube.ide.mcu.externaltools.gnu-tools-for-stm32.10.3-2021.10.win32_1.0.0.202111181127/tools/bin/../lib/gcc/arm-none-eabi/10.3.1/thumb/v7e-m+fp/hard\libgcc.a(_udivmoddi4.o)
                              c:/st/stm32cubeide_1.9.0/stm32cubeide/plugins/com.st.stm32cube.ide.mcu.externaltools.gnu-tools-for-stm32.10.3-2021.10.win32_1.0.0.202111181127/tools/bin/../lib/gcc/arm-none-eabi/10.3.1/thumb/v7e-m+fp/hard\libgcc.a(_aeabi_uldivmod.o) (__udivmoddi4)
c:/st/stm32cubeide_1.9.0/stm32cubeide/plugins/com.st.stm32cube.ide.mcu.externaltools.gnu-tools-for-stm32.10.3-2021.10.win32_1.0.0.202111181127/tools/bin/../lib/gcc/arm-none-eabi/10.3.1/thumb/v7e-m+fp/hard\libgcc.a(_dvmd_tls.o)
                              c:/st/stm32cubeide_1.9.0/stm32cubeide/plugins/com.st.stm32cube.ide.mcu.externaltools.gnu-tools-for-stm32.10.3-2021.10.win32_1.0.0.202111181127/tools/bin/../lib/gcc/arm-none-eabi/10.3.1/thumb/v7e-m+fp/hard\libgcc.a(_aeabi_uldivmod.o) (__aeabi_ldiv0)

Discarded input sections

 .text          0x0000000000000000        0x0 c:/st/stm32cubeide_1.9.0/stm32cubeide/plugins/com.st.stm32cube.ide.mcu.externaltools.gnu-tools-for-stm32.10.3-2021.10.win32_1.0.0.202111181127/tools/bin/../lib/gcc/arm-none-eabi/10.3.1/thumb/v7e-m+fp/hard/crti.o
 .data          0x0000000000000000        0x0 c:/st/stm32cubeide_1.9.0/stm32cubeide/plugins/com.st.stm32cube.ide.mcu.externaltools.gnu-tools-for-stm32.10.3-2021.10.win32_1.0.0.202111181127/tools/bin/../lib/gcc/arm-none-eabi/10.3.1/thumb/v7e-m+fp/hard/crti.o
 .bss           0x0000000000000000        0x0 c:/st/stm32cubeide_1.9.0/stm32cubeide/plugins/com.st.stm32cube.ide.mcu.externaltools.gnu-tools-for-stm32.10.3-2021.10.win32_1.0.0.202111181127/tools/bin/../lib/gcc/arm-none-eabi/10.3.1/thumb/v7e-m+fp/hard/crti.o
[...]
Memory Configuration

Name             Origin             Length             Attributes
RAM              0x0000000020000000 0x0000000000018000 xrw
RAM2             0x0000000010000000 0x0000000000008000 xrw
FLASH            0x0000000008000000 0x0000000000100000 xr
*default*        0x0000000000000000 0xffffffffffffffff

Linker script and memory map

LOAD c:/st/stm32cubeide_1.9.0/stm32cubeide/plugins/com.st.stm32cube.ide.mcu.externaltools.gnu-tools-for-stm32.10.3-2021.10.win32_1.0.0.202111181127/tools/bin/../lib/gcc/arm-none-eabi/10.3.1/thumb/v7e-m+fp/hard/crti.o
LOAD c:/st/stm32cubeide_1.9.0/stm32cubeide/plugins/com.st.stm32cube.ide.mcu.externaltools.gnu-tools-for-stm32.10.3-2021.10.win32_1.0.0.202111181127/tools/bin/../lib/gcc/arm-none-eabi/10.3.1/thumb/v7e-m+fp/hard/crtbegin.o
LOAD c:/st/stm32cubeide_1.9.0/stm32cubeide/plugins/com.st.stm32cube.ide.mcu.externaltools.gnu-tools-for-stm32.10.3-2021.10.win32_1.0.0.202111181127/tools/bin/../lib/gcc/arm-none-eabi/10.3.1/../../../../arm-none-eabi/lib/thumb/v7e-m+fp/hard/crt0.o
LOAD ./Core/Src/gpio.o
LOAD ./Core/Src/i2c.o
LOAD ./Core/Src/iwdg.o
LOAD ./Core/Src/lcd.o
LOAD ./Core/Src/main.o
LOAD ./Core/Src/quadspi.o
LOAD ./Core/Src/rtc.o
LOAD ./Core/Src/sai.o
LOAD ./Core/Src/spi.o
LOAD ./Core/Src/stm32l476g_discovery.o
LOAD ./Core/Src/stm32l476g_discovery_glass_lcd.o
LOAD ./Core/Src/stm32l4xx_hal_msp.o
LOAD ./Core/Src/stm32l4xx_it.o
LOAD ./Core/Src/syscalls.o
LOAD ./Core/Src/sysmem.o
LOAD ./Core/Src/system_stm32l4xx.o
LOAD ./Core/Src/usart.o
LOAD ./Core/Startup/startup_stm32l476vgtx.o
LOAD ./Drivers/STM32L4xx_HAL_Driver/Src/stm32l4xx_hal.o
LOAD ./Drivers/STM32L4xx_HAL_Driver/Src/stm32l4xx_hal_cortex.o
LOAD ./Drivers/STM32L4xx_HAL_Driver/Src/stm32l4xx_hal_dma.o
LOAD ./Drivers/STM32L4xx_HAL_Driver/Src/stm32l4xx_hal_dma_ex.o
LOAD ./Drivers/STM32L4xx_HAL_Driver/Src/stm32l4xx_hal_exti.o
LOAD ./Drivers/STM32L4xx_HAL_Driver/Src/stm32l4xx_hal_flash.o
LOAD ./Drivers/STM32L4xx_HAL_Driver/Src/stm32l4xx_hal_flash_ex.o
LOAD ./Drivers/STM32L4xx_HAL_Driver/Src/stm32l4xx_hal_flash_ramfunc.o
LOAD ./Drivers/STM32L4xx_HAL_Driver/Src/stm32l4xx_hal_gpio.o
LOAD ./Drivers/STM32L4xx_HAL_Driver/Src/stm32l4xx_hal_i2c.o
LOAD ./Drivers/STM32L4xx_HAL_Driver/Src/stm32l4xx_hal_i2c_ex.o
LOAD ./Drivers/STM32L4xx_HAL_Driver/Src/stm32l4xx_hal_iwdg.o
LOAD ./Drivers/STM32L4xx_HAL_Driver/Src/stm32l4xx_hal_lcd.o
LOAD ./Drivers/STM32L4xx_HAL_Driver/Src/stm32l4xx_hal_pwr.o
LOAD ./Drivers/STM32L4xx_HAL_Driver/Src/stm32l4xx_hal_pwr_ex.o
LOAD ./Drivers/STM32L4xx_HAL_Driver/Src/stm32l4xx_hal_qspi.o
LOAD ./Drivers/STM32L4xx_HAL_Driver/Src/stm32l4xx_hal_rcc.o
LOAD ./Drivers/STM32L4xx_HAL_Driver/Src/stm32l4xx_hal_rcc_ex.o
LOAD ./Drivers/STM32L4xx_HAL_Driver/Src/stm32l4xx_hal_rtc.o
LOAD ./Drivers/STM32L4xx_HAL_Driver/Src/stm32l4xx_hal_rtc_ex.o
LOAD ./Drivers/STM32L4xx_HAL_Driver/Src/stm32l4xx_hal_sai.o
LOAD ./Drivers/STM32L4xx_HAL_Driver/Src/stm32l4xx_hal_sai_ex.o
LOAD ./Drivers/STM32L4xx_HAL_Driver/Src/stm32l4xx_hal_spi.o
LOAD ./Drivers/STM32L4xx_HAL_Driver/Src/stm32l4xx_hal_spi_ex.o
LOAD ./Drivers/STM32L4xx_HAL_Driver/Src/stm32l4xx_hal_tim.o
LOAD ./Drivers/STM32L4xx_HAL_Driver/Src/stm32l4xx_hal_tim_ex.o
LOAD ./Drivers/STM32L4xx_HAL_Driver/Src/stm32l4xx_hal_uart.o
LOAD ./Drivers/STM32L4xx_HAL_Driver/Src/stm32l4xx_hal_uart_ex.o
START GROUP
LOAD c:/st/stm32cubeide_1.9.0/stm32cubeide/plugins/com.st.stm32cube.ide.mcu.externaltools.gnu-tools-for-stm32.10.3-2021.10.win32_1.0.0.202111181127/tools/bin/../lib/gcc/arm-none-eabi/10.3.1/../../../../arm-none-eabi/lib/thumb/v7e-m+fp/hard\libc_nano.a
LOAD c:/st/stm32cubeide_1.9.0/stm32cubeide/plugins/com.st.stm32cube.ide.mcu.externaltools.gnu-tools-for-stm32.10.3-2021.10.win32_1.0.0.202111181127/tools/bin/../lib/gcc/arm-none-eabi/10.3.1/../../../../arm-none-eabi/lib/thumb/v7e-m+fp/hard\libm.a
END GROUP
START GROUP
LOAD c:/st/stm32cubeide_1.9.0/stm32cubeide/plugins/com.st.stm32cube.ide.mcu.externaltools.gnu-tools-for-stm32.10.3-2021.10.win32_1.0.0.202111181127/tools/bin/../lib/gcc/arm-none-eabi/10.3.1/thumb/v7e-m+fp/hard\libgcc.a
LOAD c:/st/stm32cubeide_1.9.0/stm32cubeide/plugins/com.st.stm32cube.ide.mcu.externaltools.gnu-tools-for-stm32.10.3-2021.10.win32_1.0.0.202111181127/tools/bin/../lib/gcc/arm-none-eabi/10.3.1/../../../../arm-none-eabi/lib/thumb/v7e-m+fp/hard\libc_nano.a
END GROUP
START GROUP
LOAD c:/st/stm32cubeide_1.9.0/stm32cubeide/plugins/com.st.stm32cube.ide.mcu.externaltools.gnu-tools-for-stm32.10.3-2021.10.win32_1.0.0.202111181127/tools/bin/../lib/gcc/arm-none-eabi/10.3.1/thumb/v7e-m+fp/hard\libgcc.a
LOAD c:/st/stm32cubeide_1.9.0/stm32cubeide/plugins/com.st.stm32cube.ide.mcu.externaltools.gnu-tools-for-stm32.10.3-2021.10.win32_1.0.0.202111181127/tools/bin/../lib/gcc/arm-none-eabi/10.3.1/../../../../arm-none-eabi/lib/thumb/v7e-m+fp/hard\libc_nano.a
LOAD c:/st/stm32cubeide_1.9.0/stm32cubeide/plugins/com.st.stm32cube.ide.mcu.externaltools.gnu-tools-for-stm32.10.3-2021.10.win32_1.0.0.202111181127/tools/bin/../lib/gcc/arm-none-eabi/10.3.1/../../../../arm-none-eabi/lib/thumb/v7e-m+fp/hard\libnosys.a
END GROUP
START GROUP
LOAD c:/st/stm32cubeide_1.9.0/stm32cubeide/plugins/com.st.stm32cube.ide.mcu.externaltools.gnu-tools-for-stm32.10.3-2021.10.win32_1.0.0.202111181127/tools/bin/../lib/gcc/arm-none-eabi/10.3.1/thumb/v7e-m+fp/hard\libgcc.a
LOAD c:/st/stm32cubeide_1.9.0/stm32cubeide/plugins/com.st.stm32cube.ide.mcu.externaltools.gnu-tools-for-stm32.10.3-2021.10.win32_1.0.0.202111181127/tools/bin/../lib/gcc/arm-none-eabi/10.3.1/../../../../arm-none-eabi/lib/thumb/v7e-m+fp/hard\libc_nano.a
LOAD c:/st/stm32cubeide_1.9.0/stm32cubeide/plugins/com.st.stm32cube.ide.mcu.externaltools.gnu-tools-for-stm32.10.3-2021.10.win32_1.0.0.202111181127/tools/bin/../lib/gcc/arm-none-eabi/10.3.1/../../../../arm-none-eabi/lib/thumb/v7e-m+fp/hard\libnosys.a
END GROUP
LOAD c:/st/stm32cubeide_1.9.0/stm32cubeide/plugins/com.st.stm32cube.ide.mcu.externaltools.gnu-tools-for-stm32.10.3-2021.10.win32_1.0.0.202111181127/tools/bin/../lib/gcc/arm-none-eabi/10.3.1/thumb/v7e-m+fp/hard/crtend.o
LOAD c:/st/stm32cubeide_1.9.0/stm32cubeide/plugins/com.st.stm32cube.ide.mcu.externaltools.gnu-tools-for-stm32.10.3-2021.10.win32_1.0.0.202111181127/tools/bin/../lib/gcc/arm-none-eabi/10.3.1/thumb/v7e-m+fp/hard/crtn.o
                0x0000000020018000                _estack = (ORIGIN (RAM) + LENGTH (RAM))
                0x0000000000000200                _Min_Heap_Size = 0x200
                0x0000000000000400                _Min_Stack_Size = 0x400

.isr_vector     0x0000000008000000      0x188
                0x0000000008000000                . = ALIGN (0x4)
 *(.isr_vector)
 .isr_vector    0x0000000008000000      0x188 ./Core/Startup/startup_stm32l476vgtx.o
                0x0000000008000000                g_pfnVectors
                0x0000000008000188                . = ALIGN (0x4)

.text           0x0000000008000188     0x5adc
                0x0000000008000188                . = ALIGN (0x4)
 *(.text)
 .text          0x0000000008000188       0x40 c:/st/stm32cubeide_1.9.0/stm32cubeide/plugins/com.st.stm32cube.ide.mcu.externaltools.gnu-tools-for-stm32.10.3-2021.10.win32_1.0.0.202111181127/tools/bin/../lib/gcc/arm-none-eabi/10.3.1/thumb/v7e-m+fp/hard/crtbegin.o
 .text          0x00000000080001c8       0x30 c:/st/stm32cubeide_1.9.0/stm32cubeide/plugins/com.st.stm32cube.ide.mcu.externaltools.gnu-tools-for-stm32.10.3-2021.10.win32_1.0.0.202111181127/tools/bin/../lib/gcc/arm-none-eabi/10.3.1/thumb/v7e-m+fp/hard\libgcc.a(_aeabi_uldivmod.o)
                0x00000000080001c8                __aeabi_uldivmod
 .text          0x00000000080001f8      0x2d0 c:/st/stm32cubeide_1.9.0/stm32cubeide/plugins/com.st.stm32cube.ide.mcu.externaltools.gnu-tools-for-stm32.10.3-2021.10.win32_1.0.0.202111181127/tools/bin/../lib/gcc/arm-none-eabi/10.3.1/thumb/v7e-m+fp/hard\libgcc.a(_udivmoddi4.o)
                0x00000000080001f8                __udivmoddi4
 .text          0x00000000080004c8        0x4 c:/st/stm32cubeide_1.9.0/stm32cubeide/plugins/com.st.stm32cube.ide.mcu.externaltools.gnu-tools-for-stm32.10.3-2021.10.win32_1.0.0.202111181127/tools/bin/../lib/gcc/arm-none-eabi/10.3.1/thumb/v7e-m+fp/hard\libgcc.a(_dvmd_tls.o)
                0x00000000080004c8                __aeabi_idiv0
                0x00000000080004c8                __aeabi_ldiv0
 *(.text*)
 .text.MX_GPIO_Init
                0x00000000080004cc      0x2a0 ./Core/Src/gpio.o
                0x00000000080004cc                MX_GPIO_Init
 .text.MX_I2C1_Init
                0x000000000800076c       0x80 ./Core/Src/i2c.o
                0x000000000800076c                MX_I2C1_Init
 .text.MX_I2C2_Init
                0x00000000080007ec       0x80 ./Core/Src/i2c.o
                0x00000000080007ec                MX_I2C2_Init
 .text.HAL_I2C_MspInit
                0x000000000800086c      0x144 ./Core/Src/i2c.o
                0x000000000800086c                HAL_I2C_MspInit
 .text.MX_IWDG_Init
                0x00000000080009b0       0x3c ./Core/Src/iwdg.o
                0x00000000080009b0                MX_IWDG_Init
 .text.HAL_LCD_MspInit
                0x00000000080009ec      0x19c ./Core/Src/lcd.o
                0x00000000080009ec                HAL_LCD_MspInit
 .text.main     0x0000000008000b88       0x4c ./Core/Src/main.o
                0x0000000008000b88                main
 .text.SystemClock_Config
                0x0000000008000bd4       0xc4 ./Core/Src/main.o
                0x0000000008000bd4                SystemClock_Config
 .text.PeriphCommonClock_Config
                0x0000000008000c98       0x54 ./Core/Src/main.o
                0x0000000008000c98                PeriphCommonClock_Config
 .text.LCDBarDemo
                0x0000000008000cec       0x70 ./Core/Src/main.o
                0x0000000008000cec                LCDBarDemo
 .text.Error_Handler
                0x0000000008000d5c        0xa ./Core/Src/main.o
                0x0000000008000d5c                Error_Handler
 *fill*         0x0000000008000d66        0x2 
 .text.MX_QUADSPI_Init
                0x0000000008000d68       0x4c ./Core/Src/quadspi.o
                0x0000000008000d68                MX_QUADSPI_Init
 .text.HAL_QSPI_MspInit
                0x0000000008000db4       0x88 ./Core/Src/quadspi.o
                0x0000000008000db4                HAL_QSPI_MspInit
 .text.MX_RTC_Init
                0x0000000008000e3c       0xb8 ./Core/Src/rtc.o
                0x0000000008000e3c                MX_RTC_Init
 .text.HAL_RTC_MspInit
                0x0000000008000ef4       0x64 ./Core/Src/rtc.o
                0x0000000008000ef4                HAL_RTC_MspInit
 .text.MX_SAI1_Init
                0x0000000008000f58      0x150 ./Core/Src/sai.o
                0x0000000008000f58                MX_SAI1_Init
 .text.HAL_SAI_MspInit
                0x00000000080010a8       0xf0 ./Core/Src/sai.o
                0x00000000080010a8                HAL_SAI_MspInit
 .text.MX_SPI2_Init
                0x0000000008001198       0x7c ./Core/Src/spi.o
                0x0000000008001198                MX_SPI2_Init
 .text.HAL_SPI_MspInit
                0x0000000008001214       0x88 ./Core/Src/spi.o
                0x0000000008001214                HAL_SPI_MspInit
 .text.BSP_LCD_GLASS_Init
                0x000000000800129c       0x74 ./Core/Src/stm32l476g_discovery_glass_lcd.o
                0x000000000800129c                BSP_LCD_GLASS_Init
 .text.BSP_LCD_GLASS_DisplayBar
                0x0000000008001310       0xb8 ./Core/Src/stm32l476g_discovery_glass_lcd.o
                0x0000000008001310                BSP_LCD_GLASS_DisplayBar
 .text.BSP_LCD_GLASS_Clear
                0x00000000080013c8       0x14 ./Core/Src/stm32l476g_discovery_glass_lcd.o
                0x00000000080013c8                BSP_LCD_GLASS_Clear
 .text.LCD_MspInit
                0x00000000080013dc      0x18c ./Core/Src/stm32l476g_discovery_glass_lcd.o
 .text.HAL_MspInit
                0x0000000008001568       0x48 ./Core/Src/stm32l4xx_hal_msp.o
                0x0000000008001568                HAL_MspInit
 .text.NMI_Handler
                0x00000000080015b0        0x6 ./Core/Src/stm32l4xx_it.o
                0x00000000080015b0                NMI_Handler
 .text.HardFault_Handler
                0x00000000080015b6        0x6 ./Core/Src/stm32l4xx_it.o
                0x00000000080015b6                HardFault_Handler
 .text.MemManage_Handler
                0x00000000080015bc        0x6 ./Core/Src/stm32l4xx_it.o
                0x00000000080015bc                MemManage_Handler
 .text.BusFault_Handler
                0x00000000080015c2        0x6 ./Core/Src/stm32l4xx_it.o
                0x00000000080015c2                BusFault_Handler
 .text.UsageFault_Handler
                0x00000000080015c8        0x6 ./Core/Src/stm32l4xx_it.o
                0x00000000080015c8                UsageFault_Handler
 .text.SVC_Handler
                0x00000000080015ce        0xe ./Core/Src/stm32l4xx_it.o
                0x00000000080015ce                SVC_Handler
 .text.DebugMon_Handler
                0x00000000080015dc        0xe ./Core/Src/stm32l4xx_it.o
                0x00000000080015dc                DebugMon_Handler
 .text.PendSV_Handler
                0x00000000080015ea        0xe ./Core/Src/stm32l4xx_it.o
                0x00000000080015ea                PendSV_Handler
 .text.SysTick_Handler
                0x00000000080015f8        0xc ./Core/Src/stm32l4xx_it.o
                0x00000000080015f8                SysTick_Handler
 .text.SystemInit
                0x0000000008001604       0x24 ./Core/Src/system_stm32l4xx.o
                0x0000000008001604                SystemInit
 .text.MX_USART2_UART_Init
                0x0000000008001628       0x60 ./Core/Src/usart.o
                0x0000000008001628                MX_USART2_UART_Init
 .text.HAL_UART_MspInit
                0x0000000008001688       0xbc ./Core/Src/usart.o
                0x0000000008001688                HAL_UART_MspInit
 .text.Reset_Handler
                0x0000000008001744       0x50 ./Core/Startup/startup_stm32l476vgtx.o
                0x0000000008001744                Reset_Handler
 .text.Default_Handler
                0x0000000008001794        0x2 ./Core/Startup/startup_stm32l476vgtx.o
                0x0000000008001794                RTC_Alarm_IRQHandler
                0x0000000008001794                EXTI2_IRQHandler
                0x0000000008001794                TIM8_TRG_COM_IRQHandler
                0x0000000008001794                TIM8_CC_IRQHandler
                0x0000000008001794                TIM1_CC_IRQHandler
                0x0000000008001794                TSC_IRQHandler
                0x0000000008001794                TAMP_STAMP_IRQHandler
                0x0000000008001794                EXTI3_IRQHandler
                0x0000000008001794                LPTIM2_IRQHandler
                0x0000000008001794                DFSDM1_FLT1_IRQHandler
                0x0000000008001794                I2C3_ER_IRQHandler
                0x0000000008001794                DFSDM1_FLT2_IRQHandler
                0x0000000008001794                EXTI0_IRQHandler
                0x0000000008001794                I2C2_EV_IRQHandler
                0x0000000008001794                CAN1_RX0_IRQHandler
                0x0000000008001794                FPU_IRQHandler
                0x0000000008001794                TIM1_UP_TIM16_IRQHandler
                0x0000000008001794                ADC1_2_IRQHandler
                0x0000000008001794                SPI1_IRQHandler
                0x0000000008001794                TIM6_DAC_IRQHandler
                0x0000000008001794                TIM8_UP_IRQHandler
                0x0000000008001794                DMA2_Channel2_IRQHandler
                0x0000000008001794                DMA1_Channel4_IRQHandler
                0x0000000008001794                SAI2_IRQHandler
                0x0000000008001794                DFSDM1_FLT3_IRQHandler
                0x0000000008001794                USART3_IRQHandler
                0x0000000008001794                DMA1_Channel7_IRQHandler
                0x0000000008001794                CAN1_RX1_IRQHandler
                0x0000000008001794                LCD_IRQHandler
                0x0000000008001794                UART5_IRQHandler
                0x0000000008001794                ADC3_IRQHandler
                0x0000000008001794                TIM4_IRQHandler
                0x0000000008001794                DMA2_Channel1_IRQHandler
                0x0000000008001794                QUADSPI_IRQHandler
                0x0000000008001794                I2C1_EV_IRQHandler
                0x0000000008001794                DMA1_Channel6_IRQHandler
                0x0000000008001794                UART4_IRQHandler
                0x0000000008001794                DMA2_Channel4_IRQHandler
                0x0000000008001794                TIM3_IRQHandler
                0x0000000008001794                RCC_IRQHandler
                0x0000000008001794                DMA1_Channel1_IRQHandler
                0x0000000008001794                Default_Handler
                0x0000000008001794                DMA2_Channel7_IRQHandler
                0x0000000008001794                EXTI15_10_IRQHandler
                0x0000000008001794                TIM7_IRQHandler
                0x0000000008001794                SDMMC1_IRQHandler
                0x0000000008001794                TIM5_IRQHandler
                0x0000000008001794                I2C3_EV_IRQHandler
                0x0000000008001794                EXTI9_5_IRQHandler
                0x0000000008001794                RTC_WKUP_IRQHandler
                0x0000000008001794                PVD_PVM_IRQHandler
                0x0000000008001794                SPI2_IRQHandler
                0x0000000008001794                CAN1_TX_IRQHandler
                0x0000000008001794                DMA2_Channel5_IRQHandler
                0x0000000008001794                DMA1_Channel5_IRQHandler
                0x0000000008001794                EXTI4_IRQHandler
                0x0000000008001794                RNG_IRQHandler
                0x0000000008001794                TIM1_TRG_COM_TIM17_IRQHandler
                0x0000000008001794                DMA1_Channel3_IRQHandler
                0x0000000008001794                COMP_IRQHandler
                0x0000000008001794                WWDG_IRQHandler
                0x0000000008001794                LPUART1_IRQHandler
                0x0000000008001794                DMA2_Channel6_IRQHandler
                0x0000000008001794                TIM2_IRQHandler
                0x0000000008001794                EXTI1_IRQHandler
                0x0000000008001794                USART2_IRQHandler
                0x0000000008001794                DFSDM1_FLT0_IRQHandler
                0x0000000008001794                I2C2_ER_IRQHandler
                0x0000000008001794                DMA1_Channel2_IRQHandler
                0x0000000008001794                TIM8_BRK_IRQHandler
                0x0000000008001794                CAN1_SCE_IRQHandler
                0x0000000008001794                FLASH_IRQHandler
                0x0000000008001794                USART1_IRQHandler
                0x0000000008001794                OTG_FS_IRQHandler
                0x0000000008001794                SPI3_IRQHandler
                0x0000000008001794                I2C1_ER_IRQHandler
                0x0000000008001794                FMC_IRQHandler
                0x0000000008001794                SWPMI1_IRQHandler
                0x0000000008001794                LPTIM1_IRQHandler
                0x0000000008001794                SAI1_IRQHandler
                0x0000000008001794                DMA2_Channel3_IRQHandler
                0x0000000008001794                TIM1_BRK_TIM15_IRQHandler
 *fill*         0x0000000008001796        0x2 
 .text.HAL_Init
                0x0000000008001798       0x40 ./Drivers/STM32L4xx_HAL_Driver/Src/stm32l4xx_hal.o
                0x0000000008001798                HAL_Init
 .text.HAL_InitTick
                0x00000000080017d8       0x78 ./Drivers/STM32L4xx_HAL_Driver/Src/stm32l4xx_hal.o
                0x00000000080017d8                HAL_InitTick
 .text.HAL_IncTick
                0x0000000008001850       0x28 ./Drivers/STM32L4xx_HAL_Driver/Src/stm32l4xx_hal.o
                0x0000000008001850                HAL_IncTick
 .text.HAL_GetTick
                0x0000000008001878       0x18 ./Drivers/STM32L4xx_HAL_Driver/Src/stm32l4xx_hal.o
                0x0000000008001878                HAL_GetTick
 .text.HAL_Delay
                0x0000000008001890       0x48 ./Drivers/STM32L4xx_HAL_Driver/Src/stm32l4xx_hal.o
                0x0000000008001890                HAL_Delay
 .text.__NVIC_SetPriorityGrouping
                0x00000000080018d8       0x48 ./Drivers/STM32L4xx_HAL_Driver/Src/stm32l4xx_hal_cortex.o
 .text.__NVIC_GetPriorityGrouping
                0x0000000008001920       0x1c ./Drivers/STM32L4xx_HAL_Driver/Src/stm32l4xx_hal_cortex.o
 .text.__NVIC_SetPriority
                0x000000000800193c       0x54 ./Drivers/STM32L4xx_HAL_Driver/Src/stm32l4xx_hal_cortex.o
 .text.NVIC_EncodePriority
                0x0000000008001990       0x66 ./Drivers/STM32L4xx_HAL_Driver/Src/stm32l4xx_hal_cortex.o
 *fill*         0x00000000080019f6        0x2 
 .text.SysTick_Config
                0x00000000080019f8       0x44 ./Drivers/STM32L4xx_HAL_Driver/Src/stm32l4xx_hal_cortex.o
 .text.HAL_NVIC_SetPriorityGrouping
                0x0000000008001a3c       0x16 ./Drivers/STM32L4xx_HAL_Driver/Src/stm32l4xx_hal_cortex.o
                0x0000000008001a3c                HAL_NVIC_SetPriorityGrouping
 .text.HAL_NVIC_SetPriority
                0x0000000008001a52       0x38 ./Drivers/STM32L4xx_HAL_Driver/Src/stm32l4xx_hal_cortex.o
                0x0000000008001a52                HAL_NVIC_SetPriority
 .text.HAL_SYSTICK_Config
                0x0000000008001a8a       0x18 ./Drivers/STM32L4xx_HAL_Driver/Src/stm32l4xx_hal_cortex.o
                0x0000000008001a8a                HAL_SYSTICK_Config
 *fill*         0x0000000008001aa2        0x2 
 .text.HAL_GPIO_Init
                0x0000000008001aa4      0x354 ./Drivers/STM32L4xx_HAL_Driver/Src/stm32l4xx_hal_gpio.o
                0x0000000008001aa4                HAL_GPIO_Init
 .text.HAL_GPIO_WritePin
                0x0000000008001df8       0x30 ./Drivers/STM32L4xx_HAL_Driver/Src/stm32l4xx_hal_gpio.o
                0x0000000008001df8                HAL_GPIO_WritePin
 .text.HAL_I2C_Init
                0x0000000008001e28      0x11e ./Drivers/STM32L4xx_HAL_Driver/Src/stm32l4xx_hal_i2c.o
                0x0000000008001e28                HAL_I2C_Init
 .text.HAL_I2CEx_ConfigAnalogFilter
                0x0000000008001f46       0x96 ./Drivers/STM32L4xx_HAL_Driver/Src/stm32l4xx_hal_i2c_ex.o
                0x0000000008001f46                HAL_I2CEx_ConfigAnalogFilter
 .text.HAL_I2CEx_ConfigDigitalFilter
                0x0000000008001fdc       0x98 ./Drivers/STM32L4xx_HAL_Driver/Src/stm32l4xx_hal_i2c_ex.o
                0x0000000008001fdc                HAL_I2CEx_ConfigDigitalFilter
 .text.HAL_IWDG_Init
                0x0000000008002074       0x9e ./Drivers/STM32L4xx_HAL_Driver/Src/stm32l4xx_hal_iwdg.o
                0x0000000008002074                HAL_IWDG_Init
 .text.HAL_IWDG_Refresh
                0x0000000008002112       0x20 ./Drivers/STM32L4xx_HAL_Driver/Src/stm32l4xx_hal_iwdg.o
                0x0000000008002112                HAL_IWDG_Refresh
 *fill*         0x0000000008002132        0x2 
 .text.HAL_LCD_Init
                0x0000000008002134      0x180 ./Drivers/STM32L4xx_HAL_Driver/Src/stm32l4xx_hal_lcd.o
                0x0000000008002134                HAL_LCD_Init
 .text.HAL_LCD_Write
                0x00000000080022b4       0xb6 ./Drivers/STM32L4xx_HAL_Driver/Src/stm32l4xx_hal_lcd.o
                0x00000000080022b4                HAL_LCD_Write
 .text.HAL_LCD_Clear
                0x000000000800236a       0xac ./Drivers/STM32L4xx_HAL_Driver/Src/stm32l4xx_hal_lcd.o
                0x000000000800236a                HAL_LCD_Clear
 .text.HAL_LCD_UpdateDisplayRequest
                0x0000000008002416       0x72 ./Drivers/STM32L4xx_HAL_Driver/Src/stm32l4xx_hal_lcd.o
                0x0000000008002416                HAL_LCD_UpdateDisplayRequest
 .text.LCD_WaitForSynchro
                0x0000000008002488       0x42 ./Drivers/STM32L4xx_HAL_Driver/Src/stm32l4xx_hal_lcd.o
                0x0000000008002488                LCD_WaitForSynchro
 *fill*         0x00000000080024ca        0x2 
 .text.HAL_PWR_EnableBkUpAccess
                0x00000000080024cc       0x20 ./Drivers/STM32L4xx_HAL_Driver/Src/stm32l4xx_hal_pwr.o
                0x00000000080024cc                HAL_PWR_EnableBkUpAccess
 .text.HAL_PWREx_GetVoltageRange
                0x00000000080024ec       0x1c ./Drivers/STM32L4xx_HAL_Driver/Src/stm32l4xx_hal_pwr_ex.o
                0x00000000080024ec                HAL_PWREx_GetVoltageRange
 .text.HAL_PWREx_ControlVoltageScaling
                0x0000000008002508       0xac ./Drivers/STM32L4xx_HAL_Driver/Src/stm32l4xx_hal_pwr_ex.o
                0x0000000008002508                HAL_PWREx_ControlVoltageScaling
 .text.HAL_QSPI_Init
                0x00000000080025b4       0xec ./Drivers/STM32L4xx_HAL_Driver/Src/stm32l4xx_hal_qspi.o
                0x00000000080025b4                HAL_QSPI_Init
 .text.HAL_QSPI_SetTimeout
                0x00000000080026a0       0x1c ./Drivers/STM32L4xx_HAL_Driver/Src/stm32l4xx_hal_qspi.o
                0x00000000080026a0                HAL_QSPI_SetTimeout
 .text.QSPI_WaitFlagStateUntilTimeout
                0x00000000080026bc       0x6e ./Drivers/STM32L4xx_HAL_Driver/Src/stm32l4xx_hal_qspi.o
 *fill*         0x000000000800272a        0x2 
 .text.HAL_RCC_OscConfig
                0x000000000800272c      0x7d0 ./Drivers/STM32L4xx_HAL_Driver/Src/stm32l4xx_hal_rcc.o
                0x000000000800272c                HAL_RCC_OscConfig
 .text.HAL_RCC_ClockConfig
                0x0000000008002efc      0x1c4 ./Drivers/STM32L4xx_HAL_Driver/Src/stm32l4xx_hal_rcc.o
                0x0000000008002efc                HAL_RCC_ClockConfig
 .text.HAL_RCC_GetSysClockFreq
                0x00000000080030c0      0x118 ./Drivers/STM32L4xx_HAL_Driver/Src/stm32l4xx_hal_rcc.o
                0x00000000080030c0                HAL_RCC_GetSysClockFreq
 .text.HAL_RCC_GetHCLKFreq
                0x00000000080031d8       0x18 ./Drivers/STM32L4xx_HAL_Driver/Src/stm32l4xx_hal_rcc.o
                0x00000000080031d8                HAL_RCC_GetHCLKFreq
 .text.HAL_RCC_GetPCLK1Freq
                0x00000000080031f0       0x2c ./Drivers/STM32L4xx_HAL_Driver/Src/stm32l4xx_hal_rcc.o
                0x00000000080031f0                HAL_RCC_GetPCLK1Freq
 .text.HAL_RCC_GetPCLK2Freq
                0x000000000800321c       0x2c ./Drivers/STM32L4xx_HAL_Driver/Src/stm32l4xx_hal_rcc.o
                0x000000000800321c                HAL_RCC_GetPCLK2Freq
 .text.RCC_SetFlashLatencyFromMSIRange
                0x0000000008003248       0xc0 ./Drivers/STM32L4xx_HAL_Driver/Src/stm32l4xx_hal_rcc.o
 .text.HAL_RCCEx_PeriphCLKConfig
                0x0000000008003308      0x5d4 ./Drivers/STM32L4xx_HAL_Driver/Src/stm32l4xx_hal_rcc_ex.o
                0x0000000008003308                HAL_RCCEx_PeriphCLKConfig
 .text.HAL_RCCEx_GetPeriphCLKFreq
                0x00000000080038dc      0xadc ./Drivers/STM32L4xx_HAL_Driver/Src/stm32l4xx_hal_rcc_ex.o
                0x00000000080038dc                HAL_RCCEx_GetPeriphCLKFreq
 .text.RCCEx_PLLSAI1_Config
                0x00000000080043b8      0x1e8 ./Drivers/STM32L4xx_HAL_Driver/Src/stm32l4xx_hal_rcc_ex.o
 .text.RCCEx_PLLSAI2_Config
                0x00000000080045a0      0x1bc ./Drivers/STM32L4xx_HAL_Driver/Src/stm32l4xx_hal_rcc_ex.o
 .text.RCCEx_GetSAIxPeriphCLKFreq
                0x000000000800475c      0x1e0 ./Drivers/STM32L4xx_HAL_Driver/Src/stm32l4xx_hal_rcc_ex.o
 .text.HAL_RTC_Init
                0x000000000800493c       0xf6 ./Drivers/STM32L4xx_HAL_Driver/Src/stm32l4xx_hal_rtc.o
                0x000000000800493c                HAL_RTC_Init
 .text.HAL_RTC_SetTime
                0x0000000008004a32      0x13a ./Drivers/STM32L4xx_HAL_Driver/Src/stm32l4xx_hal_rtc.o
                0x0000000008004a32                HAL_RTC_SetTime
 .text.HAL_RTC_SetDate
                0x0000000008004b6c      0x10e ./Drivers/STM32L4xx_HAL_Driver/Src/stm32l4xx_hal_rtc.o
                0x0000000008004b6c                HAL_RTC_SetDate
 .text.HAL_RTC_WaitForSynchro
                0x0000000008004c7a       0x4c ./Drivers/STM32L4xx_HAL_Driver/Src/stm32l4xx_hal_rtc.o
                0x0000000008004c7a                HAL_RTC_WaitForSynchro
 .text.RTC_EnterInitMode
                0x0000000008004cc6       0x66 ./Drivers/STM32L4xx_HAL_Driver/Src/stm32l4xx_hal_rtc.o
                0x0000000008004cc6                RTC_EnterInitMode
 .text.RTC_ExitInitMode
                0x0000000008004d2c       0x7c ./Drivers/STM32L4xx_HAL_Driver/Src/stm32l4xx_hal_rtc.o
                0x0000000008004d2c                RTC_ExitInitMode
 .text.RTC_ByteToBcd2
                0x0000000008004da8       0x40 ./Drivers/STM32L4xx_HAL_Driver/Src/stm32l4xx_hal_rtc.o
                0x0000000008004da8                RTC_ByteToBcd2
 .text.HAL_SAI_Init
                0x0000000008004de8      0x2e4 ./Drivers/STM32L4xx_HAL_Driver/Src/stm32l4xx_hal_sai.o
                0x0000000008004de8                HAL_SAI_Init
 .text.SAI_Disable
                0x00000000080050cc       0x74 ./Drivers/STM32L4xx_HAL_Driver/Src/stm32l4xx_hal_sai.o
 .text.HAL_SPI_Init
                0x0000000008005140      0x146 ./Drivers/STM32L4xx_HAL_Driver/Src/stm32l4xx_hal_spi.o
                0x0000000008005140                HAL_SPI_Init
 .text.HAL_UART_Init
                0x0000000008005286       0x9c ./Drivers/STM32L4xx_HAL_Driver/Src/stm32l4xx_hal_uart.o
                0x0000000008005286                HAL_UART_Init
 *fill*         0x0000000008005322        0x2 
 .text.UART_SetConfig
                0x0000000008005324      0x570 ./Drivers/STM32L4xx_HAL_Driver/Src/stm32l4xx_hal_uart.o
                0x0000000008005324                UART_SetConfig
 .text.UART_AdvFeatureConfig
                0x0000000008005894      0x144 ./Drivers/STM32L4xx_HAL_Driver/Src/stm32l4xx_hal_uart.o
                0x0000000008005894                UART_AdvFeatureConfig
 .text.UART_CheckIdleState
                0x00000000080059d8       0x92 ./Drivers/STM32L4xx_HAL_Driver/Src/stm32l4xx_hal_uart.o
                0x00000000080059d8                UART_CheckIdleState
 .text.UART_WaitOnFlagUntilTimeout
                0x0000000008005a6a      0x188 ./Drivers/STM32L4xx_HAL_Driver/Src/stm32l4xx_hal_uart.o
                0x0000000008005a6a                UART_WaitOnFlagUntilTimeout
 *fill*         0x0000000008005bf2        0x2 
 .text.__libc_init_array
                0x0000000008005bf4       0x48 c:/st/stm32cubeide_1.9.0/stm32cubeide/plugins/com.st.stm32cube.ide.mcu.externaltools.gnu-tools-for-stm32.10.3-2021.10.win32_1.0.0.202111181127/tools/bin/../lib/gcc/arm-none-eabi/10.3.1/../../../../arm-none-eabi/lib/thumb/v7e-m+fp/hard\libc_nano.a(lib_a-init.o)
                0x0000000008005bf4                __libc_init_array
 .text.memset   0x0000000008005c3c       0x10 c:/st/stm32cubeide_1.9.0/stm32cubeide/plugins/com.st.stm32cube.ide.mcu.externaltools.gnu-tools-for-stm32.10.3-2021.10.win32_1.0.0.202111181127/tools/bin/../lib/gcc/arm-none-eabi/10.3.1/../../../../arm-none-eabi/lib/thumb/v7e-m+fp/hard\libc_nano.a(lib_a-memset.o)
                0x0000000008005c3c                memset
 *(.glue_7)
 .glue_7        0x0000000008005c4c        0x0 linker stubs
 *(.glue_7t)
 .glue_7t       0x0000000008005c4c        0x0 linker stubs
 *(.eh_frame)
 .eh_frame      0x0000000008005c4c        0x0 c:/st/stm32cubeide_1.9.0/stm32cubeide/plugins/com.st.stm32cube.ide.mcu.externaltools.gnu-tools-for-stm32.10.3-2021.10.win32_1.0.0.202111181127/tools/bin/../lib/gcc/arm-none-eabi/10.3.1/thumb/v7e-m+fp/hard/crtbegin.o
 *(.init)
 .init          0x0000000008005c4c        0x4 c:/st/stm32cubeide_1.9.0/stm32cubeide/plugins/com.st.stm32cube.ide.mcu.externaltools.gnu-tools-for-stm32.10.3-2021.10.win32_1.0.0.202111181127/tools/bin/../lib/gcc/arm-none-eabi/10.3.1/thumb/v7e-m+fp/hard/crti.o
                0x0000000008005c4c                _init
 .init          0x0000000008005c50        0x8 c:/st/stm32cubeide_1.9.0/stm32cubeide/plugins/com.st.stm32cube.ide.mcu.externaltools.gnu-tools-for-stm32.10.3-2021.10.win32_1.0.0.202111181127/tools/bin/../lib/gcc/arm-none-eabi/10.3.1/thumb/v7e-m+fp/hard/crtn.o
 *(.fini)
 .fini          0x0000000008005c58        0x4 c:/st/stm32cubeide_1.9.0/stm32cubeide/plugins/com.st.stm32cube.ide.mcu.externaltools.gnu-tools-for-stm32.10.3-2021.10.win32_1.0.0.202111181127/tools/bin/../lib/gcc/arm-none-eabi/10.3.1/thumb/v7e-m+fp/hard/crti.o
                0x0000000008005c58                _fini
 .fini          0x0000000008005c5c        0x8 c:/st/stm32cubeide_1.9.0/stm32cubeide/plugins/com.st.stm32cube.ide.mcu.externaltools.gnu-tools-for-stm32.10.3-2021.10.win32_1.0.0.202111181127/tools/bin/../lib/gcc/arm-none-eabi/10.3.1/thumb/v7e-m+fp/hard/crtn.o
                0x0000000008005c64                . = ALIGN (0x4)
                0x0000000008005c64                _etext = .

.vfp11_veneer   0x0000000008005c64        0x0
 .vfp11_veneer  0x0000000008005c64        0x0 linker stubs

.v4_bx          0x0000000008005c64        0x0
 .v4_bx         0x0000000008005c64        0x0 linker stubs

.iplt           0x0000000008005c64        0x0
 .iplt          0x0000000008005c64        0x0 c:/st/stm32cubeide_1.9.0/stm32cubeide/plugins/com.st.stm32cube.ide.mcu.externaltools.gnu-tools-for-stm32.10.3-2021.10.win32_1.0.0.202111181127/tools/bin/../lib/gcc/arm-none-eabi/10.3.1/thumb/v7e-m+fp/hard/crtbegin.o

.rodata         0x0000000008005c64       0x48
                0x0000000008005c64                . = ALIGN (0x4)
 *(.rodata)
 *(.rodata*)
 .rodata.AHBPrescTable
                0x0000000008005c64       0x10 ./Core/Src/system_stm32l4xx.o
                0x0000000008005c64                AHBPrescTable
 .rodata.APBPrescTable
                0x0000000008005c74        0x8 ./Core/Src/system_stm32l4xx.o
                0x0000000008005c74                APBPrescTable
 .rodata.MSIRangeTable
                0x0000000008005c7c       0x30 ./Core/Src/system_stm32l4xx.o
                0x0000000008005c7c                MSIRangeTable
                0x0000000008005cac                . = ALIGN (0x4)

.ARM.extab      0x0000000008005cac        0x0
                0x0000000008005cac                . = ALIGN (0x4)
 *(.ARM.extab* .gnu.linkonce.armextab.*)
                0x0000000008005cac                . = ALIGN (0x4)

.ARM            0x0000000008005cac        0x8
                0x0000000008005cac                . = ALIGN (0x4)
                0x0000000008005cac                __exidx_start = .
 *(.ARM.exidx*)
 .ARM.exidx     0x0000000008005cac        0x8 c:/st/stm32cubeide_1.9.0/stm32cubeide/plugins/com.st.stm32cube.ide.mcu.externaltools.gnu-tools-for-stm32.10.3-2021.10.win32_1.0.0.202111181127/tools/bin/../lib/gcc/arm-none-eabi/10.3.1/thumb/v7e-m+fp/hard\libgcc.a(_udivmoddi4.o)
                0x0000000008005cb4                __exidx_end = .
                0x0000000008005cb4                . = ALIGN (0x4)

.rel.dyn        0x0000000008005cb4        0x0
 .rel.iplt      0x0000000008005cb4        0x0 c:/st/stm32cubeide_1.9.0/stm32cubeide/plugins/com.st.stm32cube.ide.mcu.externaltools.gnu-tools-for-stm32.10.3-2021.10.win32_1.0.0.202111181127/tools/bin/../lib/gcc/arm-none-eabi/10.3.1/thumb/v7e-m+fp/hard/crtbegin.o

.preinit_array  0x0000000008005cb4        0x0
                0x0000000008005cb4                . = ALIGN (0x4)
                0x0000000008005cb4                PROVIDE (__preinit_array_start = .)
 *(.preinit_array*)
                0x0000000008005cb4                PROVIDE (__preinit_array_end = .)
                0x0000000008005cb4                . = ALIGN (0x4)

.init_array     0x0000000008005cb4        0x4
                0x0000000008005cb4                . = ALIGN (0x4)
                0x0000000008005cb4                PROVIDE (__init_array_start = .)
 *(SORT_BY_NAME(.init_array.*))
 *(.init_array*)
 .init_array    0x0000000008005cb4        0x4 c:/st/stm32cubeide_1.9.0/stm32cubeide/plugins/com.st.stm32cube.ide.mcu.externaltools.gnu-tools-for-stm32.10.3-2021.10.win32_1.0.0.202111181127/tools/bin/../lib/gcc/arm-none-eabi/10.3.1/thumb/v7e-m+fp/hard/crtbegin.o
                0x0000000008005cb8                PROVIDE (__init_array_end = .)
                0x0000000008005cb8                . = ALIGN (0x4)

.fini_array     0x0000000008005cb8        0x4
                0x0000000008005cb8                . = ALIGN (0x4)
                [!provide]                        PROVIDE (__fini_array_start = .)
 *(SORT_BY_NAME(.fini_array.*))
 *(.fini_array*)
 .fini_array    0x0000000008005cb8        0x4 c:/st/stm32cubeide_1.9.0/stm32cubeide/plugins/com.st.stm32cube.ide.mcu.externaltools.gnu-tools-for-stm32.10.3-2021.10.win32_1.0.0.202111181127/tools/bin/../lib/gcc/arm-none-eabi/10.3.1/thumb/v7e-m+fp/hard/crtbegin.o
                [!provide]                        PROVIDE (__fini_array_end = .)
                0x0000000008005cbc                . = ALIGN (0x4)
                0x0000000008005cbc                _sidata = LOADADDR (.data)

.data           0x0000000020000000        0xc load address 0x0000000008005cbc
                0x0000000020000000                . = ALIGN (0x4)
                0x0000000020000000                _sdata = .
 *(.data)
 *(.data*)
 .data.SystemCoreClock
                0x0000000020000000        0x4 ./Core/Src/system_stm32l4xx.o
                0x0000000020000000                SystemCoreClock
 .data.uwTickPrio
                0x0000000020000004        0x4 ./Drivers/STM32L4xx_HAL_Driver/Src/stm32l4xx_hal.o
                0x0000000020000004                uwTickPrio
 .data.uwTickFreq
                0x0000000020000008        0x1 ./Drivers/STM32L4xx_HAL_Driver/Src/stm32l4xx_hal.o
                0x0000000020000008                uwTickFreq
 *(.RamFunc)
 *(.RamFunc*)
                0x000000002000000c                . = ALIGN (0x4)
 *fill*         0x0000000020000009        0x3 
                0x000000002000000c                _edata = .

.igot.plt       0x000000002000000c        0x0 load address 0x0000000008005cc8
 .igot.plt      0x000000002000000c        0x0 c:/st/stm32cubeide_1.9.0/stm32cubeide/plugins/com.st.stm32cube.ide.mcu.externaltools.gnu-tools-for-stm32.10.3-2021.10.win32_1.0.0.202111181127/tools/bin/../lib/gcc/arm-none-eabi/10.3.1/thumb/v7e-m+fp/hard/crtbegin.o
                0x000000002000000c                . = ALIGN (0x4)

.bss            0x000000002000000c      0x360 load address 0x0000000008005cc8
                0x000000002000000c                _sbss = .
                0x000000002000000c                __bss_start__ = _sbss
 *(.bss)
 .bss           0x000000002000000c       0x1c c:/st/stm32cubeide_1.9.0/stm32cubeide/plugins/com.st.stm32cube.ide.mcu.externaltools.gnu-tools-for-stm32.10.3-2021.10.win32_1.0.0.202111181127/tools/bin/../lib/gcc/arm-none-eabi/10.3.1/thumb/v7e-m+fp/hard/crtbegin.o
 *(.bss*)
 .bss.hi2c1     0x0000000020000028       0x4c ./Core/Src/i2c.o
                0x0000000020000028                hi2c1
 .bss.hi2c2     0x0000000020000074       0x4c ./Core/Src/i2c.o
                0x0000000020000074                hi2c2
 .bss.hiwdg     0x00000000200000c0       0x10 ./Core/Src/iwdg.o
                0x00000000200000c0                hiwdg
 .bss.hqspi     0x00000000200000d0       0x44 ./Core/Src/quadspi.o
                0x00000000200000d0                hqspi
 .bss.hrtc      0x0000000020000114       0x24 ./Core/Src/rtc.o
                0x0000000020000114                hrtc
 .bss.hsai_BlockA1
                0x0000000020000138       0x84 ./Core/Src/sai.o
                0x0000000020000138                hsai_BlockA1
 .bss.hsai_BlockB1
                0x00000000200001bc       0x84 ./Core/Src/sai.o
                0x00000000200001bc                hsai_BlockB1
 .bss.SAI1_client
                0x0000000020000240        0x4 ./Core/Src/sai.o
 .bss.hspi2     0x0000000020000244       0x64 ./Core/Src/spi.o
                0x0000000020000244                hspi2
 .bss.LCDHandle
                0x00000000200002a8       0x3c ./Core/Src/stm32l476g_discovery_glass_lcd.o
                0x00000000200002a8                LCDHandle
 .bss.huart2    0x00000000200002e4       0x84 ./Core/Src/usart.o
                0x00000000200002e4                huart2
 .bss.uwTick    0x0000000020000368        0x4 ./Drivers/STM32L4xx_HAL_Driver/Src/stm32l4xx_hal.o
                0x0000000020000368                uwTick
 *(COMMON)
                0x000000002000036c                . = ALIGN (0x4)
                0x000000002000036c                _ebss = .
                0x000000002000036c                __bss_end__ = _ebss

._user_heap_stack
                0x000000002000036c      0x604 load address 0x0000000008005cc8
                0x0000000020000370                . = ALIGN (0x8)
 *fill*         0x000000002000036c        0x4 
                [!provide]                        PROVIDE (end = .)
                0x0000000020000370                PROVIDE (_end = .)
                0x0000000020000570                . = (. + _Min_Heap_Size)
 *fill*         0x0000000020000370      0x200 
                0x0000000020000970                . = (. + _Min_Stack_Size)
 *fill*         0x0000000020000570      0x400 
                0x0000000020000970                . = ALIGN (0x8)

/DISCARD/
 libc.a(*)
 libm.a(*)
 libgcc.a(*)

.ARM.attributes
                0x0000000000000000       0x30
 *(.ARM.attributes)
 .ARM.attributes
                0x0000000000000000       0x1e c:/st/stm32cubeide_1.9.0/stm32cubeide/plugins/com.st.stm32cube.ide.mcu.externaltools.gnu-tools-for-stm32.10.3-2021.10.win32_1.0.0.202111181127/tools/bin/../lib/gcc/arm-none-eabi/10.3.1/thumb/v7e-m+fp/hard/crti.o
 .ARM.attributes
                0x000000000000001e       0x34 c:/st/stm32cubeide_1.9.0/stm32cubeide/plugins/com.st.stm32cube.ide.mcu.externaltools.gnu-tools-for-stm32.10.3-2021.10.win32_1.0.0.202111181127/tools/bin/../lib/gcc/arm-none-eabi/10.3.1/thumb/v7e-m+fp/hard/crtbegin.o
 .ARM.attributes
                0x0000000000000052       0x34 ./Core/Src/gpio.o
 .ARM.attributes
                0x0000000000000086       0x34 ./Core/Src/i2c.o
 .ARM.attributes
                0x00000000000000ba       0x34 ./Core/Src/iwdg.o
 .ARM.attributes
                0x00000000000000ee       0x34 ./Core/Src/lcd.o
 .ARM.attributes
                0x0000000000000122       0x34 ./Core/Src/main.o
 .ARM.attributes
                0x0000000000000156       0x34 ./Core/Src/quadspi.o
 .ARM.attributes
                0x000000000000018a       0x34 ./Core/Src/rtc.o
 .ARM.attributes
                0x00000000000001be       0x34 ./Core/Src/sai.o
 .ARM.attributes
                0x00000000000001f2       0x34 ./Core/Src/spi.o
 .ARM.attributes
                0x0000000000000226       0x34 ./Core/Src/stm32l476g_discovery_glass_lcd.o
 .ARM.attributes
                0x000000000000025a       0x34 ./Core/Src/stm32l4xx_hal_msp.o
 .ARM.attributes
                0x000000000000028e       0x34 ./Core/Src/stm32l4xx_it.o
 .ARM.attributes
                0x00000000000002c2       0x34 ./Core/Src/system_stm32l4xx.o
 .ARM.attributes
                0x00000000000002f6       0x34 ./Core/Src/usart.o
 .ARM.attributes
                0x000000000000032a       0x21 ./Core/Startup/startup_stm32l476vgtx.o
 .ARM.attributes
                0x000000000000034b       0x34 ./Drivers/STM32L4xx_HAL_Driver/Src/stm32l4xx_hal.o
 .ARM.attributes
                0x000000000000037f       0x34 ./Drivers/STM32L4xx_HAL_Driver/Src/stm32l4xx_hal_cortex.o
 .ARM.attributes
                0x00000000000003b3       0x34 ./Drivers/STM32L4xx_HAL_Driver/Src/stm32l4xx_hal_gpio.o
 .ARM.attributes
                0x00000000000003e7       0x34 ./Drivers/STM32L4xx_HAL_Driver/Src/stm32l4xx_hal_i2c.o
 .ARM.attributes
                0x000000000000041b       0x34 ./Drivers/STM32L4xx_HAL_Driver/Src/stm32l4xx_hal_i2c_ex.o
 .ARM.attributes
                0x000000000000044f       0x34 ./Drivers/STM32L4xx_HAL_Driver/Src/stm32l4xx_hal_iwdg.o
 .ARM.attributes
                0x0000000000000483       0x34 ./Drivers/STM32L4xx_HAL_Driver/Src/stm32l4xx_hal_lcd.o
 .ARM.attributes
                0x00000000000004b7       0x34 ./Drivers/STM32L4xx_HAL_Driver/Src/stm32l4xx_hal_pwr.o
 .ARM.attributes
                0x00000000000004eb       0x34 ./Drivers/STM32L4xx_HAL_Driver/Src/stm32l4xx_hal_pwr_ex.o
 .ARM.attributes
                0x000000000000051f       0x34 ./Drivers/STM32L4xx_HAL_Driver/Src/stm32l4xx_hal_qspi.o
 .ARM.attributes
                0x0000000000000553       0x34 ./Drivers/STM32L4xx_HAL_Driver/Src/stm32l4xx_hal_rcc.o
 .ARM.attributes
                0x0000000000000587       0x34 ./Drivers/STM32L4xx_HAL_Driver/Src/stm32l4xx_hal_rcc_ex.o
 .ARM.attributes
                0x00000000000005bb       0x34 ./Drivers/STM32L4xx_HAL_Driver/Src/stm32l4xx_hal_rtc.o
 .ARM.attributes
                0x00000000000005ef       0x34 ./Drivers/STM32L4xx_HAL_Driver/Src/stm32l4xx_hal_sai.o
 .ARM.attributes
                0x0000000000000623       0x34 ./Drivers/STM32L4xx_HAL_Driver/Src/stm32l4xx_hal_spi.o
 .ARM.attributes
                0x0000000000000657       0x34 ./Drivers/STM32L4xx_HAL_Driver/Src/stm32l4xx_hal_uart.o
 .ARM.attributes
                0x000000000000068b       0x34 c:/st/stm32cubeide_1.9.0/stm32cubeide/plugins/com.st.stm32cube.ide.mcu.externaltools.gnu-tools-for-stm32.10.3-2021.10.win32_1.0.0.202111181127/tools/bin/../lib/gcc/arm-none-eabi/10.3.1/../../../../arm-none-eabi/lib/thumb/v7e-m+fp/hard\libc_nano.a(lib_a-init.o)
 .ARM.attributes
                0x00000000000006bf       0x34 c:/st/stm32cubeide_1.9.0/stm32cubeide/plugins/com.st.stm32cube.ide.mcu.externaltools.gnu-tools-for-stm32.10.3-2021.10.win32_1.0.0.202111181127/tools/bin/../lib/gcc/arm-none-eabi/10.3.1/../../../../arm-none-eabi/lib/thumb/v7e-m+fp/hard\libc_nano.a(lib_a-memset.o)
 .ARM.attributes
                0x00000000000006f3       0x1e c:/st/stm32cubeide_1.9.0/stm32cubeide/plugins/com.st.stm32cube.ide.mcu.externaltools.gnu-tools-for-stm32.10.3-2021.10.win32_1.0.0.202111181127/tools/bin/../lib/gcc/arm-none-eabi/10.3.1/thumb/v7e-m+fp/hard\libgcc.a(_aeabi_uldivmod.o)
 .ARM.attributes
                0x0000000000000711       0x34 c:/st/stm32cubeide_1.9.0/stm32cubeide/plugins/com.st.stm32cube.ide.mcu.externaltools.gnu-tools-for-stm32.10.3-2021.10.win32_1.0.0.202111181127/tools/bin/../lib/gcc/arm-none-eabi/10.3.1/thumb/v7e-m+fp/hard\libgcc.a(_udivmoddi4.o)
 .ARM.attributes
                0x0000000000000745       0x1e c:/st/stm32cubeide_1.9.0/stm32cubeide/plugins/com.st.stm32cube.ide.mcu.externaltools.gnu-tools-for-stm32.10.3-2021.10.win32_1.0.0.202111181127/tools/bin/../lib/gcc/arm-none-eabi/10.3.1/thumb/v7e-m+fp/hard\libgcc.a(_dvmd_tls.o)
 .ARM.attributes
                0x0000000000000763       0x1e c:/st/stm32cubeide_1.9.0/stm32cubeide/plugins/com.st.stm32cube.ide.mcu.externaltools.gnu-tools-for-stm32.10.3-2021.10.win32_1.0.0.202111181127/tools/bin/../lib/gcc/arm-none-eabi/10.3.1/thumb/v7e-m+fp/hard/crtn.o
OUTPUT(SR_projekt.elf elf32-littlearm)
LOAD linker stubs
LOAD c:/st/stm32cubeide_1.9.0/stm32cubeide/plugins/com.st.stm32cube.ide.mcu.externaltools.gnu-tools-for-stm32.10.3-2021.10.win32_1.0.0.202111181127/tools/bin/../lib/gcc/arm-none-eabi/10.3.1/../../../../arm-none-eabi/lib/thumb/v7e-m+fp/hard\libc.a
LOAD c:/st/stm32cubeide_1.9.0/stm32cubeide/plugins/com.st.stm32cube.ide.mcu.externaltools.gnu-tools-for-stm32.10.3-2021.10.win32_1.0.0.202111181127/tools/bin/../lib/gcc/arm-none-eabi/10.3.1/../../../../arm-none-eabi/lib/thumb/v7e-m+fp/hard\libm.a
LOAD c:/st/stm32cubeide_1.9.0/stm32cubeide/plugins/com.st.stm32cube.ide.mcu.externaltools.gnu-tools-for-stm32.10.3-2021.10.win32_1.0.0.202111181127/tools/bin/../lib/gcc/arm-none-eabi/10.3.1/thumb/v7e-m+fp/hard\libgcc.a

.debug_info     0x0000000000000000    0x18820
 .debug_info    0x0000000000000000      0x541 ./Core/Src/gpio.o
 .debug_info    0x0000000000000541      0xd63 ./Core/Src/i2c.o
 .debug_info    0x00000000000012a4      0x1e5 ./Core/Src/iwdg.o
 .debug_info    0x0000000000001489      0x9f3 ./Core/Src/lcd.o
 .debug_info    0x0000000000001e7c      0x992 ./Core/Src/main.o
 .debug_info    0x000000000000280e      0x9f4 ./Core/Src/quadspi.o
 .debug_info    0x0000000000003202      0xb34 ./Core/Src/rtc.o
 .debug_info    0x0000000000003d36      0xb15 ./Core/Src/sai.o
 .debug_info    0x000000000000484b      0xa39 ./Core/Src/spi.o
 .debug_info    0x0000000000005284     0x1173 ./Core/Src/stm32l476g_discovery_glass_lcd.o
 .debug_info    0x00000000000063f7      0x308 ./Core/Src/stm32l4xx_hal_msp.o
 .debug_info    0x00000000000066ff      0x122 ./Core/Src/stm32l4xx_it.o
 .debug_info    0x0000000000006821      0x5c6 ./Core/Src/system_stm32l4xx.o
 .debug_info    0x0000000000006de7      0xd51 ./Core/Src/usart.o
 .debug_info    0x0000000000007b38       0x22 ./Core/Startup/startup_stm32l476vgtx.o
 .debug_info    0x0000000000007b5a      0xc57 ./Drivers/STM32L4xx_HAL_Driver/Src/stm32l4xx_hal.o
 .debug_info    0x00000000000087b1      0xe21 ./Drivers/STM32L4xx_HAL_Driver/Src/stm32l4xx_hal_cortex.o
 .debug_info    0x00000000000095d2      0x821 ./Drivers/STM32L4xx_HAL_Driver/Src/stm32l4xx_hal_gpio.o
 .debug_info    0x0000000000009df3     0x21d0 ./Drivers/STM32L4xx_HAL_Driver/Src/stm32l4xx_hal_i2c.o
 .debug_info    0x000000000000bfc3      0xa2b ./Drivers/STM32L4xx_HAL_Driver/Src/stm32l4xx_hal_i2c_ex.o
 .debug_info    0x000000000000c9ee      0x209 ./Drivers/STM32L4xx_HAL_Driver/Src/stm32l4xx_hal_iwdg.o
 .debug_info    0x000000000000cbf7      0x56f ./Drivers/STM32L4xx_HAL_Driver/Src/stm32l4xx_hal_lcd.o
 .debug_info    0x000000000000d166      0x950 ./Drivers/STM32L4xx_HAL_Driver/Src/stm32l4xx_hal_pwr.o
 .debug_info    0x000000000000dab6      0x9f0 ./Drivers/STM32L4xx_HAL_Driver/Src/stm32l4xx_hal_pwr_ex.o
 .debug_info    0x000000000000e4a6     0x124f ./Drivers/STM32L4xx_HAL_Driver/Src/stm32l4xx_hal_qspi.o
 .debug_info    0x000000000000f6f5      0xced ./Drivers/STM32L4xx_HAL_Driver/Src/stm32l4xx_hal_rcc.o
 .debug_info    0x00000000000103e2      0xe92 ./Drivers/STM32L4xx_HAL_Driver/Src/stm32l4xx_hal_rcc_ex.o
 .debug_info    0x0000000000011274      0xea7 ./Drivers/STM32L4xx_HAL_Driver/Src/stm32l4xx_hal_rtc.o
 .debug_info    0x000000000001211b     0x1280 ./Drivers/STM32L4xx_HAL_Driver/Src/stm32l4xx_hal_sai.o
 .debug_info    0x000000000001339b     0x1782 ./Drivers/STM32L4xx_HAL_Driver/Src/stm32l4xx_hal_spi.o
 .debug_info    0x0000000000014b1d     0x3d03 ./Drivers/STM32L4xx_HAL_Driver/Src/stm32l4xx_hal_uart.o

.debug_abbrev   0x0000000000000000     0x38d0
 .debug_abbrev  0x0000000000000000      0x146 ./Core/Src/gpio.o
 .debug_abbrev  0x0000000000000146      0x202 ./Core/Src/i2c.o
 .debug_abbrev  0x0000000000000348      0x135 ./Core/Src/iwdg.o
 .debug_abbrev  0x000000000000047d      0x1bf ./Core/Src/lcd.o
 .debug_abbrev  0x000000000000063c      0x223 ./Core/Src/main.o
 .debug_abbrev  0x000000000000085f      0x1e0 ./Core/Src/quadspi.o
 .debug_abbrev  0x0000000000000a3f      0x18f ./Core/Src/rtc.o
 .debug_abbrev  0x0000000000000bce      0x1e7 ./Core/Src/sai.o
 .debug_abbrev  0x0000000000000db5      0x1e0 ./Core/Src/spi.o
 .debug_abbrev  0x0000000000000f95      0x252 ./Core/Src/stm32l476g_discovery_glass_lcd.o
 .debug_abbrev  0x00000000000011e7       0xc2 ./Core/Src/stm32l4xx_hal_msp.o
 .debug_abbrev  0x00000000000012a9       0x74 ./Core/Src/stm32l4xx_it.o
 .debug_abbrev  0x000000000000131d      0x116 ./Core/Src/system_stm32l4xx.o
 .debug_abbrev  0x0000000000001433      0x1e7 ./Core/Src/usart.o
 .debug_abbrev  0x000000000000161a       0x12 ./Core/Startup/startup_stm32l476vgtx.o
 .debug_abbrev  0x000000000000162c      0x23a ./Drivers/STM32L4xx_HAL_Driver/Src/stm32l4xx_hal.o
 .debug_abbrev  0x0000000000001866      0x316 ./Drivers/STM32L4xx_HAL_Driver/Src/stm32l4xx_hal_cortex.o
 .debug_abbrev  0x0000000000001b7c      0x1bb ./Drivers/STM32L4xx_HAL_Driver/Src/stm32l4xx_hal_gpio.o
 .debug_abbrev  0x0000000000001d37      0x243 ./Drivers/STM32L4xx_HAL_Driver/Src/stm32l4xx_hal_i2c.o
 .debug_abbrev  0x0000000000001f7a      0x1b0 ./Drivers/STM32L4xx_HAL_Driver/Src/stm32l4xx_hal_i2c_ex.o
 .debug_abbrev  0x000000000000212a      0x14a ./Drivers/STM32L4xx_HAL_Driver/Src/stm32l4xx_hal_iwdg.o
 .debug_abbrev  0x0000000000002274      0x1b0 ./Drivers/STM32L4xx_HAL_Driver/Src/stm32l4xx_hal_lcd.o
 .debug_abbrev  0x0000000000002424      0x1c9 ./Drivers/STM32L4xx_HAL_Driver/Src/stm32l4xx_hal_pwr.o
 .debug_abbrev  0x00000000000025ed      0x1f3 ./Drivers/STM32L4xx_HAL_Driver/Src/stm32l4xx_hal_pwr_ex.o
 .debug_abbrev  0x00000000000027e0      0x238 ./Drivers/STM32L4xx_HAL_Driver/Src/stm32l4xx_hal_qspi.o
 .debug_abbrev  0x0000000000002a18      0x2bd ./Drivers/STM32L4xx_HAL_Driver/Src/stm32l4xx_hal_rcc.o
 .debug_abbrev  0x0000000000002cd5      0x299 ./Drivers/STM32L4xx_HAL_Driver/Src/stm32l4xx_hal_rcc_ex.o
 .debug_abbrev  0x0000000000002f6e      0x1f2 ./Drivers/STM32L4xx_HAL_Driver/Src/stm32l4xx_hal_rtc.o
 .debug_abbrev  0x0000000000003160      0x260 ./Drivers/STM32L4xx_HAL_Driver/Src/stm32l4xx_hal_sai.o
 .debug_abbrev  0x00000000000033c0      0x254 ./Drivers/STM32L4xx_HAL_Driver/Src/stm32l4xx_hal_spi.o
 .debug_abbrev  0x0000000000003614      0x2bc ./Drivers/STM32L4xx_HAL_Driver/Src/stm32l4xx_hal_uart.o

.debug_aranges  0x0000000000000000     0x1450
 .debug_aranges
                0x0000000000000000       0x20 ./Core/Src/gpio.o
 .debug_aranges
                0x0000000000000020       0x38 ./Core/Src/i2c.o
 .debug_aranges
                0x0000000000000058       0x20 ./Core/Src/iwdg.o
 .debug_aranges
                0x0000000000000078       0x30 ./Core/Src/lcd.o
 .debug_aranges
                0x00000000000000a8       0x40 ./Core/Src/main.o
 .debug_aranges
                0x00000000000000e8       0x30 ./Core/Src/quadspi.o
 .debug_aranges
                0x0000000000000118       0x30 ./Core/Src/rtc.o
 .debug_aranges
                0x0000000000000148       0x30 ./Core/Src/sai.o
 .debug_aranges
                0x0000000000000178       0x30 ./Core/Src/spi.o
 .debug_aranges
                0x00000000000001a8       0x98 ./Core/Src/stm32l476g_discovery_glass_lcd.o
 .debug_aranges
                0x0000000000000240       0x20 ./Core/Src/stm32l4xx_hal_msp.o
 .debug_aranges
                0x0000000000000260       0x60 ./Core/Src/stm32l4xx_it.o
 .debug_aranges
                0x00000000000002c0       0x28 ./Core/Src/system_stm32l4xx.o
 .debug_aranges
                0x00000000000002e8       0x30 ./Core/Src/usart.o
 .debug_aranges
                0x0000000000000318       0x28 ./Core/Startup/startup_stm32l476vgtx.o
 .debug_aranges
                0x0000000000000340      0x130 ./Drivers/STM32L4xx_HAL_Driver/Src/stm32l4xx_hal.o
 .debug_aranges
                0x0000000000000470      0x118 ./Drivers/STM32L4xx_HAL_Driver/Src/stm32l4xx_hal_cortex.o
 .debug_aranges
                0x0000000000000588       0x58 ./Drivers/STM32L4xx_HAL_Driver/Src/stm32l4xx_hal_gpio.o
 .debug_aranges
                0x00000000000005e0      0x290 ./Drivers/STM32L4xx_HAL_Driver/Src/stm32l4xx_hal_i2c.o
 .debug_aranges
                0x0000000000000870       0x48 ./Drivers/STM32L4xx_HAL_Driver/Src/stm32l4xx_hal_i2c_ex.o
 .debug_aranges
                0x00000000000008b8       0x28 ./Drivers/STM32L4xx_HAL_Driver/Src/stm32l4xx_hal_iwdg.o
 .debug_aranges
                0x00000000000008e0       0x68 ./Drivers/STM32L4xx_HAL_Driver/Src/stm32l4xx_hal_lcd.o
 .debug_aranges
                0x0000000000000948       0x98 ./Drivers/STM32L4xx_HAL_Driver/Src/stm32l4xx_hal_pwr.o
 .debug_aranges
                0x00000000000009e0      0x160 ./Drivers/STM32L4xx_HAL_Driver/Src/stm32l4xx_hal_pwr_ex.o
 .debug_aranges
                0x0000000000000b40      0x160 ./Drivers/STM32L4xx_HAL_Driver/Src/stm32l4xx_hal_qspi.o
 .debug_aranges
                0x0000000000000ca0       0x90 ./Drivers/STM32L4xx_HAL_Driver/Src/stm32l4xx_hal_rcc.o
 .debug_aranges
                0x0000000000000d30       0xc0 ./Drivers/STM32L4xx_HAL_Driver/Src/stm32l4xx_hal_rcc_ex.o
 .debug_aranges
                0x0000000000000df0       0xe8 ./Drivers/STM32L4xx_HAL_Driver/Src/stm32l4xx_hal_rtc.o
 .debug_aranges
                0x0000000000000ed8      0x178 ./Drivers/STM32L4xx_HAL_Driver/Src/stm32l4xx_hal_sai.o
 .debug_aranges
                0x0000000000001050      0x1d8 ./Drivers/STM32L4xx_HAL_Driver/Src/stm32l4xx_hal_spi.o
 .debug_aranges
                0x0000000000001228      0x228 ./Drivers/STM32L4xx_HAL_Driver/Src/stm32l4xx_hal_uart.o

.debug_ranges   0x0000000000000000     0x12b0
 .debug_ranges  0x0000000000000000       0x10 ./Core/Src/gpio.o
 .debug_ranges  0x0000000000000010       0x28 ./Core/Src/i2c.o
 .debug_ranges  0x0000000000000038       0x10 ./Core/Src/iwdg.o
 .debug_ranges  0x0000000000000048       0x20 ./Core/Src/lcd.o
 .debug_ranges  0x0000000000000068       0x30 ./Core/Src/main.o
 .debug_ranges  0x0000000000000098       0x20 ./Core/Src/quadspi.o
 .debug_ranges  0x00000000000000b8       0x20 ./Core/Src/rtc.o
 .debug_ranges  0x00000000000000d8       0x20 ./Core/Src/sai.o
 .debug_ranges  0x00000000000000f8       0x20 ./Core/Src/spi.o
 .debug_ranges  0x0000000000000118       0x88 ./Core/Src/stm32l476g_discovery_glass_lcd.o
 .debug_ranges  0x00000000000001a0       0x10 ./Core/Src/stm32l4xx_hal_msp.o
 .debug_ranges  0x00000000000001b0       0x50 ./Core/Src/stm32l4xx_it.o
 .debug_ranges  0x0000000000000200       0x18 ./Core/Src/system_stm32l4xx.o
 .debug_ranges  0x0000000000000218       0x20 ./Core/Src/usart.o
 .debug_ranges  0x0000000000000238       0x20 ./Core/Startup/startup_stm32l476vgtx.o
 .debug_ranges  0x0000000000000258      0x120 ./Drivers/STM32L4xx_HAL_Driver/Src/stm32l4xx_hal.o
 .debug_ranges  0x0000000000000378      0x108 ./Drivers/STM32L4xx_HAL_Driver/Src/stm32l4xx_hal_cortex.o
 .debug_ranges  0x0000000000000480       0x48 ./Drivers/STM32L4xx_HAL_Driver/Src/stm32l4xx_hal_gpio.o
 .debug_ranges  0x00000000000004c8      0x280 ./Drivers/STM32L4xx_HAL_Driver/Src/stm32l4xx_hal_i2c.o
 .debug_ranges  0x0000000000000748       0x38 ./Drivers/STM32L4xx_HAL_Driver/Src/stm32l4xx_hal_i2c_ex.o
 .debug_ranges  0x0000000000000780       0x18 ./Drivers/STM32L4xx_HAL_Driver/Src/stm32l4xx_hal_iwdg.o
 .debug_ranges  0x0000000000000798       0x58 ./Drivers/STM32L4xx_HAL_Driver/Src/stm32l4xx_hal_lcd.o
 .debug_ranges  0x00000000000007f0       0x88 ./Drivers/STM32L4xx_HAL_Driver/Src/stm32l4xx_hal_pwr.o
 .debug_ranges  0x0000000000000878      0x150 ./Drivers/STM32L4xx_HAL_Driver/Src/stm32l4xx_hal_pwr_ex.o
 .debug_ranges  0x00000000000009c8      0x150 ./Drivers/STM32L4xx_HAL_Driver/Src/stm32l4xx_hal_qspi.o
 .debug_ranges  0x0000000000000b18       0x80 ./Drivers/STM32L4xx_HAL_Driver/Src/stm32l4xx_hal_rcc.o
 .debug_ranges  0x0000000000000b98       0xb0 ./Drivers/STM32L4xx_HAL_Driver/Src/stm32l4xx_hal_rcc_ex.o
 .debug_ranges  0x0000000000000c48       0xd8 ./Drivers/STM32L4xx_HAL_Driver/Src/stm32l4xx_hal_rtc.o
 .debug_ranges  0x0000000000000d20      0x180 ./Drivers/STM32L4xx_HAL_Driver/Src/stm32l4xx_hal_sai.o
 .debug_ranges  0x0000000000000ea0      0x1c8 ./Drivers/STM32L4xx_HAL_Driver/Src/stm32l4xx_hal_spi.o
 .debug_ranges  0x0000000000001068      0x248 ./Drivers/STM32L4xx_HAL_Driver/Src/stm32l4xx_hal_uart.o

.debug_macro    0x0000000000000000    0x2a5ca
 .debug_macro   0x0000000000000000      0x234 ./Core/Src/gpio.o
 .debug_macro   0x0000000000000234      0xa78 ./Core/Src/gpio.o
 .debug_macro   0x0000000000000cac      0x1cb ./Core/Src/gpio.o
 .debug_macro   0x0000000000000e77       0x2e ./Core/Src/gpio.o
 .debug_macro   0x0000000000000ea5       0x28 ./Core/Src/gpio.o
 .debug_macro   0x0000000000000ecd       0x22 ./Core/Src/gpio.o
 .debug_macro   0x0000000000000eef       0x8e ./Core/Src/gpio.o
 .debug_macro   0x0000000000000f7d       0x51 ./Core/Src/gpio.o
 .debug_macro   0x0000000000000fce      0x103 ./Core/Src/gpio.o
 .debug_macro   0x00000000000010d1       0x6a ./Core/Src/gpio.o
 .debug_macro   0x000000000000113b      0x1df ./Core/Src/gpio.o
 .debug_macro   0x000000000000131a       0x1c ./Core/Src/gpio.o
 .debug_macro   0x0000000000001336       0x22 ./Core/Src/gpio.o
 .debug_macro   0x0000000000001358       0xfb ./Core/Src/gpio.o
 .debug_macro   0x0000000000001453     0x1011 ./Core/Src/gpio.o
 .debug_macro   0x0000000000002464      0x11f ./Core/Src/gpio.o
 .debug_macro   0x0000000000002583    0x1a17a ./Core/Src/gpio.o
 .debug_macro   0x000000000001c6fd       0x6d ./Core/Src/gpio.o
 .debug_macro   0x000000000001c76a     0x38e2 ./Core/Src/gpio.o
 .debug_macro   0x000000000002004c      0x174 ./Core/Src/gpio.o
 .debug_macro   0x00000000000201c0       0x5c ./Core/Src/gpio.o
 .debug_macro   0x000000000002021c     0x159e ./Core/Src/gpio.o
 .debug_macro   0x00000000000217ba      0x5a5 ./Core/Src/gpio.o
 .debug_macro   0x0000000000021d5f      0x1b9 ./Core/Src/gpio.o
 .debug_macro   0x0000000000021f18      0x18b ./Core/Src/gpio.o
 .debug_macro   0x00000000000220a3      0x26b ./Core/Src/gpio.o
 .debug_macro   0x000000000002230e      0x23d ./Core/Src/gpio.o
 .debug_macro   0x000000000002254b      0x241 ./Core/Src/gpio.o
 .debug_macro   0x000000000002278c      0x37c ./Core/Src/gpio.o
 .debug_macro   0x0000000000022b08       0xd6 ./Core/Src/gpio.o
 .debug_macro   0x0000000000022bde      0x22c ./Core/Src/gpio.o
 .debug_macro   0x0000000000022e0a       0x61 ./Core/Src/gpio.o
 .debug_macro   0x0000000000022e6b       0xa5 ./Core/Src/gpio.o
 .debug_macro   0x0000000000022f10       0x85 ./Core/Src/gpio.o
 .debug_macro   0x0000000000022f95      0x3df ./Core/Src/gpio.o
 .debug_macro   0x0000000000023374      0x122 ./Core/Src/gpio.o
 .debug_macro   0x0000000000023496      0x3ef ./Core/Src/gpio.o
 .debug_macro   0x0000000000023885      0x2a3 ./Core/Src/gpio.o
 .debug_macro   0x0000000000023b28      0x31a ./Core/Src/gpio.o
 .debug_macro   0x0000000000023e42      0x4fb ./Core/Src/gpio.o
 .debug_macro   0x000000000002433d       0xe4 ./Core/Src/gpio.o
 .debug_macro   0x0000000000024421      0x447 ./Core/Src/gpio.o
 .debug_macro   0x0000000000024868      0x2fe ./Core/Src/gpio.o
 .debug_macro   0x0000000000024b66      0x5ba ./Core/Src/gpio.o
 .debug_macro   0x0000000000025120       0x44 ./Core/Src/gpio.o
 .debug_macro   0x0000000000025164      0x330 ./Core/Src/gpio.o
 .debug_macro   0x0000000000025494      0x3e8 ./Core/Src/gpio.o
 .debug_macro   0x000000000002587c      0x234 ./Core/Src/i2c.o
 .debug_macro   0x0000000000025ab0      0x234 ./Core/Src/iwdg.o
 .debug_macro   0x0000000000025ce4      0x234 ./Core/Src/lcd.o
 .debug_macro   0x0000000000025f18      0x2a9 ./Core/Src/main.o
 .debug_macro   0x00000000000261c1       0x22 ./Core/Src/main.o
 .debug_macro   0x00000000000261e3      0x45d ./Core/Src/main.o
 .debug_macro   0x0000000000026640      0x7b7 ./Core/Src/main.o
 .debug_macro   0x0000000000026df7      0x234 ./Core/Src/quadspi.o
 .debug_macro   0x000000000002702b      0x234 ./Core/Src/rtc.o
 .debug_macro   0x000000000002725f      0x234 ./Core/Src/sai.o
 .debug_macro   0x0000000000027493      0x234 ./Core/Src/spi.o
 .debug_macro   0x00000000000276c7      0x256 ./Core/Src/stm32l476g_discovery_glass_lcd.o
 .debug_macro   0x000000000002791d      0x22a ./Core/Src/stm32l4xx_hal_msp.o
 .debug_macro   0x0000000000027b47      0x234 ./Core/Src/stm32l4xx_it.o
 .debug_macro   0x0000000000027d7b      0x21b ./Core/Src/system_stm32l4xx.o
 .debug_macro   0x0000000000027f96      0x234 ./Core/Src/usart.o
 .debug_macro   0x00000000000281ca      0x269 ./Drivers/STM32L4xx_HAL_Driver/Src/stm32l4xx_hal.o
 .debug_macro   0x0000000000028433      0x21b ./Drivers/STM32L4xx_HAL_Driver/Src/stm32l4xx_hal_cortex.o
 .debug_macro   0x000000000002864e      0x222 ./Drivers/STM32L4xx_HAL_Driver/Src/stm32l4xx_hal_gpio.o
 .debug_macro   0x0000000000028870      0x2e7 ./Drivers/STM32L4xx_HAL_Driver/Src/stm32l4xx_hal_i2c.o
 .debug_macro   0x0000000000028b57      0x21b ./Drivers/STM32L4xx_HAL_Driver/Src/stm32l4xx_hal_i2c_ex.o
 .debug_macro   0x0000000000028d72      0x229 ./Drivers/STM32L4xx_HAL_Driver/Src/stm32l4xx_hal_iwdg.o
 .debug_macro   0x0000000000028f9b      0x221 ./Drivers/STM32L4xx_HAL_Driver/Src/stm32l4xx_hal_lcd.o
 .debug_macro   0x00000000000291bc      0x233 ./Drivers/STM32L4xx_HAL_Driver/Src/stm32l4xx_hal_pwr.o
 .debug_macro   0x00000000000293ef      0x23f ./Drivers/STM32L4xx_HAL_Driver/Src/stm32l4xx_hal_pwr_ex.o
 .debug_macro   0x000000000002962e      0x23f ./Drivers/STM32L4xx_HAL_Driver/Src/stm32l4xx_hal_qspi.o
 .debug_macro   0x000000000002986d      0x25d ./Drivers/STM32L4xx_HAL_Driver/Src/stm32l4xx_hal_rcc.o
 .debug_macro   0x0000000000029aca      0x251 ./Drivers/STM32L4xx_HAL_Driver/Src/stm32l4xx_hal_rcc_ex.o
 .debug_macro   0x0000000000029d1b      0x21c ./Drivers/STM32L4xx_HAL_Driver/Src/stm32l4xx_hal_rtc.o
 .debug_macro   0x0000000000029f37      0x22a ./Drivers/STM32L4xx_HAL_Driver/Src/stm32l4xx_hal_sai.o
 .debug_macro   0x000000000002a161      0x223 ./Drivers/STM32L4xx_HAL_Driver/Src/stm32l4xx_hal_spi.o
 .debug_macro   0x000000000002a384      0x246 ./Drivers/STM32L4xx_HAL_Driver/Src/stm32l4xx_hal_uart.o

.debug_line     0x0000000000000000    0x1be7f
 .debug_line    0x0000000000000000      0x832 ./Core/Src/gpio.o
 .debug_line    0x0000000000000832      0x898 ./Core/Src/i2c.o
 .debug_line    0x00000000000010ca      0x786 ./Core/Src/iwdg.o
 .debug_line    0x0000000000001850      0x837 ./Core/Src/lcd.o
 .debug_line    0x0000000000002087      0x92b ./Core/Src/main.o
 .debug_line    0x00000000000029b2      0x7e7 ./Core/Src/quadspi.o
 .debug_line    0x0000000000003199      0x809 ./Core/Src/rtc.o
 .debug_line    0x00000000000039a2      0x8a9 ./Core/Src/sai.o
 .debug_line    0x000000000000424b      0x7f1 ./Core/Src/spi.o
 .debug_line    0x0000000000004a3c     0x1078 ./Core/Src/stm32l476g_discovery_glass_lcd.o
 .debug_line    0x0000000000005ab4      0x778 ./Core/Src/stm32l4xx_hal_msp.o
 .debug_line    0x000000000000622c      0x83b ./Core/Src/stm32l4xx_it.o
 .debug_line    0x0000000000006a67      0x810 ./Core/Src/system_stm32l4xx.o
 .debug_line    0x0000000000007277      0x7fa ./Core/Src/usart.o
 .debug_line    0x0000000000007a71       0x88 ./Core/Startup/startup_stm32l476vgtx.o
 .debug_line    0x0000000000007af9      0xb69 ./Drivers/STM32L4xx_HAL_Driver/Src/stm32l4xx_hal.o
 .debug_line    0x0000000000008662      0xd0f ./Drivers/STM32L4xx_HAL_Driver/Src/stm32l4xx_hal_cortex.o
 .debug_line    0x0000000000009371      0xbdc ./Drivers/STM32L4xx_HAL_Driver/Src/stm32l4xx_hal_gpio.o
 .debug_line    0x0000000000009f4d     0x3400 ./Drivers/STM32L4xx_HAL_Driver/Src/stm32l4xx_hal_i2c.o
 .debug_line    0x000000000000d34d      0x996 ./Drivers/STM32L4xx_HAL_Driver/Src/stm32l4xx_hal_i2c_ex.o
 .debug_line    0x000000000000dce3      0x804 ./Drivers/STM32L4xx_HAL_Driver/Src/stm32l4xx_hal_iwdg.o
 .debug_line    0x000000000000e4e7      0xa24 ./Drivers/STM32L4xx_HAL_Driver/Src/stm32l4xx_hal_lcd.o
 .debug_line    0x000000000000ef0b      0x945 ./Drivers/STM32L4xx_HAL_Driver/Src/stm32l4xx_hal_pwr.o
 .debug_line    0x000000000000f850      0xd60 ./Drivers/STM32L4xx_HAL_Driver/Src/stm32l4xx_hal_pwr_ex.o
 .debug_line    0x00000000000105b0     0x1459 ./Drivers/STM32L4xx_HAL_Driver/Src/stm32l4xx_hal_qspi.o
 .debug_line    0x0000000000011a09      0xfcf ./Drivers/STM32L4xx_HAL_Driver/Src/stm32l4xx_hal_rcc.o
 .debug_line    0x00000000000129d8     0x1521 ./Drivers/STM32L4xx_HAL_Driver/Src/stm32l4xx_hal_rcc_ex.o
 .debug_line    0x0000000000013ef9     0x117c ./Drivers/STM32L4xx_HAL_Driver/Src/stm32l4xx_hal_rtc.o
 .debug_line    0x0000000000015075     0x1b82 ./Drivers/STM32L4xx_HAL_Driver/Src/stm32l4xx_hal_sai.o
 .debug_line    0x0000000000016bf7     0x1fa2 ./Drivers/STM32L4xx_HAL_Driver/Src/stm32l4xx_hal_spi.o
 .debug_line    0x0000000000018b99     0x32e6 ./Drivers/STM32L4xx_HAL_Driver/Src/stm32l4xx_hal_uart.o

.debug_str      0x0000000000000000    0xfc40d
 .debug_str     0x0000000000000000    0xf15db ./Core/Src/gpio.o
                                      0xf188d (size before relaxing)
 .debug_str     0x00000000000f15db      0x71c ./Core/Src/i2c.o
                                      0xf2055 (size before relaxing)
 .debug_str     0x00000000000f1cf7       0x7d ./Core/Src/iwdg.o
                                      0xf1711 (size before relaxing)
 .debug_str     0x00000000000f1d74      0x16e ./Core/Src/lcd.o
                                      0xf1d06 (size before relaxing)
 .debug_str     0x00000000000f1ee2     0x4bc4 ./Core/Src/main.o
                                      0xf66f9 (size before relaxing)
 .debug_str     0x00000000000f6aa6      0x212 ./Core/Src/quadspi.o
                                      0xf1cb4 (size before relaxing)
 .debug_str     0x00000000000f6cb8      0x30d ./Core/Src/rtc.o
                                      0xf1e07 (size before relaxing)
 .debug_str     0x00000000000f6fc5      0x298 ./Core/Src/sai.o
                                      0xf1d5e (size before relaxing)
 .debug_str     0x00000000000f725d      0x19e ./Core/Src/spi.o
                                      0xf1ca7 (size before relaxing)
 .debug_str     0x00000000000f73fb      0x42f ./Core/Src/stm32l476g_discovery_glass_lcd.o
                                      0xf5c90 (size before relaxing)
 .debug_str     0x00000000000f782a       0x2c ./Core/Src/stm32l4xx_hal_msp.o
                                      0xf17ab (size before relaxing)
 .debug_str     0x00000000000f7856       0xc9 ./Core/Src/stm32l4xx_it.o
                                      0xf16e4 (size before relaxing)
 .debug_str     0x00000000000f791f       0xf2 ./Core/Src/system_stm32l4xx.o
                                      0xf0a6f (size before relaxing)
 .debug_str     0x00000000000f7a11      0x1e3 ./Core/Src/usart.o
                                      0xf1f7d (size before relaxing)
 .debug_str     0x00000000000f7bf4       0x36 ./Core/Startup/startup_stm32l476vgtx.o
                                         0x6b (size before relaxing)
 .debug_str     0x00000000000f7c2a      0xa73 ./Drivers/STM32L4xx_HAL_Driver/Src/stm32l4xx_hal.o
                                      0xf166e (size before relaxing)
 .debug_str     0x00000000000f869d      0x33f ./Drivers/STM32L4xx_HAL_Driver/Src/stm32l4xx_hal_cortex.o
                                      0xf12b6 (size before relaxing)
 .debug_str     0x00000000000f89dc      0x11a ./Drivers/STM32L4xx_HAL_Driver/Src/stm32l4xx_hal_gpio.o
                                      0xf0be8 (size before relaxing)
 .debug_str     0x00000000000f8af6      0xdc0 ./Drivers/STM32L4xx_HAL_Driver/Src/stm32l4xx_hal_i2c.o
                                      0xf1c34 (size before relaxing)
 .debug_str     0x00000000000f98b6       0xb8 ./Drivers/STM32L4xx_HAL_Driver/Src/stm32l4xx_hal_i2c_ex.o
                                      0xf0f90 (size before relaxing)
 .debug_str     0x00000000000f996e       0xe2 ./Drivers/STM32L4xx_HAL_Driver/Src/stm32l4xx_hal_iwdg.o
                                      0xf09d3 (size before relaxing)
 .debug_str     0x00000000000f9a50       0x9b ./Drivers/STM32L4xx_HAL_Driver/Src/stm32l4xx_hal_lcd.o
                                      0xf0b28 (size before relaxing)
 .debug_str     0x00000000000f9aeb      0x34b ./Drivers/STM32L4xx_HAL_Driver/Src/stm32l4xx_hal_pwr.o
                                      0xf0dda (size before relaxing)
 .debug_str     0x00000000000f9e36      0x3e6 ./Drivers/STM32L4xx_HAL_Driver/Src/stm32l4xx_hal_pwr_ex.o
                                      0xf0fca (size before relaxing)
 .debug_str     0x00000000000fa21c      0x6b3 ./Drivers/STM32L4xx_HAL_Driver/Src/stm32l4xx_hal_qspi.o
                                      0xf13aa (size before relaxing)
 .debug_str     0x00000000000fa8cf      0x33a ./Drivers/STM32L4xx_HAL_Driver/Src/stm32l4xx_hal_rcc.o
                                      0xf10b5 (size before relaxing)
 .debug_str     0x00000000000fac09      0x38c ./Drivers/STM32L4xx_HAL_Driver/Src/stm32l4xx_hal_rcc_ex.o
                                      0xf122e (size before relaxing)
 .debug_str     0x00000000000faf95      0x299 ./Drivers/STM32L4xx_HAL_Driver/Src/stm32l4xx_hal_rtc.o
                                      0xf0efa (size before relaxing)
 .debug_str     0x00000000000fb22e      0x3f7 ./Drivers/STM32L4xx_HAL_Driver/Src/stm32l4xx_hal_sai.o
                                      0xf11d6 (size before relaxing)
 .debug_str     0x00000000000fb625      0x537 ./Drivers/STM32L4xx_HAL_Driver/Src/stm32l4xx_hal_spi.o
                                      0xf1290 (size before relaxing)
 .debug_str     0x00000000000fbb5c      0x8b1 ./Drivers/STM32L4xx_HAL_Driver/Src/stm32l4xx_hal_uart.o
                                      0xf179f (size before relaxing)

.comment        0x0000000000000000       0x50
 .comment       0x0000000000000000       0x50 ./Core/Src/gpio.o
                                         0x51 (size before relaxing)
 .comment       0x0000000000000050       0x51 ./Core/Src/i2c.o
 .comment       0x0000000000000050       0x51 ./Core/Src/iwdg.o
 .comment       0x0000000000000050       0x51 ./Core/Src/lcd.o
 .comment       0x0000000000000050       0x51 ./Core/Src/main.o
 .comment       0x0000000000000050       0x51 ./Core/Src/quadspi.o
 .comment       0x0000000000000050       0x51 ./Core/Src/rtc.o
 .comment       0x0000000000000050       0x51 ./Core/Src/sai.o
 .comment       0x0000000000000050       0x51 ./Core/Src/spi.o
 .comment       0x0000000000000050       0x51 ./Core/Src/stm32l476g_discovery_glass_lcd.o
 .comment       0x0000000000000050       0x51 ./Core/Src/stm32l4xx_hal_msp.o
 .comment       0x0000000000000050       0x51 ./Core/Src/stm32l4xx_it.o
 .comment       0x0000000000000050       0x51 ./Core/Src/system_stm32l4xx.o
 .comment       0x0000000000000050       0x51 ./Core/Src/usart.o
 .comment       0x0000000000000050       0x51 ./Drivers/STM32L4xx_HAL_Driver/Src/stm32l4xx_hal.o
 .comment       0x0000000000000050       0x51 ./Drivers/STM32L4xx_HAL_Driver/Src/stm32l4xx_hal_cortex.o
 .comment       0x0000000000000050       0x51 ./Drivers/STM32L4xx_HAL_Driver/Src/stm32l4xx_hal_gpio.o
 .comment       0x0000000000000050       0x51 ./Drivers/STM32L4xx_HAL_Driver/Src/stm32l4xx_hal_i2c.o
 .comment       0x0000000000000050       0x51 ./Drivers/STM32L4xx_HAL_Driver/Src/stm32l4xx_hal_i2c_ex.o
 .comment       0x0000000000000050       0x51 ./Drivers/STM32L4xx_HAL_Driver/Src/stm32l4xx_hal_iwdg.o
 .comment       0x0000000000000050       0x51 ./Drivers/STM32L4xx_HAL_Driver/Src/stm32l4xx_hal_lcd.o
 .comment       0x0000000000000050       0x51 ./Drivers/STM32L4xx_HAL_Driver/Src/stm32l4xx_hal_pwr.o
 .comment       0x0000000000000050       0x51 ./Drivers/STM32L4xx_HAL_Driver/Src/stm32l4xx_hal_pwr_ex.o
 .comment       0x0000000000000050       0x51 ./Drivers/STM32L4xx_HAL_Driver/Src/stm32l4xx_hal_qspi.o
 .comment       0x0000000000000050       0x51 ./Drivers/STM32L4xx_HAL_Driver/Src/stm32l4xx_hal_rcc.o
 .comment       0x0000000000000050       0x51 ./Drivers/STM32L4xx_HAL_Driver/Src/stm32l4xx_hal_rcc_ex.o
 .comment       0x0000000000000050       0x51 ./Drivers/STM32L4xx_HAL_Driver/Src/stm32l4xx_hal_rtc.o
 .comment       0x0000000000000050       0x51 ./Drivers/STM32L4xx_HAL_Driver/Src/stm32l4xx_hal_sai.o
 .comment       0x0000000000000050       0x51 ./Drivers/STM32L4xx_HAL_Driver/Src/stm32l4xx_hal_spi.o
 .comment       0x0000000000000050       0x51 ./Drivers/STM32L4xx_HAL_Driver/Src/stm32l4xx_hal_uart.o

.debug_frame    0x0000000000000000     0x5248
 .debug_frame   0x0000000000000000       0x38 ./Core/Src/gpio.o
 .debug_frame   0x0000000000000038       0x94 ./Core/Src/i2c.o
 .debug_frame   0x00000000000000cc       0x2c ./Core/Src/iwdg.o
 .debug_frame   0x00000000000000f8       0x78 ./Core/Src/lcd.o
 .debug_frame   0x0000000000000170       0xb0 ./Core/Src/main.o
 .debug_frame   0x0000000000000220       0x74 ./Core/Src/quadspi.o
 .debug_frame   0x0000000000000294       0x80 ./Core/Src/rtc.o
 .debug_frame   0x0000000000000314       0x74 ./Core/Src/sai.o
 .debug_frame   0x0000000000000388       0x74 ./Core/Src/spi.o
 .debug_frame   0x00000000000003fc      0x244 ./Core/Src/stm32l476g_discovery_glass_lcd.o
 .debug_frame   0x0000000000000640       0x38 ./Core/Src/stm32l4xx_hal_msp.o
 .debug_frame   0x0000000000000678      0x104 ./Core/Src/stm32l4xx_it.o
 .debug_frame   0x000000000000077c       0x58 ./Core/Src/system_stm32l4xx.o
 .debug_frame   0x00000000000007d4       0x78 ./Core/Src/usart.o
 .debug_frame   0x000000000000084c      0x498 ./Drivers/STM32L4xx_HAL_Driver/Src/stm32l4xx_hal.o
 .debug_frame   0x0000000000000ce4      0x498 ./Drivers/STM32L4xx_HAL_Driver/Src/stm32l4xx_hal_cortex.o
 .debug_frame   0x000000000000117c      0x14c ./Drivers/STM32L4xx_HAL_Driver/Src/stm32l4xx_hal_gpio.o
 .debug_frame   0x00000000000012c8      0xbe8 ./Drivers/STM32L4xx_HAL_Driver/Src/stm32l4xx_hal_i2c.o
 .debug_frame   0x0000000000001eb0      0x100 ./Drivers/STM32L4xx_HAL_Driver/Src/stm32l4xx_hal_i2c_ex.o
 .debug_frame   0x0000000000001fb0       0x5c ./Drivers/STM32L4xx_HAL_Driver/Src/stm32l4xx_hal_iwdg.o
 .debug_frame   0x000000000000200c      0x188 ./Drivers/STM32L4xx_HAL_Driver/Src/stm32l4xx_hal_lcd.o
 .debug_frame   0x0000000000002194      0x230 ./Drivers/STM32L4xx_HAL_Driver/Src/stm32l4xx_hal_pwr.o
 .debug_frame   0x00000000000023c4      0x584 ./Drivers/STM32L4xx_HAL_Driver/Src/stm32l4xx_hal_pwr_ex.o
 .debug_frame   0x0000000000002948      0x658 ./Drivers/STM32L4xx_HAL_Driver/Src/stm32l4xx_hal_qspi.o
 .debug_frame   0x0000000000002fa0      0x21c ./Drivers/STM32L4xx_HAL_Driver/Src/stm32l4xx_hal_rcc.o
 .debug_frame   0x00000000000031bc      0x2fc ./Drivers/STM32L4xx_HAL_Driver/Src/stm32l4xx_hal_rcc_ex.o
 .debug_frame   0x00000000000034b8      0x3f4 ./Drivers/STM32L4xx_HAL_Driver/Src/stm32l4xx_hal_rtc.o
 .debug_frame   0x00000000000038ac      0x69c ./Drivers/STM32L4xx_HAL_Driver/Src/stm32l4xx_hal_sai.o
 .debug_frame   0x0000000000003f48      0x860 ./Drivers/STM32L4xx_HAL_Driver/Src/stm32l4xx_hal_spi.o
 .debug_frame   0x00000000000047a8      0x9f4 ./Drivers/STM32L4xx_HAL_Driver/Src/stm32l4xx_hal_uart.o
 .debug_frame   0x000000000000519c       0x2c c:/st/stm32cubeide_1.9.0/stm32cubeide/plugins/com.st.stm32cube.ide.mcu.externaltools.gnu-tools-for-stm32.10.3-2021.10.win32_1.0.0.202111181127/tools/bin/../lib/gcc/arm-none-eabi/10.3.1/../../../../arm-none-eabi/lib/thumb/v7e-m+fp/hard\libc_nano.a(lib_a-init.o)
 .debug_frame   0x00000000000051c8       0x20 c:/st/stm32cubeide_1.9.0/stm32cubeide/plugins/com.st.stm32cube.ide.mcu.externaltools.gnu-tools-for-stm32.10.3-2021.10.win32_1.0.0.202111181127/tools/bin/../lib/gcc/arm-none-eabi/10.3.1/../../../../arm-none-eabi/lib/thumb/v7e-m+fp/hard\libc_nano.a(lib_a-memset.o)
 .debug_frame   0x00000000000051e8       0x2c c:/st/stm32cubeide_1.9.0/stm32cubeide/plugins/com.st.stm32cube.ide.mcu.externaltools.gnu-tools-for-stm32.10.3-2021.10.win32_1.0.0.202111181127/tools/bin/../lib/gcc/arm-none-eabi/10.3.1/thumb/v7e-m+fp/hard\libgcc.a(_aeabi_uldivmod.o)
 .debug_frame   0x0000000000005214       0x34 c:/st/stm32cubeide_1.9.0/stm32cubeide/plugins/com.st.stm32cube.ide.mcu.externaltools.gnu-tools-for-stm32.10.3-2021.10.win32_1.0.0.202111181127/tools/bin/../lib/gcc/arm-none-eabi/10.3.1/thumb/v7e-m+fp/hard\libgcc.a(_udivmoddi4.o)
