Archive member included to satisfy reference by file (symbol)

c:/st/stm32cubeide_1.9.0/stm32cubeide/plugins/com.st.stm32cube.ide.mcu.externaltools.gnu-tools-for-stm32.10.3-2021.10.win32_1.0.0.202111181127/tools/bin/../lib/gcc/arm-none-eabi/10.3.1/../../../../arm-none-eabi/lib/thumb/v7e-m+fp/hard\libc_nano.a(lib_a-assert.o)
                              ./Core/Src/lfs.o (__assert_func)
c:/st/stm32cubeide_1.9.0/stm32cubeide/plugins/com.st.stm32cube.ide.mcu.externaltools.gnu-tools-for-stm32.10.3-2021.10.win32_1.0.0.202111181127/tools/bin/../lib/gcc/arm-none-eabi/10.3.1/../../../../arm-none-eabi/lib/thumb/v7e-m+fp/hard\libc_nano.a(lib_a-errno.o)
                              ./Core/Src/syscalls.o (__errno)
c:/st/stm32cubeide_1.9.0/stm32cubeide/plugins/com.st.stm32cube.ide.mcu.externaltools.gnu-tools-for-stm32.10.3-2021.10.win32_1.0.0.202111181127/tools/bin/../lib/gcc/arm-none-eabi/10.3.1/../../../../arm-none-eabi/lib/thumb/v7e-m+fp/hard\libc_nano.a(lib_a-exit.o)
                              c:/st/stm32cubeide_1.9.0/stm32cubeide/plugins/com.st.stm32cube.ide.mcu.externaltools.gnu-tools-for-stm32.10.3-2021.10.win32_1.0.0.202111181127/tools/bin/../lib/gcc/arm-none-eabi/10.3.1/../../../../arm-none-eabi/lib/thumb/v7e-m+fp/hard/crt0.o (exit)
c:/st/stm32cubeide_1.9.0/stm32cubeide/plugins/com.st.stm32cube.ide.mcu.externaltools.gnu-tools-for-stm32.10.3-2021.10.win32_1.0.0.202111181127/tools/bin/../lib/gcc/arm-none-eabi/10.3.1/../../../../arm-none-eabi/lib/thumb/v7e-m+fp/hard\libc_nano.a(lib_a-fprintf.o)
                              c:/st/stm32cubeide_1.9.0/stm32cubeide/plugins/com.st.stm32cube.ide.mcu.externaltools.gnu-tools-for-stm32.10.3-2021.10.win32_1.0.0.202111181127/tools/bin/../lib/gcc/arm-none-eabi/10.3.1/../../../../arm-none-eabi/lib/thumb/v7e-m+fp/hard\libc_nano.a(lib_a-assert.o) (fiprintf)
c:/st/stm32cubeide_1.9.0/stm32cubeide/plugins/com.st.stm32cube.ide.mcu.externaltools.gnu-tools-for-stm32.10.3-2021.10.win32_1.0.0.202111181127/tools/bin/../lib/gcc/arm-none-eabi/10.3.1/../../../../arm-none-eabi/lib/thumb/v7e-m+fp/hard\libc_nano.a(lib_a-impure.o)
                              c:/st/stm32cubeide_1.9.0/stm32cubeide/plugins/com.st.stm32cube.ide.mcu.externaltools.gnu-tools-for-stm32.10.3-2021.10.win32_1.0.0.202111181127/tools/bin/../lib/gcc/arm-none-eabi/10.3.1/../../../../arm-none-eabi/lib/thumb/v7e-m+fp/hard\libc_nano.a(lib_a-exit.o) (_global_impure_ptr)
c:/st/stm32cubeide_1.9.0/stm32cubeide/plugins/com.st.stm32cube.ide.mcu.externaltools.gnu-tools-for-stm32.10.3-2021.10.win32_1.0.0.202111181127/tools/bin/../lib/gcc/arm-none-eabi/10.3.1/../../../../arm-none-eabi/lib/thumb/v7e-m+fp/hard\libc_nano.a(lib_a-init.o)
                              c:/st/stm32cubeide_1.9.0/stm32cubeide/plugins/com.st.stm32cube.ide.mcu.externaltools.gnu-tools-for-stm32.10.3-2021.10.win32_1.0.0.202111181127/tools/bin/../lib/gcc/arm-none-eabi/10.3.1/../../../../arm-none-eabi/lib/thumb/v7e-m+fp/hard/crt0.o (__libc_init_array)
c:/st/stm32cubeide_1.9.0/stm32cubeide/plugins/com.st.stm32cube.ide.mcu.externaltools.gnu-tools-for-stm32.10.3-2021.10.win32_1.0.0.202111181127/tools/bin/../lib/gcc/arm-none-eabi/10.3.1/../../../../arm-none-eabi/lib/thumb/v7e-m+fp/hard\libc_nano.a(lib_a-malloc.o)
                              ./Core/Src/lfs.o (malloc)
c:/st/stm32cubeide_1.9.0/stm32cubeide/plugins/com.st.stm32cube.ide.mcu.externaltools.gnu-tools-for-stm32.10.3-2021.10.win32_1.0.0.202111181127/tools/bin/../lib/gcc/arm-none-eabi/10.3.1/../../../../arm-none-eabi/lib/thumb/v7e-m+fp/hard\libc_nano.a(lib_a-memcmp.o)
                              ./Core/Src/lfs.o (memcmp)
c:/st/stm32cubeide_1.9.0/stm32cubeide/plugins/com.st.stm32cube.ide.mcu.externaltools.gnu-tools-for-stm32.10.3-2021.10.win32_1.0.0.202111181127/tools/bin/../lib/gcc/arm-none-eabi/10.3.1/../../../../arm-none-eabi/lib/thumb/v7e-m+fp/hard\libc_nano.a(lib_a-memcpy-stub.o)
                              ./Core/Src/lfs.o (memcpy)
c:/st/stm32cubeide_1.9.0/stm32cubeide/plugins/com.st.stm32cube.ide.mcu.externaltools.gnu-tools-for-stm32.10.3-2021.10.win32_1.0.0.202111181127/tools/bin/../lib/gcc/arm-none-eabi/10.3.1/../../../../arm-none-eabi/lib/thumb/v7e-m+fp/hard\libc_nano.a(lib_a-memset.o)
                              c:/st/stm32cubeide_1.9.0/stm32cubeide/plugins/com.st.stm32cube.ide.mcu.externaltools.gnu-tools-for-stm32.10.3-2021.10.win32_1.0.0.202111181127/tools/bin/../lib/gcc/arm-none-eabi/10.3.1/../../../../arm-none-eabi/lib/thumb/v7e-m+fp/hard/crt0.o (memset)
c:/st/stm32cubeide_1.9.0/stm32cubeide/plugins/com.st.stm32cube.ide.mcu.externaltools.gnu-tools-for-stm32.10.3-2021.10.win32_1.0.0.202111181127/tools/bin/../lib/gcc/arm-none-eabi/10.3.1/../../../../arm-none-eabi/lib/thumb/v7e-m+fp/hard\libc_nano.a(lib_a-nano-freer.o)
[...]
Memory Configuration

Name             Origin             Length             Attributes
RAM              0x0000000020000000 0x0000000000018000 xrw
RAM2             0x0000000010000000 0x0000000000008000 xrw
FLASH            0x0000000008000000 0x0000000000100000 xr
*default*        0x0000000000000000 0xffffffffffffffff

Linker script and memory map

LOAD c:/st/stm32cubeide_1.9.0/stm32cubeide/plugins/com.st.stm32cube.ide.mcu.externaltools.gnu-tools-for-stm32.10.3-2021.10.win32_1.0.0.202111181127/tools/bin/../lib/gcc/arm-none-eabi/10.3.1/thumb/v7e-m+fp/hard/crti.o
LOAD c:/st/stm32cubeide_1.9.0/stm32cubeide/plugins/com.st.stm32cube.ide.mcu.externaltools.gnu-tools-for-stm32.10.3-2021.10.win32_1.0.0.202111181127/tools/bin/../lib/gcc/arm-none-eabi/10.3.1/thumb/v7e-m+fp/hard/crtbegin.o
LOAD c:/st/stm32cubeide_1.9.0/stm32cubeide/plugins/com.st.stm32cube.ide.mcu.externaltools.gnu-tools-for-stm32.10.3-2021.10.win32_1.0.0.202111181127/tools/bin/../lib/gcc/arm-none-eabi/10.3.1/../../../../arm-none-eabi/lib/thumb/v7e-m+fp/hard/crt0.o
LOAD ./Core/Src/gpio.o
LOAD ./Core/Src/i2c.o
LOAD ./Core/Src/iwdg.o
LOAD ./Core/Src/lcd.o
LOAD ./Core/Src/lfs.o
LOAD ./Core/Src/lfs_util.o
LOAD ./Core/Src/main.o
LOAD ./Core/Src/quadspi.o
LOAD ./Core/Src/rtc.o
LOAD ./Core/Src/sai.o
LOAD ./Core/Src/spi.o
LOAD ./Core/Src/stm32l476g_discovery.o
LOAD ./Core/Src/stm32l476g_discovery_glass_lcd.o
LOAD ./Core/Src/stm32l476g_discovery_qspi.o
LOAD ./Core/Src/stm32l4xx_hal_msp.o
LOAD ./Core/Src/stm32l4xx_it.o
LOAD ./Core/Src/syscalls.o
LOAD ./Core/Src/sysmem.o
LOAD ./Core/Src/system_stm32l4xx.o
LOAD ./Core/Src/usart.o
LOAD ./Core/Startup/startup_stm32l476vgtx.o
LOAD ./Drivers/STM32L4xx_HAL_Driver/Src/stm32l4xx_hal.o
LOAD ./Drivers/STM32L4xx_HAL_Driver/Src/stm32l4xx_hal_cortex.o
LOAD ./Drivers/STM32L4xx_HAL_Driver/Src/stm32l4xx_hal_dma.o
LOAD ./Drivers/STM32L4xx_HAL_Driver/Src/stm32l4xx_hal_dma_ex.o
LOAD ./Drivers/STM32L4xx_HAL_Driver/Src/stm32l4xx_hal_exti.o
LOAD ./Drivers/STM32L4xx_HAL_Driver/Src/stm32l4xx_hal_flash.o
LOAD ./Drivers/STM32L4xx_HAL_Driver/Src/stm32l4xx_hal_flash_ex.o
LOAD ./Drivers/STM32L4xx_HAL_Driver/Src/stm32l4xx_hal_flash_ramfunc.o
LOAD ./Drivers/STM32L4xx_HAL_Driver/Src/stm32l4xx_hal_gpio.o
LOAD ./Drivers/STM32L4xx_HAL_Driver/Src/stm32l4xx_hal_i2c.o
LOAD ./Drivers/STM32L4xx_HAL_Driver/Src/stm32l4xx_hal_i2c_ex.o
LOAD ./Drivers/STM32L4xx_HAL_Driver/Src/stm32l4xx_hal_iwdg.o
LOAD ./Drivers/STM32L4xx_HAL_Driver/Src/stm32l4xx_hal_lcd.o
LOAD ./Drivers/STM32L4xx_HAL_Driver/Src/stm32l4xx_hal_pwr.o
LOAD ./Drivers/STM32L4xx_HAL_Driver/Src/stm32l4xx_hal_pwr_ex.o
LOAD ./Drivers/STM32L4xx_HAL_Driver/Src/stm32l4xx_hal_qspi.o
LOAD ./Drivers/STM32L4xx_HAL_Driver/Src/stm32l4xx_hal_rcc.o
LOAD ./Drivers/STM32L4xx_HAL_Driver/Src/stm32l4xx_hal_rcc_ex.o
LOAD ./Drivers/STM32L4xx_HAL_Driver/Src/stm32l4xx_hal_rtc.o
LOAD ./Drivers/STM32L4xx_HAL_Driver/Src/stm32l4xx_hal_rtc_ex.o
LOAD ./Drivers/STM32L4xx_HAL_Driver/Src/stm32l4xx_hal_sai.o
LOAD ./Drivers/STM32L4xx_HAL_Driver/Src/stm32l4xx_hal_sai_ex.o
LOAD ./Drivers/STM32L4xx_HAL_Driver/Src/stm32l4xx_hal_spi.o
LOAD ./Drivers/STM32L4xx_HAL_Driver/Src/stm32l4xx_hal_spi_ex.o
LOAD ./Drivers/STM32L4xx_HAL_Driver/Src/stm32l4xx_hal_tim.o
LOAD ./Drivers/STM32L4xx_HAL_Driver/Src/stm32l4xx_hal_tim_ex.o
LOAD ./Drivers/STM32L4xx_HAL_Driver/Src/stm32l4xx_hal_uart.o
LOAD ./Drivers/STM32L4xx_HAL_Driver/Src/stm32l4xx_hal_uart_ex.o
START GROUP
LOAD c:/st/stm32cubeide_1.9.0/stm32cubeide/plugins/com.st.stm32cube.ide.mcu.externaltools.gnu-tools-for-stm32.10.3-2021.10.win32_1.0.0.202111181127/tools/bin/../lib/gcc/arm-none-eabi/10.3.1/../../../../arm-none-eabi/lib/thumb/v7e-m+fp/hard\libc_nano.a
LOAD c:/st/stm32cubeide_1.9.0/stm32cubeide/plugins/com.st.stm32cube.ide.mcu.externaltools.gnu-tools-for-stm32.10.3-2021.10.win32_1.0.0.202111181127/tools/bin/../lib/gcc/arm-none-eabi/10.3.1/../../../../arm-none-eabi/lib/thumb/v7e-m+fp/hard\libm.a
END GROUP
START GROUP
LOAD c:/st/stm32cubeide_1.9.0/stm32cubeide/plugins/com.st.stm32cube.ide.mcu.externaltools.gnu-tools-for-stm32.10.3-2021.10.win32_1.0.0.202111181127/tools/bin/../lib/gcc/arm-none-eabi/10.3.1/thumb/v7e-m+fp/hard\libgcc.a
LOAD c:/st/stm32cubeide_1.9.0/stm32cubeide/plugins/com.st.stm32cube.ide.mcu.externaltools.gnu-tools-for-stm32.10.3-2021.10.win32_1.0.0.202111181127/tools/bin/../lib/gcc/arm-none-eabi/10.3.1/../../../../arm-none-eabi/lib/thumb/v7e-m+fp/hard\libc_nano.a
END GROUP
START GROUP
LOAD c:/st/stm32cubeide_1.9.0/stm32cubeide/plugins/com.st.stm32cube.ide.mcu.externaltools.gnu-tools-for-stm32.10.3-2021.10.win32_1.0.0.202111181127/tools/bin/../lib/gcc/arm-none-eabi/10.3.1/thumb/v7e-m+fp/hard\libgcc.a
LOAD c:/st/stm32cubeide_1.9.0/stm32cubeide/plugins/com.st.stm32cube.ide.mcu.externaltools.gnu-tools-for-stm32.10.3-2021.10.win32_1.0.0.202111181127/tools/bin/../lib/gcc/arm-none-eabi/10.3.1/../../../../arm-none-eabi/lib/thumb/v7e-m+fp/hard\libc_nano.a
LOAD c:/st/stm32cubeide_1.9.0/stm32cubeide/plugins/com.st.stm32cube.ide.mcu.externaltools.gnu-tools-for-stm32.10.3-2021.10.win32_1.0.0.202111181127/tools/bin/../lib/gcc/arm-none-eabi/10.3.1/../../../../arm-none-eabi/lib/thumb/v7e-m+fp/hard\libnosys.a
END GROUP
START GROUP
LOAD c:/st/stm32cubeide_1.9.0/stm32cubeide/plugins/com.st.stm32cube.ide.mcu.externaltools.gnu-tools-for-stm32.10.3-2021.10.win32_1.0.0.202111181127/tools/bin/../lib/gcc/arm-none-eabi/10.3.1/thumb/v7e-m+fp/hard\libgcc.a
LOAD c:/st/stm32cubeide_1.9.0/stm32cubeide/plugins/com.st.stm32cube.ide.mcu.externaltools.gnu-tools-for-stm32.10.3-2021.10.win32_1.0.0.202111181127/tools/bin/../lib/gcc/arm-none-eabi/10.3.1/../../../../arm-none-eabi/lib/thumb/v7e-m+fp/hard\libc_nano.a
LOAD c:/st/stm32cubeide_1.9.0/stm32cubeide/plugins/com.st.stm32cube.ide.mcu.externaltools.gnu-tools-for-stm32.10.3-2021.10.win32_1.0.0.202111181127/tools/bin/../lib/gcc/arm-none-eabi/10.3.1/../../../../arm-none-eabi/lib/thumb/v7e-m+fp/hard\libnosys.a
END GROUP
LOAD c:/st/stm32cubeide_1.9.0/stm32cubeide/plugins/com.st.stm32cube.ide.mcu.externaltools.gnu-tools-for-stm32.10.3-2021.10.win32_1.0.0.202111181127/tools/bin/../lib/gcc/arm-none-eabi/10.3.1/thumb/v7e-m+fp/hard/crtend.o
LOAD c:/st/stm32cubeide_1.9.0/stm32cubeide/plugins/com.st.stm32cube.ide.mcu.externaltools.gnu-tools-for-stm32.10.3-2021.10.win32_1.0.0.202111181127/tools/bin/../lib/gcc/arm-none-eabi/10.3.1/thumb/v7e-m+fp/hard/crtn.o
                0x0000000020018000                _estack = (ORIGIN (RAM) + LENGTH (RAM))
                0x0000000000000200                _Min_Heap_Size = 0x200
                0x0000000000000400                _Min_Stack_Size = 0x400

.isr_vector     0x0000000008000000      0x188
                0x0000000008000000                . = ALIGN (0x4)
 *(.isr_vector)
 .isr_vector    0x0000000008000000      0x188 ./Core/Startup/startup_stm32l476vgtx.o
                0x0000000008000000                g_pfnVectors
                0x0000000008000188                . = ALIGN (0x4)

.text           0x0000000008000190     0xf49c
                0x0000000008000190                . = ALIGN (0x4)
 *(.text)
 .text          0x0000000008000190       0x40 c:/st/stm32cubeide_1.9.0/stm32cubeide/plugins/com.st.stm32cube.ide.mcu.externaltools.gnu-tools-for-stm32.10.3-2021.10.win32_1.0.0.202111181127/tools/bin/../lib/gcc/arm-none-eabi/10.3.1/thumb/v7e-m+fp/hard/crtbegin.o
 .text          0x00000000080001d0       0x10 c:/st/stm32cubeide_1.9.0/stm32cubeide/plugins/com.st.stm32cube.ide.mcu.externaltools.gnu-tools-for-stm32.10.3-2021.10.win32_1.0.0.202111181127/tools/bin/../lib/gcc/arm-none-eabi/10.3.1/../../../../arm-none-eabi/lib/thumb/v7e-m+fp/hard\libc_nano.a(lib_a-strlen.o)
                0x00000000080001d0                strlen
 .text          0x00000000080001e0       0xa0 c:/st/stm32cubeide_1.9.0/stm32cubeide/plugins/com.st.stm32cube.ide.mcu.externaltools.gnu-tools-for-stm32.10.3-2021.10.win32_1.0.0.202111181127/tools/bin/../lib/gcc/arm-none-eabi/10.3.1/../../../../arm-none-eabi/lib/thumb/v7e-m+fp/hard\libc_nano.a(lib_a-memchr.o)
                0x00000000080001e0                memchr
 .text          0x0000000008000280       0x30 c:/st/stm32cubeide_1.9.0/stm32cubeide/plugins/com.st.stm32cube.ide.mcu.externaltools.gnu-tools-for-stm32.10.3-2021.10.win32_1.0.0.202111181127/tools/bin/../lib/gcc/arm-none-eabi/10.3.1/thumb/v7e-m+fp/hard\libgcc.a(_aeabi_uldivmod.o)
                0x0000000008000280                __aeabi_uldivmod
 .text          0x00000000080002b0       0x28 c:/st/stm32cubeide_1.9.0/stm32cubeide/plugins/com.st.stm32cube.ide.mcu.externaltools.gnu-tools-for-stm32.10.3-2021.10.win32_1.0.0.202111181127/tools/bin/../lib/gcc/arm-none-eabi/10.3.1/thumb/v7e-m+fp/hard\libgcc.a(_popcountsi2.o)
                0x00000000080002b0                __popcountsi2
 .text          0x00000000080002d8      0x2d0 c:/st/stm32cubeide_1.9.0/stm32cubeide/plugins/com.st.stm32cube.ide.mcu.externaltools.gnu-tools-for-stm32.10.3-2021.10.win32_1.0.0.202111181127/tools/bin/../lib/gcc/arm-none-eabi/10.3.1/thumb/v7e-m+fp/hard\libgcc.a(_udivmoddi4.o)
                0x00000000080002d8                __udivmoddi4
 .text          0x00000000080005a8        0x4 c:/st/stm32cubeide_1.9.0/stm32cubeide/plugins/com.st.stm32cube.ide.mcu.externaltools.gnu-tools-for-stm32.10.3-2021.10.win32_1.0.0.202111181127/tools/bin/../lib/gcc/arm-none-eabi/10.3.1/thumb/v7e-m+fp/hard\libgcc.a(_dvmd_tls.o)
                0x00000000080005a8                __aeabi_idiv0
                0x00000000080005a8                __aeabi_ldiv0
 *(.text*)
 .text.MX_GPIO_Init
                0x00000000080005ac      0x2a0 ./Core/Src/gpio.o
                0x00000000080005ac                MX_GPIO_Init
 .text.MX_I2C1_Init
                0x000000000800084c       0x80 ./Core/Src/i2c.o
                0x000000000800084c                MX_I2C1_Init
 .text.MX_I2C2_Init
                0x00000000080008cc       0x80 ./Core/Src/i2c.o
                0x00000000080008cc                MX_I2C2_Init
 .text.HAL_I2C_MspInit
                0x000000000800094c      0x144 ./Core/Src/i2c.o
                0x000000000800094c                HAL_I2C_MspInit
 .text.MX_IWDG_Init
                0x0000000008000a90       0x3c ./Core/Src/iwdg.o
                0x0000000008000a90                MX_IWDG_Init
 .text.HAL_LCD_MspInit
                0x0000000008000acc      0x19c ./Core/Src/lcd.o
                0x0000000008000acc                HAL_LCD_MspInit
 .text.lfs_max  0x0000000008000c68       0x20 ./Core/Src/lfs.o
 .text.lfs_min  0x0000000008000c88       0x20 ./Core/Src/lfs.o
 .text.lfs_aligndown
                0x0000000008000ca8       0x2a ./Core/Src/lfs.o
 .text.lfs_alignup
                0x0000000008000cd2       0x24 ./Core/Src/lfs.o
 .text.lfs_npw2
                0x0000000008000cf6       0x20 ./Core/Src/lfs.o
 .text.lfs_ctz  0x0000000008000d16       0x1e ./Core/Src/lfs.o
 .text.lfs_popc
                0x0000000008000d34       0x18 ./Core/Src/lfs.o
 .text.lfs_scmp
                0x0000000008000d4c       0x1c ./Core/Src/lfs.o
 .text.lfs_fromle32
                0x0000000008000d68       0x16 ./Core/Src/lfs.o
 .text.lfs_tole32
                0x0000000008000d7e       0x18 ./Core/Src/lfs.o
 .text.lfs_frombe32
                0x0000000008000d96       0x18 ./Core/Src/lfs.o
 .text.lfs_tobe32
                0x0000000008000dae       0x18 ./Core/Src/lfs.o
 .text.lfs_malloc
                0x0000000008000dc6       0x18 ./Core/Src/lfs.o
 .text.lfs_free
                0x0000000008000dde       0x16 ./Core/Src/lfs.o
 .text.lfs_cache_drop
                0x0000000008000df4       0x1e ./Core/Src/lfs.o
 .text.lfs_cache_zero
                0x0000000008000e12       0x2c ./Core/Src/lfs.o
 *fill*         0x0000000008000e3e        0x2 
 .text.lfs_bd_read
                0x0000000008000e40      0x288 ./Core/Src/lfs.o
 .text.lfs_bd_cmp
                0x00000000080010c8       0xa2 ./Core/Src/lfs.o
 *fill*         0x000000000800116a        0x2 
 .text.lfs_bd_flush
                0x000000000800116c       0xf8 ./Core/Src/lfs.o
 .text.lfs_bd_sync
                0x0000000008001264       0x68 ./Core/Src/lfs.o
 .text.lfs_bd_prog
                0x00000000080012cc      0x158 ./Core/Src/lfs.o
 .text.lfs_bd_erase
                0x0000000008001424       0x64 ./Core/Src/lfs.o
 .text.lfs_pair_swap
                0x0000000008001488       0x2a ./Core/Src/lfs.o
 .text.lfs_pair_isnull
                0x00000000080014b2       0x36 ./Core/Src/lfs.o
 .text.lfs_pair_cmp
                0x00000000080014e8       0x54 ./Core/Src/lfs.o
 .text.lfs_pair_sync
                0x000000000800153c       0x5a ./Core/Src/lfs.o
 .text.lfs_pair_fromle32
                0x0000000008001596       0x34 ./Core/Src/lfs.o
 .text.lfs_pair_tole32
                0x00000000080015ca       0x34 ./Core/Src/lfs.o
 .text.lfs_tag_isvalid
                0x00000000080015fe       0x1c ./Core/Src/lfs.o
 .text.lfs_tag_isdelete
                0x000000000800161a       0x26 ./Core/Src/lfs.o
 .text.lfs_tag_type1
                0x0000000008001640       0x20 ./Core/Src/lfs.o
 .text.lfs_tag_type3
                0x0000000008001660       0x20 ./Core/Src/lfs.o
 .text.lfs_tag_chunk
                0x0000000008001680       0x1a ./Core/Src/lfs.o
 .text.lfs_tag_splice
                0x000000000800169a       0x1a ./Core/Src/lfs.o
 .text.lfs_tag_id
                0x00000000080016b4       0x20 ./Core/Src/lfs.o
 .text.lfs_tag_size
                0x00000000080016d4       0x1a ./Core/Src/lfs.o
 .text.lfs_tag_dsize
                0x00000000080016ee       0x28 ./Core/Src/lfs.o
 .text.lfs_gstate_xor
                0x0000000008001716       0x4a ./Core/Src/lfs.o
 .text.lfs_gstate_iszero
                0x0000000008001760       0x3a ./Core/Src/lfs.o
 .text.lfs_gstate_hasorphans
                0x000000000800179a       0x26 ./Core/Src/lfs.o
 .text.lfs_gstate_getorphans
                0x00000000080017c0       0x1e ./Core/Src/lfs.o
 .text.lfs_gstate_hasmove
                0x00000000080017de       0x26 ./Core/Src/lfs.o
 .text.lfs_gstate_hasmovehere
                0x0000000008001804       0x40 ./Core/Src/lfs.o
 .text.lfs_gstate_fromle32
                0x0000000008001844       0x40 ./Core/Src/lfs.o
 .text.lfs_gstate_tole32
                0x0000000008001884       0x40 ./Core/Src/lfs.o
 .text.lfs_ctz_fromle32
                0x00000000080018c4       0x30 ./Core/Src/lfs.o
 .text.lfs_ctz_tole32
                0x00000000080018f4       0x30 ./Core/Src/lfs.o
 .text.lfs_superblock_fromle32
                0x0000000008001924       0x70 ./Core/Src/lfs.o
 .text.lfs_superblock_tole32
                0x0000000008001994       0x70 ./Core/Src/lfs.o
 .text.lfs_mlist_isopen
                0x0000000008001a04       0x3a ./Core/Src/lfs.o
 .text.lfs_mlist_remove
                0x0000000008001a3e       0x44 ./Core/Src/lfs.o
 .text.lfs_mlist_append
                0x0000000008001a82       0x24 ./Core/Src/lfs.o
 .text.lfs_alloc_lookahead
                0x0000000008001aa6       0x6e ./Core/Src/lfs.o
 .text.lfs_alloc_ack
                0x0000000008001b14       0x1e ./Core/Src/lfs.o
 .text.lfs_alloc_drop
                0x0000000008001b32       0x22 ./Core/Src/lfs.o
 .text.lfs_alloc
                0x0000000008001b54      0x168 ./Core/Src/lfs.o
 .text.lfs_dir_getslice
                0x0000000008001cbc      0x1cc ./Core/Src/lfs.o
 .text.lfs_dir_get
                0x0000000008001e88       0x36 ./Core/Src/lfs.o
 .text.lfs_dir_getread
                0x0000000008001ebe      0x1b6 ./Core/Src/lfs.o
 .text.lfs_dir_traverse_filter
                0x0000000008002074       0xb8 ./Core/Src/lfs.o
 .text.lfs_dir_traverse
                0x000000000800212c      0x7c0 ./Core/Src/lfs.o
 .text.lfs_dir_fetchmatch
                0x00000000080028ec      0x6d8 ./Core/Src/lfs.o
 .text.lfs_dir_fetch
                0x0000000008002fc4       0x36 ./Core/Src/lfs.o
 *fill*         0x0000000008002ffa        0x2 
 .text.lfs_dir_getgstate
                0x0000000008002ffc       0x64 ./Core/Src/lfs.o
 .text.lfs_dir_find_match
                0x0000000008003060       0x92 ./Core/Src/lfs.o
 *fill*         0x00000000080030f2        0x2 
 .text.lfs_dir_find
                0x00000000080030f4      0x1f4 ./Core/Src/lfs.o
 .text.lfs_dir_commitprog
                0x00000000080032e8       0x6c ./Core/Src/lfs.o
 .text.lfs_dir_commitattr
                0x0000000008003354      0x100 ./Core/Src/lfs.o
 .text.lfs_dir_commitcrc
                0x0000000008003454      0x278 ./Core/Src/lfs.o
 .text.lfs_dir_alloc
                0x00000000080036cc       0xf2 ./Core/Src/lfs.o
 .text.lfs_dir_split
                0x00000000080037be       0xa8 ./Core/Src/lfs.o
 .text.lfs_dir_commit_size
                0x0000000008003866       0x2c ./Core/Src/lfs.o
 .text.lfs_dir_commit_commit
                0x0000000008003892       0x2a ./Core/Src/lfs.o
 .text.lfs_dir_needsrelocation
                0x00000000080038bc       0x4c ./Core/Src/lfs.o
 .text.lfs_dir_compact
                0x0000000008003908      0x3ec ./Core/Src/lfs.o
 .text.lfs_dir_splittingcompact
                0x0000000008003cf4      0x230 ./Core/Src/lfs.o
 .text.lfs_dir_relocatingcommit
                0x0000000008003f24      0x568 ./Core/Src/lfs.o
 .text.lfs_dir_orphaningcommit
                0x000000000800448c      0x5f4 ./Core/Src/lfs.o
 .text.lfs_dir_commit
                0x0000000008004a80       0x4a ./Core/Src/lfs.o
 .text.lfs_ctz_index
                0x0000000008004aca       0x70 ./Core/Src/lfs.o
 .text.lfs_ctz_find
                0x0000000008004b3a       0xd6 ./Core/Src/lfs.o
 .text.lfs_ctz_extend
                0x0000000008004c10      0x210 ./Core/Src/lfs.o
 .text.lfs_ctz_traverse
                0x0000000008004e20       0xf8 ./Core/Src/lfs.o
 .text.lfs_file_rawopencfg
                0x0000000008004f18      0x3a0 ./Core/Src/lfs.o
 .text.lfs_file_rawopen
                0x00000000080052b8       0x30 ./Core/Src/lfs.o
 .text.lfs_file_rawclose
                0x00000000080052e8       0x3a ./Core/Src/lfs.o
 *fill*         0x0000000008005322        0x2 
 .text.lfs_file_relocate
                0x0000000008005324      0x1b4 ./Core/Src/lfs.o
 .text.lfs_file_outline
                0x00000000080054d8       0x42 ./Core/Src/lfs.o
 *fill*         0x000000000800551a        0x2 
 .text.lfs_file_flush
                0x000000000800551c      0x1a8 ./Core/Src/lfs.o
 .text.lfs_file_rawsync
                0x00000000080056c4      0x118 ./Core/Src/lfs.o
 .text.lfs_file_flushedread
                0x00000000080057dc      0x1a4 ./Core/Src/lfs.o
 .text.lfs_file_rawread
                0x0000000008005980       0x6c ./Core/Src/lfs.o
 .text.lfs_file_flushedwrite
                0x00000000080059ec      0x24e ./Core/Src/lfs.o
 *fill*         0x0000000008005c3a        0x2 
 .text.lfs_file_rawwrite
                0x0000000008005c3c      0x108 ./Core/Src/lfs.o
 .text.lfs_init
                0x0000000008005d44      0x374 ./Core/Src/lfs.o
 .text.lfs_deinit
                0x00000000080060b8       0x4e ./Core/Src/lfs.o
 *fill*         0x0000000008006106        0x2 
 .text.lfs_rawformat
                0x0000000008006108      0x140 ./Core/Src/lfs.o
 .text.lfs_rawmount
                0x0000000008006248      0x358 ./Core/Src/lfs.o
 .text.lfs_rawunmount
                0x00000000080065a0       0x18 ./Core/Src/lfs.o
 .text.lfs_fs_rawtraverse
                0x00000000080065b8      0x24c ./Core/Src/lfs.o
 .text.lfs_fs_pred
                0x0000000008006804       0x8a ./Core/Src/lfs.o
 .text.lfs_fs_parent_match
                0x000000000800688e       0x84 ./Core/Src/lfs.o
 *fill*         0x0000000008006912        0x2 
 .text.lfs_fs_parent
                0x0000000008006914       0xac ./Core/Src/lfs.o
 .text.lfs_fs_preporphans
                0x00000000080069c0       0x74 ./Core/Src/lfs.o
 .text.lfs_fs_prepmove
                0x0000000008006a34       0x74 ./Core/Src/lfs.o
 .text.lfs_fs_demove
                0x0000000008006aa8       0xcc ./Core/Src/lfs.o
 .text.lfs_fs_deorphan
                0x0000000008006b74      0x348 ./Core/Src/lfs.o
 .text.lfs_fs_forceconsistency
                0x0000000008006ebc       0x38 ./Core/Src/lfs.o
 .text.lfs_fs_size_count
                0x0000000008006ef4       0x26 ./Core/Src/lfs.o
 *fill*         0x0000000008006f1a        0x2 
 .text.lfs_fs_rawsize
                0x0000000008006f1c       0x34 ./Core/Src/lfs.o
 .text.lfs_format
                0x0000000008006f50       0x2c ./Core/Src/lfs.o
                0x0000000008006f50                lfs_format
 .text.lfs_mount
                0x0000000008006f7c       0x2c ./Core/Src/lfs.o
                0x0000000008006f7c                lfs_mount
 .text.lfs_file_open
                0x0000000008006fa8       0x68 ./Core/Src/lfs.o
                0x0000000008006fa8                lfs_file_open
 .text.lfs_file_close
                0x0000000008007010       0x58 ./Core/Src/lfs.o
                0x0000000008007010                lfs_file_close
 .text.lfs_file_read
                0x0000000008007068       0x60 ./Core/Src/lfs.o
                0x0000000008007068                lfs_file_read
 .text.lfs_file_write
                0x00000000080070c8       0x60 ./Core/Src/lfs.o
                0x00000000080070c8                lfs_file_write
 .text.lfs_crc  0x0000000008007128       0x7c ./Core/Src/lfs_util.o
                0x0000000008007128                lfs_crc
 .text.main     0x00000000080071a4      0x1a0 ./Core/Src/main.o
                0x00000000080071a4                main
 .text.SystemClock_Config
                0x0000000008007344       0xc4 ./Core/Src/main.o
                0x0000000008007344                SystemClock_Config
 .text.PeriphCommonClock_Config
                0x0000000008007408       0x54 ./Core/Src/main.o
                0x0000000008007408                PeriphCommonClock_Config
 .text.block_device_read
                0x000000000800745c       0x30 ./Core/Src/main.o
                0x000000000800745c                block_device_read
 .text.block_device_prog
                0x000000000800748c       0x30 ./Core/Src/main.o
                0x000000000800748c                block_device_prog
 .text.block_device_erase
                0x00000000080074bc       0x24 ./Core/Src/main.o
                0x00000000080074bc                block_device_erase
 .text.block_device_sync
                0x00000000080074e0       0x16 ./Core/Src/main.o
                0x00000000080074e0                block_device_sync
 *fill*         0x00000000080074f6        0x2 
 .text.initFS   0x00000000080074f8       0x30 ./Core/Src/main.o
                0x00000000080074f8                initFS
 .text.readFile
                0x0000000008007528       0x38 ./Core/Src/main.o
                0x0000000008007528                readFile
 .text.writeFile
                0x0000000008007560       0x38 ./Core/Src/main.o
                0x0000000008007560                writeFile
 .text.Error_Handler
                0x0000000008007598        0xa ./Core/Src/main.o
                0x0000000008007598                Error_Handler
 *fill*         0x00000000080075a2        0x2 
 .text.MX_QUADSPI_Init
                0x00000000080075a4       0x4c ./Core/Src/quadspi.o
                0x00000000080075a4                MX_QUADSPI_Init
 .text.HAL_QSPI_MspInit
                0x00000000080075f0       0x88 ./Core/Src/quadspi.o
                0x00000000080075f0                HAL_QSPI_MspInit
 .text.HAL_QSPI_MspDeInit
                0x0000000008007678       0x3c ./Core/Src/quadspi.o
                0x0000000008007678                HAL_QSPI_MspDeInit
 .text.MX_RTC_Init
                0x00000000080076b4       0xb8 ./Core/Src/rtc.o
                0x00000000080076b4                MX_RTC_Init
 .text.HAL_RTC_MspInit
                0x000000000800776c       0x64 ./Core/Src/rtc.o
                0x000000000800776c                HAL_RTC_MspInit
 .text.MX_SAI1_Init
                0x00000000080077d0      0x150 ./Core/Src/sai.o
                0x00000000080077d0                MX_SAI1_Init
 .text.HAL_SAI_MspInit
                0x0000000008007920       0xf0 ./Core/Src/sai.o
                0x0000000008007920                HAL_SAI_MspInit
 .text.MX_SPI2_Init
                0x0000000008007a10       0x7c ./Core/Src/spi.o
                0x0000000008007a10                MX_SPI2_Init
 .text.HAL_SPI_MspInit
                0x0000000008007a8c       0x88 ./Core/Src/spi.o
                0x0000000008007a8c                HAL_SPI_MspInit
 .text.BSP_LCD_GLASS_Init
                0x0000000008007b14       0x74 ./Core/Src/stm32l476g_discovery_glass_lcd.o
                0x0000000008007b14                BSP_LCD_GLASS_Init
 .text.BSP_LCD_GLASS_DisplayString
                0x0000000008007b88       0x48 ./Core/Src/stm32l476g_discovery_glass_lcd.o
                0x0000000008007b88                BSP_LCD_GLASS_DisplayString
 .text.BSP_LCD_GLASS_Clear
                0x0000000008007bd0       0x14 ./Core/Src/stm32l476g_discovery_glass_lcd.o
                0x0000000008007bd0                BSP_LCD_GLASS_Clear
 .text.LCD_MspInit
                0x0000000008007be4      0x18c ./Core/Src/stm32l476g_discovery_glass_lcd.o
 .text.Convert  0x0000000008007d70      0x2b4 ./Core/Src/stm32l476g_discovery_glass_lcd.o
 .text.WriteChar
                0x0000000008008024      0x700 ./Core/Src/stm32l476g_discovery_glass_lcd.o
 .text.BSP_QSPI_Init
                0x0000000008008724       0xac ./Core/Src/stm32l476g_discovery_qspi.o
                0x0000000008008724                BSP_QSPI_Init
 .text.BSP_QSPI_Read
                0x00000000080087d0       0x84 ./Core/Src/stm32l476g_discovery_qspi.o
                0x00000000080087d0                BSP_QSPI_Read
 .text.BSP_QSPI_Write
                0x0000000008008854       0xfc ./Core/Src/stm32l476g_discovery_qspi.o
                0x0000000008008854                BSP_QSPI_Write
 .text.BSP_QSPI_Erase_Block
                0x0000000008008950       0x88 ./Core/Src/stm32l476g_discovery_qspi.o
                0x0000000008008950                BSP_QSPI_Erase_Block
 .text.QSPI_MspInit
                0x00000000080089d8       0x98 ./Core/Src/stm32l476g_discovery_qspi.o
 .text.QSPI_ResetMemory
                0x0000000008008a70       0x88 ./Core/Src/stm32l476g_discovery_qspi.o
 .text.QSPI_DummyCyclesCfg
                0x0000000008008af8       0xfc ./Core/Src/stm32l476g_discovery_qspi.o
 .text.QSPI_WriteEnable
                0x0000000008008bf4       0x98 ./Core/Src/stm32l476g_discovery_qspi.o
 .text.QSPI_AutoPollingMemReady
                0x0000000008008c8c       0x74 ./Core/Src/stm32l476g_discovery_qspi.o
 .text.HAL_MspInit
                0x0000000008008d00       0x48 ./Core/Src/stm32l4xx_hal_msp.o
                0x0000000008008d00                HAL_MspInit
 .text.NMI_Handler
                0x0000000008008d48        0x6 ./Core/Src/stm32l4xx_it.o
                0x0000000008008d48                NMI_Handler
 .text.HardFault_Handler
                0x0000000008008d4e        0x6 ./Core/Src/stm32l4xx_it.o
                0x0000000008008d4e                HardFault_Handler
 .text.MemManage_Handler
                0x0000000008008d54        0x6 ./Core/Src/stm32l4xx_it.o
                0x0000000008008d54                MemManage_Handler
 .text.BusFault_Handler
                0x0000000008008d5a        0x6 ./Core/Src/stm32l4xx_it.o
                0x0000000008008d5a                BusFault_Handler
 .text.UsageFault_Handler
                0x0000000008008d60        0x6 ./Core/Src/stm32l4xx_it.o
                0x0000000008008d60                UsageFault_Handler
 .text.SVC_Handler
                0x0000000008008d66        0xe ./Core/Src/stm32l4xx_it.o
                0x0000000008008d66                SVC_Handler
 .text.DebugMon_Handler
                0x0000000008008d74        0xe ./Core/Src/stm32l4xx_it.o
                0x0000000008008d74                DebugMon_Handler
 .text.PendSV_Handler
                0x0000000008008d82        0xe ./Core/Src/stm32l4xx_it.o
                0x0000000008008d82                PendSV_Handler
 .text.SysTick_Handler
                0x0000000008008d90        0xc ./Core/Src/stm32l4xx_it.o
                0x0000000008008d90                SysTick_Handler
 .text._getpid  0x0000000008008d9c       0x10 ./Core/Src/syscalls.o
                0x0000000008008d9c                _getpid
 .text._kill    0x0000000008008dac       0x20 ./Core/Src/syscalls.o
                0x0000000008008dac                _kill
 .text._exit    0x0000000008008dcc       0x14 ./Core/Src/syscalls.o
                0x0000000008008dcc                _exit
 .text._read    0x0000000008008de0       0x3a ./Core/Src/syscalls.o
                0x0000000008008de0                _read
 .text._write   0x0000000008008e1a       0x38 ./Core/Src/syscalls.o
                0x0000000008008e1a                _write
 .text._close   0x0000000008008e52       0x18 ./Core/Src/syscalls.o
                0x0000000008008e52                _close
 .text._fstat   0x0000000008008e6a       0x20 ./Core/Src/syscalls.o
                0x0000000008008e6a                _fstat
 .text._isatty  0x0000000008008e8a       0x16 ./Core/Src/syscalls.o
                0x0000000008008e8a                _isatty
 .text._lseek   0x0000000008008ea0       0x1a ./Core/Src/syscalls.o
                0x0000000008008ea0                _lseek
 *fill*         0x0000000008008eba        0x2 
 .text._sbrk    0x0000000008008ebc       0x6c ./Core/Src/sysmem.o
                0x0000000008008ebc                _sbrk
 .text.SystemInit
                0x0000000008008f28       0x24 ./Core/Src/system_stm32l4xx.o
                0x0000000008008f28                SystemInit
 .text.MX_USART2_UART_Init
                0x0000000008008f4c       0x60 ./Core/Src/usart.o
                0x0000000008008f4c                MX_USART2_UART_Init
 .text.HAL_UART_MspInit
                0x0000000008008fac       0xbc ./Core/Src/usart.o
                0x0000000008008fac                HAL_UART_MspInit
 .text.Reset_Handler
                0x0000000008009068       0x50 ./Core/Startup/startup_stm32l476vgtx.o
                0x0000000008009068                Reset_Handler
 .text.Default_Handler
                0x00000000080090b8        0x2 ./Core/Startup/startup_stm32l476vgtx.o
                0x00000000080090b8                RTC_Alarm_IRQHandler
                0x00000000080090b8                EXTI2_IRQHandler
                0x00000000080090b8                TIM8_TRG_COM_IRQHandler
                0x00000000080090b8                TIM8_CC_IRQHandler
                0x00000000080090b8                TIM1_CC_IRQHandler
                0x00000000080090b8                TSC_IRQHandler
                0x00000000080090b8                TAMP_STAMP_IRQHandler
                0x00000000080090b8                EXTI3_IRQHandler
                0x00000000080090b8                LPTIM2_IRQHandler
                0x00000000080090b8                DFSDM1_FLT1_IRQHandler
                0x00000000080090b8                I2C3_ER_IRQHandler
                0x00000000080090b8                DFSDM1_FLT2_IRQHandler
                0x00000000080090b8                EXTI0_IRQHandler
                0x00000000080090b8                I2C2_EV_IRQHandler
                0x00000000080090b8                CAN1_RX0_IRQHandler
                0x00000000080090b8                FPU_IRQHandler
                0x00000000080090b8                TIM1_UP_TIM16_IRQHandler
                0x00000000080090b8                ADC1_2_IRQHandler
                0x00000000080090b8                SPI1_IRQHandler
                0x00000000080090b8                TIM6_DAC_IRQHandler
                0x00000000080090b8                TIM8_UP_IRQHandler
                0x00000000080090b8                DMA2_Channel2_IRQHandler
                0x00000000080090b8                DMA1_Channel4_IRQHandler
                0x00000000080090b8                SAI2_IRQHandler
                0x00000000080090b8                DFSDM1_FLT3_IRQHandler
                0x00000000080090b8                USART3_IRQHandler
                0x00000000080090b8                DMA1_Channel7_IRQHandler
                0x00000000080090b8                CAN1_RX1_IRQHandler
                0x00000000080090b8                LCD_IRQHandler
                0x00000000080090b8                UART5_IRQHandler
                0x00000000080090b8                ADC3_IRQHandler
                0x00000000080090b8                TIM4_IRQHandler
                0x00000000080090b8                DMA2_Channel1_IRQHandler
                0x00000000080090b8                QUADSPI_IRQHandler
                0x00000000080090b8                I2C1_EV_IRQHandler
                0x00000000080090b8                DMA1_Channel6_IRQHandler
                0x00000000080090b8                UART4_IRQHandler
                0x00000000080090b8                DMA2_Channel4_IRQHandler
                0x00000000080090b8                TIM3_IRQHandler
                0x00000000080090b8                RCC_IRQHandler
                0x00000000080090b8                DMA1_Channel1_IRQHandler
                0x00000000080090b8                Default_Handler
                0x00000000080090b8                DMA2_Channel7_IRQHandler
                0x00000000080090b8                EXTI15_10_IRQHandler
                0x00000000080090b8                TIM7_IRQHandler
                0x00000000080090b8                SDMMC1_IRQHandler
                0x00000000080090b8                TIM5_IRQHandler
                0x00000000080090b8                I2C3_EV_IRQHandler
                0x00000000080090b8                EXTI9_5_IRQHandler
                0x00000000080090b8                RTC_WKUP_IRQHandler
                0x00000000080090b8                PVD_PVM_IRQHandler
                0x00000000080090b8                SPI2_IRQHandler
                0x00000000080090b8                CAN1_TX_IRQHandler
                0x00000000080090b8                DMA2_Channel5_IRQHandler
                0x00000000080090b8                DMA1_Channel5_IRQHandler
                0x00000000080090b8                EXTI4_IRQHandler
                0x00000000080090b8                RNG_IRQHandler
                0x00000000080090b8                TIM1_TRG_COM_TIM17_IRQHandler
                0x00000000080090b8                DMA1_Channel3_IRQHandler
                0x00000000080090b8                COMP_IRQHandler
                0x00000000080090b8                WWDG_IRQHandler
                0x00000000080090b8                LPUART1_IRQHandler
                0x00000000080090b8                DMA2_Channel6_IRQHandler
                0x00000000080090b8                TIM2_IRQHandler
                0x00000000080090b8                EXTI1_IRQHandler
                0x00000000080090b8                USART2_IRQHandler
                0x00000000080090b8                DFSDM1_FLT0_IRQHandler
                0x00000000080090b8                I2C2_ER_IRQHandler
                0x00000000080090b8                DMA1_Channel2_IRQHandler
                0x00000000080090b8                TIM8_BRK_IRQHandler
                0x00000000080090b8                CAN1_SCE_IRQHandler
                0x00000000080090b8                FLASH_IRQHandler
                0x00000000080090b8                USART1_IRQHandler
                0x00000000080090b8                OTG_FS_IRQHandler
                0x00000000080090b8                SPI3_IRQHandler
                0x00000000080090b8                I2C1_ER_IRQHandler
                0x00000000080090b8                FMC_IRQHandler
                0x00000000080090b8                SWPMI1_IRQHandler
                0x00000000080090b8                LPTIM1_IRQHandler
                0x00000000080090b8                SAI1_IRQHandler
                0x00000000080090b8                DMA2_Channel3_IRQHandler
                0x00000000080090b8                TIM1_BRK_TIM15_IRQHandler
 *fill*         0x00000000080090ba        0x2 
 .text.HAL_Init
                0x00000000080090bc       0x40 ./Drivers/STM32L4xx_HAL_Driver/Src/stm32l4xx_hal.o
                0x00000000080090bc                HAL_Init
 .text.HAL_InitTick
                0x00000000080090fc       0x78 ./Drivers/STM32L4xx_HAL_Driver/Src/stm32l4xx_hal.o
                0x00000000080090fc                HAL_InitTick
 .text.HAL_IncTick
                0x0000000008009174       0x28 ./Drivers/STM32L4xx_HAL_Driver/Src/stm32l4xx_hal.o
                0x0000000008009174                HAL_IncTick
 .text.HAL_GetTick
                0x000000000800919c       0x18 ./Drivers/STM32L4xx_HAL_Driver/Src/stm32l4xx_hal.o
                0x000000000800919c                HAL_GetTick
 .text.HAL_Delay
                0x00000000080091b4       0x48 ./Drivers/STM32L4xx_HAL_Driver/Src/stm32l4xx_hal.o
                0x00000000080091b4                HAL_Delay
 .text.__NVIC_SetPriorityGrouping
                0x00000000080091fc       0x48 ./Drivers/STM32L4xx_HAL_Driver/Src/stm32l4xx_hal_cortex.o
 .text.__NVIC_GetPriorityGrouping
                0x0000000008009244       0x1c ./Drivers/STM32L4xx_HAL_Driver/Src/stm32l4xx_hal_cortex.o
 .text.__NVIC_SetPriority
                0x0000000008009260       0x54 ./Drivers/STM32L4xx_HAL_Driver/Src/stm32l4xx_hal_cortex.o
 .text.NVIC_EncodePriority
                0x00000000080092b4       0x66 ./Drivers/STM32L4xx_HAL_Driver/Src/stm32l4xx_hal_cortex.o
 *fill*         0x000000000800931a        0x2 
 .text.SysTick_Config
                0x000000000800931c       0x44 ./Drivers/STM32L4xx_HAL_Driver/Src/stm32l4xx_hal_cortex.o
 .text.HAL_NVIC_SetPriorityGrouping
                0x0000000008009360       0x16 ./Drivers/STM32L4xx_HAL_Driver/Src/stm32l4xx_hal_cortex.o
                0x0000000008009360                HAL_NVIC_SetPriorityGrouping
 .text.HAL_NVIC_SetPriority
                0x0000000008009376       0x38 ./Drivers/STM32L4xx_HAL_Driver/Src/stm32l4xx_hal_cortex.o
                0x0000000008009376                HAL_NVIC_SetPriority
 .text.HAL_SYSTICK_Config
                0x00000000080093ae       0x18 ./Drivers/STM32L4xx_HAL_Driver/Src/stm32l4xx_hal_cortex.o
                0x00000000080093ae                HAL_SYSTICK_Config
 .text.HAL_DMA_Abort
                0x00000000080093c6       0x7c ./Drivers/STM32L4xx_HAL_Driver/Src/stm32l4xx_hal_dma.o
                0x00000000080093c6                HAL_DMA_Abort
 *fill*         0x0000000008009442        0x2 
 .text.HAL_GPIO_Init
                0x0000000008009444      0x354 ./Drivers/STM32L4xx_HAL_Driver/Src/stm32l4xx_hal_gpio.o
                0x0000000008009444                HAL_GPIO_Init
 .text.HAL_GPIO_DeInit
                0x0000000008009798      0x1e8 ./Drivers/STM32L4xx_HAL_Driver/Src/stm32l4xx_hal_gpio.o
                0x0000000008009798                HAL_GPIO_DeInit
 .text.HAL_GPIO_WritePin
                0x0000000008009980       0x30 ./Drivers/STM32L4xx_HAL_Driver/Src/stm32l4xx_hal_gpio.o
                0x0000000008009980                HAL_GPIO_WritePin
 .text.HAL_I2C_Init
                0x00000000080099b0      0x11e ./Drivers/STM32L4xx_HAL_Driver/Src/stm32l4xx_hal_i2c.o
                0x00000000080099b0                HAL_I2C_Init
 .text.HAL_I2CEx_ConfigAnalogFilter
                0x0000000008009ace       0x96 ./Drivers/STM32L4xx_HAL_Driver/Src/stm32l4xx_hal_i2c_ex.o
                0x0000000008009ace                HAL_I2CEx_ConfigAnalogFilter
 .text.HAL_I2CEx_ConfigDigitalFilter
                0x0000000008009b64       0x98 ./Drivers/STM32L4xx_HAL_Driver/Src/stm32l4xx_hal_i2c_ex.o
                0x0000000008009b64                HAL_I2CEx_ConfigDigitalFilter
 .text.HAL_IWDG_Init
                0x0000000008009bfc       0x9e ./Drivers/STM32L4xx_HAL_Driver/Src/stm32l4xx_hal_iwdg.o
                0x0000000008009bfc                HAL_IWDG_Init
 .text.HAL_IWDG_Refresh
                0x0000000008009c9a       0x20 ./Drivers/STM32L4xx_HAL_Driver/Src/stm32l4xx_hal_iwdg.o
                0x0000000008009c9a                HAL_IWDG_Refresh
 *fill*         0x0000000008009cba        0x2 
 .text.HAL_LCD_Init
                0x0000000008009cbc      0x180 ./Drivers/STM32L4xx_HAL_Driver/Src/stm32l4xx_hal_lcd.o
                0x0000000008009cbc                HAL_LCD_Init
 .text.HAL_LCD_Write
                0x0000000008009e3c       0xb6 ./Drivers/STM32L4xx_HAL_Driver/Src/stm32l4xx_hal_lcd.o
                0x0000000008009e3c                HAL_LCD_Write
 .text.HAL_LCD_Clear
                0x0000000008009ef2       0xac ./Drivers/STM32L4xx_HAL_Driver/Src/stm32l4xx_hal_lcd.o
                0x0000000008009ef2                HAL_LCD_Clear
 .text.HAL_LCD_UpdateDisplayRequest
                0x0000000008009f9e       0x72 ./Drivers/STM32L4xx_HAL_Driver/Src/stm32l4xx_hal_lcd.o
                0x0000000008009f9e                HAL_LCD_UpdateDisplayRequest
 .text.LCD_WaitForSynchro
                0x000000000800a010       0x42 ./Drivers/STM32L4xx_HAL_Driver/Src/stm32l4xx_hal_lcd.o
                0x000000000800a010                LCD_WaitForSynchro
 *fill*         0x000000000800a052        0x2 
 .text.HAL_PWR_EnableBkUpAccess
                0x000000000800a054       0x20 ./Drivers/STM32L4xx_HAL_Driver/Src/stm32l4xx_hal_pwr.o
                0x000000000800a054                HAL_PWR_EnableBkUpAccess
 .text.HAL_PWREx_GetVoltageRange
                0x000000000800a074       0x1c ./Drivers/STM32L4xx_HAL_Driver/Src/stm32l4xx_hal_pwr_ex.o
                0x000000000800a074                HAL_PWREx_GetVoltageRange
 .text.HAL_PWREx_ControlVoltageScaling
                0x000000000800a090       0xac ./Drivers/STM32L4xx_HAL_Driver/Src/stm32l4xx_hal_pwr_ex.o
                0x000000000800a090                HAL_PWREx_ControlVoltageScaling
 .text.HAL_QSPI_Init
                0x000000000800a13c       0xec ./Drivers/STM32L4xx_HAL_Driver/Src/stm32l4xx_hal_qspi.o
                0x000000000800a13c                HAL_QSPI_Init
 .text.HAL_QSPI_DeInit
                0x000000000800a228       0x48 ./Drivers/STM32L4xx_HAL_Driver/Src/stm32l4xx_hal_qspi.o
                0x000000000800a228                HAL_QSPI_DeInit
 .text.HAL_QSPI_Command
                0x000000000800a270       0xbc ./Drivers/STM32L4xx_HAL_Driver/Src/stm32l4xx_hal_qspi.o
                0x000000000800a270                HAL_QSPI_Command
 .text.HAL_QSPI_Transmit
                0x000000000800a32c      0x12e ./Drivers/STM32L4xx_HAL_Driver/Src/stm32l4xx_hal_qspi.o
                0x000000000800a32c                HAL_QSPI_Transmit
 .text.HAL_QSPI_Receive
                0x000000000800a45a      0x144 ./Drivers/STM32L4xx_HAL_Driver/Src/stm32l4xx_hal_qspi.o
                0x000000000800a45a                HAL_QSPI_Receive
 .text.HAL_QSPI_AutoPolling
                0x000000000800a59e       0xee ./Drivers/STM32L4xx_HAL_Driver/Src/stm32l4xx_hal_qspi.o
                0x000000000800a59e                HAL_QSPI_AutoPolling
 .text.HAL_QSPI_Abort
                0x000000000800a68c       0xda ./Drivers/STM32L4xx_HAL_Driver/Src/stm32l4xx_hal_qspi.o
                0x000000000800a68c                HAL_QSPI_Abort
 .text.HAL_QSPI_SetTimeout
                0x000000000800a766       0x1c ./Drivers/STM32L4xx_HAL_Driver/Src/stm32l4xx_hal_qspi.o
                0x000000000800a766                HAL_QSPI_SetTimeout
 .text.QSPI_WaitFlagStateUntilTimeout
                0x000000000800a782       0x6e ./Drivers/STM32L4xx_HAL_Driver/Src/stm32l4xx_hal_qspi.o
 .text.QSPI_Config
                0x000000000800a7f0      0x30c ./Drivers/STM32L4xx_HAL_Driver/Src/stm32l4xx_hal_qspi.o
 .text.HAL_RCC_OscConfig
                0x000000000800aafc      0x7d0 ./Drivers/STM32L4xx_HAL_Driver/Src/stm32l4xx_hal_rcc.o
                0x000000000800aafc                HAL_RCC_OscConfig
 .text.HAL_RCC_ClockConfig
                0x000000000800b2cc      0x1c4 ./Drivers/STM32L4xx_HAL_Driver/Src/stm32l4xx_hal_rcc.o
                0x000000000800b2cc                HAL_RCC_ClockConfig
 .text.HAL_RCC_GetSysClockFreq
                0x000000000800b490      0x118 ./Drivers/STM32L4xx_HAL_Driver/Src/stm32l4xx_hal_rcc.o
                0x000000000800b490                HAL_RCC_GetSysClockFreq
 .text.HAL_RCC_GetHCLKFreq
                0x000000000800b5a8       0x18 ./Drivers/STM32L4xx_HAL_Driver/Src/stm32l4xx_hal_rcc.o
                0x000000000800b5a8                HAL_RCC_GetHCLKFreq
 .text.HAL_RCC_GetPCLK1Freq
                0x000000000800b5c0       0x2c ./Drivers/STM32L4xx_HAL_Driver/Src/stm32l4xx_hal_rcc.o
                0x000000000800b5c0                HAL_RCC_GetPCLK1Freq
 .text.HAL_RCC_GetPCLK2Freq
                0x000000000800b5ec       0x2c ./Drivers/STM32L4xx_HAL_Driver/Src/stm32l4xx_hal_rcc.o
                0x000000000800b5ec                HAL_RCC_GetPCLK2Freq
 .text.RCC_SetFlashLatencyFromMSIRange
                0x000000000800b618       0xc0 ./Drivers/STM32L4xx_HAL_Driver/Src/stm32l4xx_hal_rcc.o
 .text.HAL_RCCEx_PeriphCLKConfig
                0x000000000800b6d8      0x5d4 ./Drivers/STM32L4xx_HAL_Driver/Src/stm32l4xx_hal_rcc_ex.o
                0x000000000800b6d8                HAL_RCCEx_PeriphCLKConfig
 .text.HAL_RCCEx_GetPeriphCLKFreq
                0x000000000800bcac      0xadc ./Drivers/STM32L4xx_HAL_Driver/Src/stm32l4xx_hal_rcc_ex.o
                0x000000000800bcac                HAL_RCCEx_GetPeriphCLKFreq
 .text.RCCEx_PLLSAI1_Config
                0x000000000800c788      0x1e8 ./Drivers/STM32L4xx_HAL_Driver/Src/stm32l4xx_hal_rcc_ex.o
 .text.RCCEx_PLLSAI2_Config
                0x000000000800c970      0x1bc ./Drivers/STM32L4xx_HAL_Driver/Src/stm32l4xx_hal_rcc_ex.o
 .text.RCCEx_GetSAIxPeriphCLKFreq
                0x000000000800cb2c      0x1e0 ./Drivers/STM32L4xx_HAL_Driver/Src/stm32l4xx_hal_rcc_ex.o
 .text.HAL_RTC_Init
                0x000000000800cd0c       0xf6 ./Drivers/STM32L4xx_HAL_Driver/Src/stm32l4xx_hal_rtc.o
                0x000000000800cd0c                HAL_RTC_Init
 .text.HAL_RTC_SetTime
                0x000000000800ce02      0x13a ./Drivers/STM32L4xx_HAL_Driver/Src/stm32l4xx_hal_rtc.o
                0x000000000800ce02                HAL_RTC_SetTime
 .text.HAL_RTC_GetTime
                0x000000000800cf3c       0xb8 ./Drivers/STM32L4xx_HAL_Driver/Src/stm32l4xx_hal_rtc.o
                0x000000000800cf3c                HAL_RTC_GetTime
 .text.HAL_RTC_SetDate
                0x000000000800cff4      0x10e ./Drivers/STM32L4xx_HAL_Driver/Src/stm32l4xx_hal_rtc.o
                0x000000000800cff4                HAL_RTC_SetDate
 .text.HAL_RTC_GetDate
                0x000000000800d102       0x9a ./Drivers/STM32L4xx_HAL_Driver/Src/stm32l4xx_hal_rtc.o
                0x000000000800d102                HAL_RTC_GetDate
 .text.HAL_RTC_WaitForSynchro
                0x000000000800d19c       0x4c ./Drivers/STM32L4xx_HAL_Driver/Src/stm32l4xx_hal_rtc.o
                0x000000000800d19c                HAL_RTC_WaitForSynchro
 .text.RTC_EnterInitMode
                0x000000000800d1e8       0x66 ./Drivers/STM32L4xx_HAL_Driver/Src/stm32l4xx_hal_rtc.o
                0x000000000800d1e8                RTC_EnterInitMode
 *fill*         0x000000000800d24e        0x2 
 .text.RTC_ExitInitMode
                0x000000000800d250       0x7c ./Drivers/STM32L4xx_HAL_Driver/Src/stm32l4xx_hal_rtc.o
                0x000000000800d250                RTC_ExitInitMode
 .text.RTC_ByteToBcd2
                0x000000000800d2cc       0x40 ./Drivers/STM32L4xx_HAL_Driver/Src/stm32l4xx_hal_rtc.o
                0x000000000800d2cc                RTC_ByteToBcd2
 .text.RTC_Bcd2ToByte
                0x000000000800d30c       0x34 ./Drivers/STM32L4xx_HAL_Driver/Src/stm32l4xx_hal_rtc.o
                0x000000000800d30c                RTC_Bcd2ToByte
 .text.HAL_SAI_Init
                0x000000000800d340      0x2e4 ./Drivers/STM32L4xx_HAL_Driver/Src/stm32l4xx_hal_sai.o
                0x000000000800d340                HAL_SAI_Init
 .text.SAI_Disable
                0x000000000800d624       0x74 ./Drivers/STM32L4xx_HAL_Driver/Src/stm32l4xx_hal_sai.o
 .text.HAL_SPI_Init
                0x000000000800d698      0x146 ./Drivers/STM32L4xx_HAL_Driver/Src/stm32l4xx_hal_spi.o
                0x000000000800d698                HAL_SPI_Init
 .text.HAL_UART_Init
                0x000000000800d7de       0x9c ./Drivers/STM32L4xx_HAL_Driver/Src/stm32l4xx_hal_uart.o
                0x000000000800d7de                HAL_UART_Init
 *fill*         0x000000000800d87a        0x2 
 .text.UART_SetConfig
                0x000000000800d87c      0x570 ./Drivers/STM32L4xx_HAL_Driver/Src/stm32l4xx_hal_uart.o
                0x000000000800d87c                UART_SetConfig
 .text.UART_AdvFeatureConfig
                0x000000000800ddec      0x144 ./Drivers/STM32L4xx_HAL_Driver/Src/stm32l4xx_hal_uart.o
                0x000000000800ddec                UART_AdvFeatureConfig
 .text.UART_CheckIdleState
                0x000000000800df30       0x92 ./Drivers/STM32L4xx_HAL_Driver/Src/stm32l4xx_hal_uart.o
                0x000000000800df30                UART_CheckIdleState
 .text.UART_WaitOnFlagUntilTimeout
                0x000000000800dfc2      0x188 ./Drivers/STM32L4xx_HAL_Driver/Src/stm32l4xx_hal_uart.o
                0x000000000800dfc2                UART_WaitOnFlagUntilTimeout
 *fill*         0x000000000800e14a        0x2 
 .text.__assert_func
                0x000000000800e14c       0x3c c:/st/stm32cubeide_1.9.0/stm32cubeide/plugins/com.st.stm32cube.ide.mcu.externaltools.gnu-tools-for-stm32.10.3-2021.10.win32_1.0.0.202111181127/tools/bin/../lib/gcc/arm-none-eabi/10.3.1/../../../../arm-none-eabi/lib/thumb/v7e-m+fp/hard\libc_nano.a(lib_a-assert.o)
                0x000000000800e14c                __assert_func
 .text.__errno  0x000000000800e188        0xc c:/st/stm32cubeide_1.9.0/stm32cubeide/plugins/com.st.stm32cube.ide.mcu.externaltools.gnu-tools-for-stm32.10.3-2021.10.win32_1.0.0.202111181127/tools/bin/../lib/gcc/arm-none-eabi/10.3.1/../../../../arm-none-eabi/lib/thumb/v7e-m+fp/hard\libc_nano.a(lib_a-errno.o)
                0x000000000800e188                __errno
 .text.fprintf  0x000000000800e194       0x24 c:/st/stm32cubeide_1.9.0/stm32cubeide/plugins/com.st.stm32cube.ide.mcu.externaltools.gnu-tools-for-stm32.10.3-2021.10.win32_1.0.0.202111181127/tools/bin/../lib/gcc/arm-none-eabi/10.3.1/../../../../arm-none-eabi/lib/thumb/v7e-m+fp/hard\libc_nano.a(lib_a-fprintf.o)
                0x000000000800e194                fiprintf
                0x000000000800e194                fprintf
 .text.__libc_init_array
                0x000000000800e1b8       0x48 c:/st/stm32cubeide_1.9.0/stm32cubeide/plugins/com.st.stm32cube.ide.mcu.externaltools.gnu-tools-for-stm32.10.3-2021.10.win32_1.0.0.202111181127/tools/bin/../lib/gcc/arm-none-eabi/10.3.1/../../../../arm-none-eabi/lib/thumb/v7e-m+fp/hard\libc_nano.a(lib_a-init.o)
                0x000000000800e1b8                __libc_init_array
 .text.malloc   0x000000000800e200       0x10 c:/st/stm32cubeide_1.9.0/stm32cubeide/plugins/com.st.stm32cube.ide.mcu.externaltools.gnu-tools-for-stm32.10.3-2021.10.win32_1.0.0.202111181127/tools/bin/../lib/gcc/arm-none-eabi/10.3.1/../../../../arm-none-eabi/lib/thumb/v7e-m+fp/hard\libc_nano.a(lib_a-malloc.o)
                0x000000000800e200                malloc
 .text.free     0x000000000800e210       0x10 c:/st/stm32cubeide_1.9.0/stm32cubeide/plugins/com.st.stm32cube.ide.mcu.externaltools.gnu-tools-for-stm32.10.3-2021.10.win32_1.0.0.202111181127/tools/bin/../lib/gcc/arm-none-eabi/10.3.1/../../../../arm-none-eabi/lib/thumb/v7e-m+fp/hard\libc_nano.a(lib_a-malloc.o)
                0x000000000800e210                free
 .text.memcmp   0x000000000800e220       0x20 c:/st/stm32cubeide_1.9.0/stm32cubeide/plugins/com.st.stm32cube.ide.mcu.externaltools.gnu-tools-for-stm32.10.3-2021.10.win32_1.0.0.202111181127/tools/bin/../lib/gcc/arm-none-eabi/10.3.1/../../../../arm-none-eabi/lib/thumb/v7e-m+fp/hard\libc_nano.a(lib_a-memcmp.o)
                0x000000000800e220                memcmp
 .text.memcpy   0x000000000800e240       0x1c c:/st/stm32cubeide_1.9.0/stm32cubeide/plugins/com.st.stm32cube.ide.mcu.externaltools.gnu-tools-for-stm32.10.3-2021.10.win32_1.0.0.202111181127/tools/bin/../lib/gcc/arm-none-eabi/10.3.1/../../../../arm-none-eabi/lib/thumb/v7e-m+fp/hard\libc_nano.a(lib_a-memcpy-stub.o)
                0x000000000800e240                memcpy
 .text.memset   0x000000000800e25c       0x10 c:/st/stm32cubeide_1.9.0/stm32cubeide/plugins/com.st.stm32cube.ide.mcu.externaltools.gnu-tools-for-stm32.10.3-2021.10.win32_1.0.0.202111181127/tools/bin/../lib/gcc/arm-none-eabi/10.3.1/../../../../arm-none-eabi/lib/thumb/v7e-m+fp/hard\libc_nano.a(lib_a-memset.o)
                0x000000000800e25c                memset
 .text._free_r  0x000000000800e26c       0x98 c:/st/stm32cubeide_1.9.0/stm32cubeide/plugins/com.st.stm32cube.ide.mcu.externaltools.gnu-tools-for-stm32.10.3-2021.10.win32_1.0.0.202111181127/tools/bin/../lib/gcc/arm-none-eabi/10.3.1/../../../../arm-none-eabi/lib/thumb/v7e-m+fp/hard\libc_nano.a(lib_a-nano-freer.o)
                0x000000000800e26c                _free_r
 .text.sbrk_aligned
                0x000000000800e304       0x40 c:/st/stm32cubeide_1.9.0/stm32cubeide/plugins/com.st.stm32cube.ide.mcu.externaltools.gnu-tools-for-stm32.10.3-2021.10.win32_1.0.0.202111181127/tools/bin/../lib/gcc/arm-none-eabi/10.3.1/../../../../arm-none-eabi/lib/thumb/v7e-m+fp/hard\libc_nano.a(lib_a-nano-mallocr.o)
 .text._malloc_r
                0x000000000800e344       0xe8 c:/st/stm32cubeide_1.9.0/stm32cubeide/plugins/com.st.stm32cube.ide.mcu.externaltools.gnu-tools-for-stm32.10.3-2021.10.win32_1.0.0.202111181127/tools/bin/../lib/gcc/arm-none-eabi/10.3.1/../../../../arm-none-eabi/lib/thumb/v7e-m+fp/hard\libc_nano.a(lib_a-nano-mallocr.o)
                0x000000000800e344                _malloc_r
 .text.__sfputc_r
                0x000000000800e42c       0x2e c:/st/stm32cubeide_1.9.0/stm32cubeide/plugins/com.st.stm32cube.ide.mcu.externaltools.gnu-tools-for-stm32.10.3-2021.10.win32_1.0.0.202111181127/tools/bin/../lib/gcc/arm-none-eabi/10.3.1/../../../../arm-none-eabi/lib/thumb/v7e-m+fp/hard\libc_nano.a(lib_a-nano-vfprintf.o)
 .text.__sfputs_r
                0x000000000800e45a       0x24 c:/st/stm32cubeide_1.9.0/stm32cubeide/plugins/com.st.stm32cube.ide.mcu.externaltools.gnu-tools-for-stm32.10.3-2021.10.win32_1.0.0.202111181127/tools/bin/../lib/gcc/arm-none-eabi/10.3.1/../../../../arm-none-eabi/lib/thumb/v7e-m+fp/hard\libc_nano.a(lib_a-nano-vfprintf.o)
                0x000000000800e45a                __sfputs_r
 *fill*         0x000000000800e47e        0x2 
 .text._vfprintf_r
                0x000000000800e480      0x260 c:/st/stm32cubeide_1.9.0/stm32cubeide/plugins/com.st.stm32cube.ide.mcu.externaltools.gnu-tools-for-stm32.10.3-2021.10.win32_1.0.0.202111181127/tools/bin/../lib/gcc/arm-none-eabi/10.3.1/../../../../arm-none-eabi/lib/thumb/v7e-m+fp/hard\libc_nano.a(lib_a-nano-vfprintf.o)
                0x000000000800e480                _vfprintf_r
                0x000000000800e480                _vfiprintf_r
 .text._printf_common
                0x000000000800e6e0       0xda c:/st/stm32cubeide_1.9.0/stm32cubeide/plugins/com.st.stm32cube.ide.mcu.externaltools.gnu-tools-for-stm32.10.3-2021.10.win32_1.0.0.202111181127/tools/bin/../lib/gcc/arm-none-eabi/10.3.1/../../../../arm-none-eabi/lib/thumb/v7e-m+fp/hard\libc_nano.a(lib_a-nano-vfprintf_i.o)
                0x000000000800e6e0                _printf_common
 *fill*         0x000000000800e7ba        0x2 
 .text._printf_i
                0x000000000800e7bc      0x24c c:/st/stm32cubeide_1.9.0/stm32cubeide/plugins/com.st.stm32cube.ide.mcu.externaltools.gnu-tools-for-stm32.10.3-2021.10.win32_1.0.0.202111181127/tools/bin/../lib/gcc/arm-none-eabi/10.3.1/../../../../arm-none-eabi/lib/thumb/v7e-m+fp/hard\libc_nano.a(lib_a-nano-vfprintf_i.o)
                0x000000000800e7bc                _printf_i
 .text.printf   0x000000000800ea08       0x30 c:/st/stm32cubeide_1.9.0/stm32cubeide/plugins/com.st.stm32cube.ide.mcu.externaltools.gnu-tools-for-stm32.10.3-2021.10.win32_1.0.0.202111181127/tools/bin/../lib/gcc/arm-none-eabi/10.3.1/../../../../arm-none-eabi/lib/thumb/v7e-m+fp/hard\libc_nano.a(lib_a-printf.o)
                0x000000000800ea08                iprintf
                0x000000000800ea08                printf
 .text._sbrk_r  0x000000000800ea38       0x20 c:/st/stm32cubeide_1.9.0/stm32cubeide/plugins/com.st.stm32cube.ide.mcu.externaltools.gnu-tools-for-stm32.10.3-2021.10.win32_1.0.0.202111181127/tools/bin/../lib/gcc/arm-none-eabi/10.3.1/../../../../arm-none-eabi/lib/thumb/v7e-m+fp/hard\libc_nano.a(lib_a-sbrkr.o)
                0x000000000800ea38                _sbrk_r
 .text.sprintf  0x000000000800ea58       0x40 c:/st/stm32cubeide_1.9.0/stm32cubeide/plugins/com.st.stm32cube.ide.mcu.externaltools.gnu-tools-for-stm32.10.3-2021.10.win32_1.0.0.202111181127/tools/bin/../lib/gcc/arm-none-eabi/10.3.1/../../../../arm-none-eabi/lib/thumb/v7e-m+fp/hard\libc_nano.a(lib_a-sprintf.o)
                0x000000000800ea58                siprintf
                0x000000000800ea58                sprintf
 .text.strchr   0x000000000800ea98       0x1a c:/st/stm32cubeide_1.9.0/stm32cubeide/plugins/com.st.stm32cube.ide.mcu.externaltools.gnu-tools-for-stm32.10.3-2021.10.win32_1.0.0.202111181127/tools/bin/../lib/gcc/arm-none-eabi/10.3.1/../../../../arm-none-eabi/lib/thumb/v7e-m+fp/hard\libc_nano.a(lib_a-strchr.o)
                0x000000000800ea98                strchr
 .text.strcspn  0x000000000800eab2       0x22 c:/st/stm32cubeide_1.9.0/stm32cubeide/plugins/com.st.stm32cube.ide.mcu.externaltools.gnu-tools-for-stm32.10.3-2021.10.win32_1.0.0.202111181127/tools/bin/../lib/gcc/arm-none-eabi/10.3.1/../../../../arm-none-eabi/lib/thumb/v7e-m+fp/hard\libc_nano.a(lib_a-strcspn.o)
                0x000000000800eab2                strcspn
 .text.strspn   0x000000000800ead4       0x20 c:/st/stm32cubeide_1.9.0/stm32cubeide/plugins/com.st.stm32cube.ide.mcu.externaltools.gnu-tools-for-stm32.10.3-2021.10.win32_1.0.0.202111181127/tools/bin/../lib/gcc/arm-none-eabi/10.3.1/../../../../arm-none-eabi/lib/thumb/v7e-m+fp/hard\libc_nano.a(lib_a-strspn.o)
                0x000000000800ead4                strspn
 .text.__swbuf_r
                0x000000000800eaf4       0xa4 c:/st/stm32cubeide_1.9.0/stm32cubeide/plugins/com.st.stm32cube.ide.mcu.externaltools.gnu-tools-for-stm32.10.3-2021.10.win32_1.0.0.202111181127/tools/bin/../lib/gcc/arm-none-eabi/10.3.1/../../../../arm-none-eabi/lib/thumb/v7e-m+fp/hard\libc_nano.a(lib_a-wbuf.o)
                0x000000000800eaf4                __swbuf_r
 .text.__swsetup_r
                0x000000000800eb98       0xdc c:/st/stm32cubeide_1.9.0/stm32cubeide/plugins/com.st.stm32cube.ide.mcu.externaltools.gnu-tools-for-stm32.10.3-2021.10.win32_1.0.0.202111181127/tools/bin/../lib/gcc/arm-none-eabi/10.3.1/../../../../arm-none-eabi/lib/thumb/v7e-m+fp/hard\libc_nano.a(lib_a-wsetup.o)
                0x000000000800eb98                __swsetup_r
 .text.abort    0x000000000800ec74        0xe c:/st/stm32cubeide_1.9.0/stm32cubeide/plugins/com.st.stm32cube.ide.mcu.externaltools.gnu-tools-for-stm32.10.3-2021.10.win32_1.0.0.202111181127/tools/bin/../lib/gcc/arm-none-eabi/10.3.1/../../../../arm-none-eabi/lib/thumb/v7e-m+fp/hard\libc_nano.a(lib_a-abort.o)
                0x000000000800ec74                abort
 *fill*         0x000000000800ec82        0x2 
 .text.__sflush_r
                0x000000000800ec84      0x10c c:/st/stm32cubeide_1.9.0/stm32cubeide/plugins/com.st.stm32cube.ide.mcu.externaltools.gnu-tools-for-stm32.10.3-2021.10.win32_1.0.0.202111181127/tools/bin/../lib/gcc/arm-none-eabi/10.3.1/../../../../arm-none-eabi/lib/thumb/v7e-m+fp/hard\libc_nano.a(lib_a-fflush.o)
                0x000000000800ec84                __sflush_r
 .text._fflush_r
                0x000000000800ed90       0x78 c:/st/stm32cubeide_1.9.0/stm32cubeide/plugins/com.st.stm32cube.ide.mcu.externaltools.gnu-tools-for-stm32.10.3-2021.10.win32_1.0.0.202111181127/tools/bin/../lib/gcc/arm-none-eabi/10.3.1/../../../../arm-none-eabi/lib/thumb/v7e-m+fp/hard\libc_nano.a(lib_a-fflush.o)
                0x000000000800ed90                _fflush_r
 .text.std      0x000000000800ee08       0x48 c:/st/stm32cubeide_1.9.0/stm32cubeide/plugins/com.st.stm32cube.ide.mcu.externaltools.gnu-tools-for-stm32.10.3-2021.10.win32_1.0.0.202111181127/tools/bin/../lib/gcc/arm-none-eabi/10.3.1/../../../../arm-none-eabi/lib/thumb/v7e-m+fp/hard\libc_nano.a(lib_a-findfp.o)
 .text._cleanup_r
                0x000000000800ee50        0xc c:/st/stm32cubeide_1.9.0/stm32cubeide/plugins/com.st.stm32cube.ide.mcu.externaltools.gnu-tools-for-stm32.10.3-2021.10.win32_1.0.0.202111181127/tools/bin/../lib/gcc/arm-none-eabi/10.3.1/../../../../arm-none-eabi/lib/thumb/v7e-m+fp/hard\libc_nano.a(lib_a-findfp.o)
                0x000000000800ee50                _cleanup_r
 .text.__sfmoreglue
                0x000000000800ee5c       0x2c c:/st/stm32cubeide_1.9.0/stm32cubeide/plugins/com.st.stm32cube.ide.mcu.externaltools.gnu-tools-for-stm32.10.3-2021.10.win32_1.0.0.202111181127/tools/bin/../lib/gcc/arm-none-eabi/10.3.1/../../../../arm-none-eabi/lib/thumb/v7e-m+fp/hard\libc_nano.a(lib_a-findfp.o)
                0x000000000800ee5c                __sfmoreglue
 .text.__sfp_lock_acquire
                0x000000000800ee88        0xc c:/st/stm32cubeide_1.9.0/stm32cubeide/plugins/com.st.stm32cube.ide.mcu.externaltools.gnu-tools-for-stm32.10.3-2021.10.win32_1.0.0.202111181127/tools/bin/../lib/gcc/arm-none-eabi/10.3.1/../../../../arm-none-eabi/lib/thumb/v7e-m+fp/hard\libc_nano.a(lib_a-findfp.o)
                0x000000000800ee88                __sfp_lock_acquire
 .text.__sfp_lock_release
                0x000000000800ee94        0xc c:/st/stm32cubeide_1.9.0/stm32cubeide/plugins/com.st.stm32cube.ide.mcu.externaltools.gnu-tools-for-stm32.10.3-2021.10.win32_1.0.0.202111181127/tools/bin/../lib/gcc/arm-none-eabi/10.3.1/../../../../arm-none-eabi/lib/thumb/v7e-m+fp/hard\libc_nano.a(lib_a-findfp.o)
                0x000000000800ee94                __sfp_lock_release
 .text.__sinit_lock_acquire
                0x000000000800eea0        0xc c:/st/stm32cubeide_1.9.0/stm32cubeide/plugins/com.st.stm32cube.ide.mcu.externaltools.gnu-tools-for-stm32.10.3-2021.10.win32_1.0.0.202111181127/tools/bin/../lib/gcc/arm-none-eabi/10.3.1/../../../../arm-none-eabi/lib/thumb/v7e-m+fp/hard\libc_nano.a(lib_a-findfp.o)
                0x000000000800eea0                __sinit_lock_acquire
 .text.__sinit_lock_release
                0x000000000800eeac        0xc c:/st/stm32cubeide_1.9.0/stm32cubeide/plugins/com.st.stm32cube.ide.mcu.externaltools.gnu-tools-for-stm32.10.3-2021.10.win32_1.0.0.202111181127/tools/bin/../lib/gcc/arm-none-eabi/10.3.1/../../../../arm-none-eabi/lib/thumb/v7e-m+fp/hard\libc_nano.a(lib_a-findfp.o)
                0x000000000800eeac                __sinit_lock_release
 .text.__sinit  0x000000000800eeb8       0x70 c:/st/stm32cubeide_1.9.0/stm32cubeide/plugins/com.st.stm32cube.ide.mcu.externaltools.gnu-tools-for-stm32.10.3-2021.10.win32_1.0.0.202111181127/tools/bin/../lib/gcc/arm-none-eabi/10.3.1/../../../../arm-none-eabi/lib/thumb/v7e-m+fp/hard\libc_nano.a(lib_a-findfp.o)
                0x000000000800eeb8                __sinit
 .text.__sfp    0x000000000800ef28       0x8c c:/st/stm32cubeide_1.9.0/stm32cubeide/plugins/com.st.stm32cube.ide.mcu.externaltools.gnu-tools-for-stm32.10.3-2021.10.win32_1.0.0.202111181127/tools/bin/../lib/gcc/arm-none-eabi/10.3.1/../../../../arm-none-eabi/lib/thumb/v7e-m+fp/hard\libc_nano.a(lib_a-findfp.o)
                0x000000000800ef28                __sfp
 .text._fwalk_reent
                0x000000000800efb4       0x3e c:/st/stm32cubeide_1.9.0/stm32cubeide/plugins/com.st.stm32cube.ide.mcu.externaltools.gnu-tools-for-stm32.10.3-2021.10.win32_1.0.0.202111181127/tools/bin/../lib/gcc/arm-none-eabi/10.3.1/../../../../arm-none-eabi/lib/thumb/v7e-m+fp/hard\libc_nano.a(lib_a-fwalk.o)
                0x000000000800efb4                _fwalk_reent
 .text.__retarget_lock_init_recursive
                0x000000000800eff2        0x2 c:/st/stm32cubeide_1.9.0/stm32cubeide/plugins/com.st.stm32cube.ide.mcu.externaltools.gnu-tools-for-stm32.10.3-2021.10.win32_1.0.0.202111181127/tools/bin/../lib/gcc/arm-none-eabi/10.3.1/../../../../arm-none-eabi/lib/thumb/v7e-m+fp/hard\libc_nano.a(lib_a-lock.o)
                0x000000000800eff2                __retarget_lock_init_recursive
 .text.__retarget_lock_acquire_recursive
                0x000000000800eff4        0x2 c:/st/stm32cubeide_1.9.0/stm32cubeide/plugins/com.st.stm32cube.ide.mcu.externaltools.gnu-tools-for-stm32.10.3-2021.10.win32_1.0.0.202111181127/tools/bin/../lib/gcc/arm-none-eabi/10.3.1/../../../../arm-none-eabi/lib/thumb/v7e-m+fp/hard\libc_nano.a(lib_a-lock.o)
                0x000000000800eff4                __retarget_lock_acquire_recursive
 .text.__retarget_lock_release_recursive
                0x000000000800eff6        0x2 c:/st/stm32cubeide_1.9.0/stm32cubeide/plugins/com.st.stm32cube.ide.mcu.externaltools.gnu-tools-for-stm32.10.3-2021.10.win32_1.0.0.202111181127/tools/bin/../lib/gcc/arm-none-eabi/10.3.1/../../../../arm-none-eabi/lib/thumb/v7e-m+fp/hard\libc_nano.a(lib_a-lock.o)
                0x000000000800eff6                __retarget_lock_release_recursive
 .text.__swhatbuf_r
                0x000000000800eff8       0x4a c:/st/stm32cubeide_1.9.0/stm32cubeide/plugins/com.st.stm32cube.ide.mcu.externaltools.gnu-tools-for-stm32.10.3-2021.10.win32_1.0.0.202111181127/tools/bin/../lib/gcc/arm-none-eabi/10.3.1/../../../../arm-none-eabi/lib/thumb/v7e-m+fp/hard\libc_nano.a(lib_a-makebuf.o)
                0x000000000800eff8                __swhatbuf_r
 *fill*         0x000000000800f042        0x2 
 .text.__smakebuf_r
                0x000000000800f044       0x80 c:/st/stm32cubeide_1.9.0/stm32cubeide/plugins/com.st.stm32cube.ide.mcu.externaltools.gnu-tools-for-stm32.10.3-2021.10.win32_1.0.0.202111181127/tools/bin/../lib/gcc/arm-none-eabi/10.3.1/../../../../arm-none-eabi/lib/thumb/v7e-m+fp/hard\libc_nano.a(lib_a-makebuf.o)
                0x000000000800f044                __smakebuf_r
 .text.memmove  0x000000000800f0c4       0x34 c:/st/stm32cubeide_1.9.0/stm32cubeide/plugins/com.st.stm32cube.ide.mcu.externaltools.gnu-tools-for-stm32.10.3-2021.10.win32_1.0.0.202111181127/tools/bin/../lib/gcc/arm-none-eabi/10.3.1/../../../../arm-none-eabi/lib/thumb/v7e-m+fp/hard\libc_nano.a(lib_a-memmove.o)
                0x000000000800f0c4                memmove
 .text.__malloc_lock
                0x000000000800f0f8        0xc c:/st/stm32cubeide_1.9.0/stm32cubeide/plugins/com.st.stm32cube.ide.mcu.externaltools.gnu-tools-for-stm32.10.3-2021.10.win32_1.0.0.202111181127/tools/bin/../lib/gcc/arm-none-eabi/10.3.1/../../../../arm-none-eabi/lib/thumb/v7e-m+fp/hard\libc_nano.a(lib_a-mlock.o)
                0x000000000800f0f8                __malloc_lock
 .text.__malloc_unlock
                0x000000000800f104        0xc c:/st/stm32cubeide_1.9.0/stm32cubeide/plugins/com.st.stm32cube.ide.mcu.externaltools.gnu-tools-for-stm32.10.3-2021.10.win32_1.0.0.202111181127/tools/bin/../lib/gcc/arm-none-eabi/10.3.1/../../../../arm-none-eabi/lib/thumb/v7e-m+fp/hard\libc_nano.a(lib_a-mlock.o)
                0x000000000800f104                __malloc_unlock
 .text._realloc_r
                0x000000000800f110       0x5e c:/st/stm32cubeide_1.9.0/stm32cubeide/plugins/com.st.stm32cube.ide.mcu.externaltools.gnu-tools-for-stm32.10.3-2021.10.win32_1.0.0.202111181127/tools/bin/../lib/gcc/arm-none-eabi/10.3.1/../../../../arm-none-eabi/lib/thumb/v7e-m+fp/hard\libc_nano.a(lib_a-nano-reallocr.o)
                0x000000000800f110                _realloc_r
 .text.__ssputs_r
                0x000000000800f16e       0xb6 c:/st/stm32cubeide_1.9.0/stm32cubeide/plugins/com.st.stm32cube.ide.mcu.externaltools.gnu-tools-for-stm32.10.3-2021.10.win32_1.0.0.202111181127/tools/bin/../lib/gcc/arm-none-eabi/10.3.1/../../../../arm-none-eabi/lib/thumb/v7e-m+fp/hard\libc_nano.a(lib_a-nano-svfprintf.o)
                0x000000000800f16e                __ssputs_r
 .text._svfprintf_r
                0x000000000800f224      0x200 c:/st/stm32cubeide_1.9.0/stm32cubeide/plugins/com.st.stm32cube.ide.mcu.externaltools.gnu-tools-for-stm32.10.3-2021.10.win32_1.0.0.202111181127/tools/bin/../lib/gcc/arm-none-eabi/10.3.1/../../../../arm-none-eabi/lib/thumb/v7e-m+fp/hard\libc_nano.a(lib_a-nano-svfprintf.o)
                0x000000000800f224                _svfiprintf_r
                0x000000000800f224                _svfprintf_r
 .text._raise_r
                0x000000000800f424       0x50 c:/st/stm32cubeide_1.9.0/stm32cubeide/plugins/com.st.stm32cube.ide.mcu.externaltools.gnu-tools-for-stm32.10.3-2021.10.win32_1.0.0.202111181127/tools/bin/../lib/gcc/arm-none-eabi/10.3.1/../../../../arm-none-eabi/lib/thumb/v7e-m+fp/hard\libc_nano.a(lib_a-signal.o)
                0x000000000800f424                _raise_r
 .text.raise    0x000000000800f474       0x10 c:/st/stm32cubeide_1.9.0/stm32cubeide/plugins/com.st.stm32cube.ide.mcu.externaltools.gnu-tools-for-stm32.10.3-2021.10.win32_1.0.0.202111181127/tools/bin/../lib/gcc/arm-none-eabi/10.3.1/../../../../arm-none-eabi/lib/thumb/v7e-m+fp/hard\libc_nano.a(lib_a-signal.o)
                0x000000000800f474                raise
 .text._kill_r  0x000000000800f484       0x24 c:/st/stm32cubeide_1.9.0/stm32cubeide/plugins/com.st.stm32cube.ide.mcu.externaltools.gnu-tools-for-stm32.10.3-2021.10.win32_1.0.0.202111181127/tools/bin/../lib/gcc/arm-none-eabi/10.3.1/../../../../arm-none-eabi/lib/thumb/v7e-m+fp/hard\libc_nano.a(lib_a-signalr.o)
                0x000000000800f484                _kill_r
 .text._getpid_r
                0x000000000800f4a8        0x4 c:/st/stm32cubeide_1.9.0/stm32cubeide/plugins/com.st.stm32cube.ide.mcu.externaltools.gnu-tools-for-stm32.10.3-2021.10.win32_1.0.0.202111181127/tools/bin/../lib/gcc/arm-none-eabi/10.3.1/../../../../arm-none-eabi/lib/thumb/v7e-m+fp/hard\libc_nano.a(lib_a-signalr.o)
                0x000000000800f4a8                _getpid_r
 .text.__sread  0x000000000800f4ac       0x22 c:/st/stm32cubeide_1.9.0/stm32cubeide/plugins/com.st.stm32cube.ide.mcu.externaltools.gnu-tools-for-stm32.10.3-2021.10.win32_1.0.0.202111181127/tools/bin/../lib/gcc/arm-none-eabi/10.3.1/../../../../arm-none-eabi/lib/thumb/v7e-m+fp/hard\libc_nano.a(lib_a-stdio.o)
                0x000000000800f4ac                __sread
 .text.__swrite
                0x000000000800f4ce       0x38 c:/st/stm32cubeide_1.9.0/stm32cubeide/plugins/com.st.stm32cube.ide.mcu.externaltools.gnu-tools-for-stm32.10.3-2021.10.win32_1.0.0.202111181127/tools/bin/../lib/gcc/arm-none-eabi/10.3.1/../../../../arm-none-eabi/lib/thumb/v7e-m+fp/hard\libc_nano.a(lib_a-stdio.o)
                0x000000000800f4ce                __swrite
 .text.__sseek  0x000000000800f506       0x24 c:/st/stm32cubeide_1.9.0/stm32cubeide/plugins/com.st.stm32cube.ide.mcu.externaltools.gnu-tools-for-stm32.10.3-2021.10.win32_1.0.0.202111181127/tools/bin/../lib/gcc/arm-none-eabi/10.3.1/../../../../arm-none-eabi/lib/thumb/v7e-m+fp/hard\libc_nano.a(lib_a-stdio.o)
                0x000000000800f506                __sseek
 .text.__sclose
                0x000000000800f52a        0x8 c:/st/stm32cubeide_1.9.0/stm32cubeide/plugins/com.st.stm32cube.ide.mcu.externaltools.gnu-tools-for-stm32.10.3-2021.10.win32_1.0.0.202111181127/tools/bin/../lib/gcc/arm-none-eabi/10.3.1/../../../../arm-none-eabi/lib/thumb/v7e-m+fp/hard\libc_nano.a(lib_a-stdio.o)
                0x000000000800f52a                __sclose
 *fill*         0x000000000800f532        0x2 
 .text._write_r
                0x000000000800f534       0x24 c:/st/stm32cubeide_1.9.0/stm32cubeide/plugins/com.st.stm32cube.ide.mcu.externaltools.gnu-tools-for-stm32.10.3-2021.10.win32_1.0.0.202111181127/tools/bin/../lib/gcc/arm-none-eabi/10.3.1/../../../../arm-none-eabi/lib/thumb/v7e-m+fp/hard\libc_nano.a(lib_a-writer.o)
                0x000000000800f534                _write_r
 .text._close_r
                0x000000000800f558       0x20 c:/st/stm32cubeide_1.9.0/stm32cubeide/plugins/com.st.stm32cube.ide.mcu.externaltools.gnu-tools-for-stm32.10.3-2021.10.win32_1.0.0.202111181127/tools/bin/../lib/gcc/arm-none-eabi/10.3.1/../../../../arm-none-eabi/lib/thumb/v7e-m+fp/hard\libc_nano.a(lib_a-closer.o)
                0x000000000800f558                _close_r
 .text._fstat_r
                0x000000000800f578       0x24 c:/st/stm32cubeide_1.9.0/stm32cubeide/plugins/com.st.stm32cube.ide.mcu.externaltools.gnu-tools-for-stm32.10.3-2021.10.win32_1.0.0.202111181127/tools/bin/../lib/gcc/arm-none-eabi/10.3.1/../../../../arm-none-eabi/lib/thumb/v7e-m+fp/hard\libc_nano.a(lib_a-fstatr.o)
                0x000000000800f578                _fstat_r
 .text._isatty_r
                0x000000000800f59c       0x20 c:/st/stm32cubeide_1.9.0/stm32cubeide/plugins/com.st.stm32cube.ide.mcu.externaltools.gnu-tools-for-stm32.10.3-2021.10.win32_1.0.0.202111181127/tools/bin/../lib/gcc/arm-none-eabi/10.3.1/../../../../arm-none-eabi/lib/thumb/v7e-m+fp/hard\libc_nano.a(lib_a-isattyr.o)
                0x000000000800f59c                _isatty_r
 .text._lseek_r
                0x000000000800f5bc       0x24 c:/st/stm32cubeide_1.9.0/stm32cubeide/plugins/com.st.stm32cube.ide.mcu.externaltools.gnu-tools-for-stm32.10.3-2021.10.win32_1.0.0.202111181127/tools/bin/../lib/gcc/arm-none-eabi/10.3.1/../../../../arm-none-eabi/lib/thumb/v7e-m+fp/hard\libc_nano.a(lib_a-lseekr.o)
                0x000000000800f5bc                _lseek_r
 .text._malloc_usable_size_r
                0x000000000800f5e0       0x10 c:/st/stm32cubeide_1.9.0/stm32cubeide/plugins/com.st.stm32cube.ide.mcu.externaltools.gnu-tools-for-stm32.10.3-2021.10.win32_1.0.0.202111181127/tools/bin/../lib/gcc/arm-none-eabi/10.3.1/../../../../arm-none-eabi/lib/thumb/v7e-m+fp/hard\libc_nano.a(lib_a-nano-msizer.o)
                0x000000000800f5e0                _malloc_usable_size_r
 .text._read_r  0x000000000800f5f0       0x24 c:/st/stm32cubeide_1.9.0/stm32cubeide/plugins/com.st.stm32cube.ide.mcu.externaltools.gnu-tools-for-stm32.10.3-2021.10.win32_1.0.0.202111181127/tools/bin/../lib/gcc/arm-none-eabi/10.3.1/../../../../arm-none-eabi/lib/thumb/v7e-m+fp/hard\libc_nano.a(lib_a-readr.o)
                0x000000000800f5f0                _read_r
 *(.glue_7)
 .glue_7        0x000000000800f614        0x0 linker stubs
 *(.glue_7t)
 .glue_7t       0x000000000800f614        0x0 linker stubs
 *(.eh_frame)
 .eh_frame      0x000000000800f614        0x0 c:/st/stm32cubeide_1.9.0/stm32cubeide/plugins/com.st.stm32cube.ide.mcu.externaltools.gnu-tools-for-stm32.10.3-2021.10.win32_1.0.0.202111181127/tools/bin/../lib/gcc/arm-none-eabi/10.3.1/thumb/v7e-m+fp/hard/crtbegin.o
 *(.init)
 .init          0x000000000800f614        0x4 c:/st/stm32cubeide_1.9.0/stm32cubeide/plugins/com.st.stm32cube.ide.mcu.externaltools.gnu-tools-for-stm32.10.3-2021.10.win32_1.0.0.202111181127/tools/bin/../lib/gcc/arm-none-eabi/10.3.1/thumb/v7e-m+fp/hard/crti.o
                0x000000000800f614                _init
 .init          0x000000000800f618        0x8 c:/st/stm32cubeide_1.9.0/stm32cubeide/plugins/com.st.stm32cube.ide.mcu.externaltools.gnu-tools-for-stm32.10.3-2021.10.win32_1.0.0.202111181127/tools/bin/../lib/gcc/arm-none-eabi/10.3.1/thumb/v7e-m+fp/hard/crtn.o
 *(.fini)
 .fini          0x000000000800f620        0x4 c:/st/stm32cubeide_1.9.0/stm32cubeide/plugins/com.st.stm32cube.ide.mcu.externaltools.gnu-tools-for-stm32.10.3-2021.10.win32_1.0.0.202111181127/tools/bin/../lib/gcc/arm-none-eabi/10.3.1/thumb/v7e-m+fp/hard/crti.o
                0x000000000800f620                _fini
 .fini          0x000000000800f624        0x8 c:/st/stm32cubeide_1.9.0/stm32cubeide/plugins/com.st.stm32cube.ide.mcu.externaltools.gnu-tools-for-stm32.10.3-2021.10.win32_1.0.0.202111181127/tools/bin/../lib/gcc/arm-none-eabi/10.3.1/thumb/v7e-m+fp/hard/crtn.o
                0x000000000800f62c                . = ALIGN (0x4)
                0x000000000800f62c                _etext = .

.vfp11_veneer   0x000000000800f62c        0x0
 .vfp11_veneer  0x000000000800f62c        0x0 linker stubs

.v4_bx          0x000000000800f62c        0x0
 .v4_bx         0x000000000800f62c        0x0 linker stubs

.iplt           0x000000000800f62c        0x0
 .iplt          0x000000000800f62c        0x0 c:/st/stm32cubeide_1.9.0/stm32cubeide/plugins/com.st.stm32cube.ide.mcu.externaltools.gnu-tools-for-stm32.10.3-2021.10.win32_1.0.0.202111181127/tools/bin/../lib/gcc/arm-none-eabi/10.3.1/thumb/v7e-m+fp/hard/crtbegin.o

.rodata         0x000000000800f62c      0xc94
                0x000000000800f62c                . = ALIGN (0x4)
 *(.rodata)
 .rodata        0x000000000800f62c      0x926 ./Core/Src/lfs.o
 *fill*         0x000000000800ff52        0x2 
 .rodata        0x000000000800ff54       0x4c ./Core/Src/main.o
 *(.rodata*)
 .rodata.__func__.25
                0x000000000800ffa0        0xc ./Core/Src/lfs.o
 .rodata.__func__.24
                0x000000000800ffac        0xd ./Core/Src/lfs.o
 *fill*         0x000000000800ffb9        0x3 
 .rodata.__func__.23
                0x000000000800ffbc        0xc ./Core/Src/lfs.o
 .rodata.__func__.22
                0x000000000800ffc8        0xc ./Core/Src/lfs.o
 .rodata.__func__.21
                0x000000000800ffd4        0xd ./Core/Src/lfs.o
 *fill*         0x000000000800ffe1        0x3 
 .rodata.__func__.20
                0x000000000800ffe4       0x11 ./Core/Src/lfs.o
 *fill*         0x000000000800fff5        0x3 
 .rodata.__func__.19
                0x000000000800fff8       0x10 ./Core/Src/lfs.o
 .rodata.__func__.18
                0x0000000008010008       0x19 ./Core/Src/lfs.o
 *fill*         0x0000000008010021        0x3 
 .rodata.__func__.17
                0x0000000008010024       0x18 ./Core/Src/lfs.o
 .rodata.defaults.16
                0x000000000801003c        0xc ./Core/Src/lfs.o
 .rodata.__func__.15
                0x0000000008010048       0x11 ./Core/Src/lfs.o
 *fill*         0x0000000008010059        0x3 
 .rodata.__func__.14
                0x000000000801005c       0x12 ./Core/Src/lfs.o
 *fill*         0x000000000801006e        0x2 
 .rodata.__func__.12
                0x0000000008010070        0x9 ./Core/Src/lfs.o
 *fill*         0x0000000008010079        0x3 
 .rodata.__func__.11
                0x000000000801007c       0x13 ./Core/Src/lfs.o
 *fill*         0x000000000801008f        0x1 
 .rodata.__func__.10
                0x0000000008010090        0xe ./Core/Src/lfs.o
 *fill*         0x000000000801009e        0x2 
 .rodata.__func__.8
                0x00000000080100a0        0xf ./Core/Src/lfs.o
 *fill*         0x00000000080100af        0x1 
 .rodata.__func__.6
                0x00000000080100b0        0xe ./Core/Src/lfs.o
 *fill*         0x00000000080100be        0x2 
 .rodata.__func__.5
                0x00000000080100c0        0xf ./Core/Src/lfs.o
 *fill*         0x00000000080100cf        0x1 
 .rodata.rtable.0
                0x00000000080100d0       0x40 ./Core/Src/lfs_util.o
 .rodata.cfg    0x0000000008010110       0x4c ./Core/Src/main.o
                0x0000000008010110                cfg
 .rodata.CapLetterMap
                0x000000000801015c       0x34 ./Core/Src/stm32l476g_discovery_glass_lcd.o
                0x000000000801015c                CapLetterMap
 .rodata.NumberMap
                0x0000000008010190       0x14 ./Core/Src/stm32l476g_discovery_glass_lcd.o
                0x0000000008010190                NumberMap
 .rodata.AHBPrescTable
                0x00000000080101a4       0x10 ./Core/Src/system_stm32l4xx.o
                0x00000000080101a4                AHBPrescTable
 .rodata.APBPrescTable
                0x00000000080101b4        0x8 ./Core/Src/system_stm32l4xx.o
                0x00000000080101b4                APBPrescTable
 .rodata.MSIRangeTable
                0x00000000080101bc       0x30 ./Core/Src/system_stm32l4xx.o
                0x00000000080101bc                MSIRangeTable
 .rodata.__assert_func.str1.1
                0x00000000080101ec       0x3c c:/st/stm32cubeide_1.9.0/stm32cubeide/plugins/com.st.stm32cube.ide.mcu.externaltools.gnu-tools-for-stm32.10.3-2021.10.win32_1.0.0.202111181127/tools/bin/../lib/gcc/arm-none-eabi/10.3.1/../../../../arm-none-eabi/lib/thumb/v7e-m+fp/hard\libc_nano.a(lib_a-assert.o)
                                         0x3d (size before relaxing)
 .rodata._global_impure_ptr
                0x0000000008010228        0x4 c:/st/stm32cubeide_1.9.0/stm32cubeide/plugins/com.st.stm32cube.ide.mcu.externaltools.gnu-tools-for-stm32.10.3-2021.10.win32_1.0.0.202111181127/tools/bin/../lib/gcc/arm-none-eabi/10.3.1/../../../../arm-none-eabi/lib/thumb/v7e-m+fp/hard\libc_nano.a(lib_a-impure.o)
                0x0000000008010228                _global_impure_ptr
 .rodata._vfprintf_r.str1.1
                0x000000000801022c       0x11 c:/st/stm32cubeide_1.9.0/stm32cubeide/plugins/com.st.stm32cube.ide.mcu.externaltools.gnu-tools-for-stm32.10.3-2021.10.win32_1.0.0.202111181127/tools/bin/../lib/gcc/arm-none-eabi/10.3.1/../../../../arm-none-eabi/lib/thumb/v7e-m+fp/hard\libc_nano.a(lib_a-nano-vfprintf.o)
 .rodata._printf_i.str1.1
                0x000000000801023d       0x22 c:/st/stm32cubeide_1.9.0/stm32cubeide/plugins/com.st.stm32cube.ide.mcu.externaltools.gnu-tools-for-stm32.10.3-2021.10.win32_1.0.0.202111181127/tools/bin/../lib/gcc/arm-none-eabi/10.3.1/../../../../arm-none-eabi/lib/thumb/v7e-m+fp/hard\libc_nano.a(lib_a-nano-vfprintf_i.o)
 *fill*         0x000000000801025f        0x1 
 .rodata.__sf_fake_stderr
                0x0000000008010260       0x20 c:/st/stm32cubeide_1.9.0/stm32cubeide/plugins/com.st.stm32cube.ide.mcu.externaltools.gnu-tools-for-stm32.10.3-2021.10.win32_1.0.0.202111181127/tools/bin/../lib/gcc/arm-none-eabi/10.3.1/../../../../arm-none-eabi/lib/thumb/v7e-m+fp/hard\libc_nano.a(lib_a-findfp.o)
                0x0000000008010260                __sf_fake_stderr
 .rodata.__sf_fake_stdin
                0x0000000008010280       0x20 c:/st/stm32cubeide_1.9.0/stm32cubeide/plugins/com.st.stm32cube.ide.mcu.externaltools.gnu-tools-for-stm32.10.3-2021.10.win32_1.0.0.202111181127/tools/bin/../lib/gcc/arm-none-eabi/10.3.1/../../../../arm-none-eabi/lib/thumb/v7e-m+fp/hard\libc_nano.a(lib_a-findfp.o)
                0x0000000008010280                __sf_fake_stdin
 .rodata.__sf_fake_stdout
                0x00000000080102a0       0x20 c:/st/stm32cubeide_1.9.0/stm32cubeide/plugins/com.st.stm32cube.ide.mcu.externaltools.gnu-tools-for-stm32.10.3-2021.10.win32_1.0.0.202111181127/tools/bin/../lib/gcc/arm-none-eabi/10.3.1/../../../../arm-none-eabi/lib/thumb/v7e-m+fp/hard\libc_nano.a(lib_a-findfp.o)
                0x00000000080102a0                __sf_fake_stdout
 .rodata._svfprintf_r.str1.1
                0x00000000080102c0       0x11 c:/st/stm32cubeide_1.9.0/stm32cubeide/plugins/com.st.stm32cube.ide.mcu.externaltools.gnu-tools-for-stm32.10.3-2021.10.win32_1.0.0.202111181127/tools/bin/../lib/gcc/arm-none-eabi/10.3.1/../../../../arm-none-eabi/lib/thumb/v7e-m+fp/hard\libc_nano.a(lib_a-nano-svfprintf.o)
                0x00000000080102d4                . = ALIGN (0x4)

.ARM.extab      0x00000000080102c0        0x0
                0x00000000080102c0                . = ALIGN (0x4)
 *(.ARM.extab* .gnu.linkonce.armextab.*)
                0x00000000080102c0                . = ALIGN (0x4)

.ARM            0x00000000080102c0        0x8
                0x00000000080102c0                . = ALIGN (0x4)
                0x00000000080102c0                __exidx_start = .
 *(.ARM.exidx*)
 .ARM.exidx     0x00000000080102c0        0x8 c:/st/stm32cubeide_1.9.0/stm32cubeide/plugins/com.st.stm32cube.ide.mcu.externaltools.gnu-tools-for-stm32.10.3-2021.10.win32_1.0.0.202111181127/tools/bin/../lib/gcc/arm-none-eabi/10.3.1/thumb/v7e-m+fp/hard\libgcc.a(_udivmoddi4.o)
                0x00000000080102c8                __exidx_end = .
                0x00000000080102c8                . = ALIGN (0x4)

.rel.dyn        0x00000000080102c8        0x0
 .rel.iplt      0x00000000080102c8        0x0 c:/st/stm32cubeide_1.9.0/stm32cubeide/plugins/com.st.stm32cube.ide.mcu.externaltools.gnu-tools-for-stm32.10.3-2021.10.win32_1.0.0.202111181127/tools/bin/../lib/gcc/arm-none-eabi/10.3.1/thumb/v7e-m+fp/hard/crtbegin.o

.preinit_array  0x00000000080102c8        0x0
                0x00000000080102c8                . = ALIGN (0x4)
                0x00000000080102c8                PROVIDE (__preinit_array_start = .)
 *(.preinit_array*)
                0x00000000080102c8                PROVIDE (__preinit_array_end = .)
                0x00000000080102c8                . = ALIGN (0x4)

.init_array     0x00000000080102c8        0x4
                0x00000000080102c8                . = ALIGN (0x4)
                0x00000000080102c8                PROVIDE (__init_array_start = .)
 *(SORT_BY_NAME(.init_array.*))
 *(.init_array*)
 .init_array    0x00000000080102c8        0x4 c:/st/stm32cubeide_1.9.0/stm32cubeide/plugins/com.st.stm32cube.ide.mcu.externaltools.gnu-tools-for-stm32.10.3-2021.10.win32_1.0.0.202111181127/tools/bin/../lib/gcc/arm-none-eabi/10.3.1/thumb/v7e-m+fp/hard/crtbegin.o
                0x00000000080102cc                PROVIDE (__init_array_end = .)
                0x00000000080102cc                . = ALIGN (0x4)

.fini_array     0x00000000080102cc        0x4
                0x00000000080102cc                . = ALIGN (0x4)
                [!provide]                        PROVIDE (__fini_array_start = .)
 *(SORT_BY_NAME(.fini_array.*))
 *(.fini_array*)
 .fini_array    0x00000000080102cc        0x4 c:/st/stm32cubeide_1.9.0/stm32cubeide/plugins/com.st.stm32cube.ide.mcu.externaltools.gnu-tools-for-stm32.10.3-2021.10.win32_1.0.0.202111181127/tools/bin/../lib/gcc/arm-none-eabi/10.3.1/thumb/v7e-m+fp/hard/crtbegin.o
                [!provide]                        PROVIDE (__fini_array_end = .)
                0x00000000080102d0                . = ALIGN (0x4)
                0x00000000080102d0                _sidata = LOADADDR (.data)

.data           0x0000000020000000       0x70 load address 0x00000000080102d0
                0x0000000020000000                . = ALIGN (0x4)
                0x0000000020000000                _sdata = .
 *(.data)
 *(.data*)
 .data.SystemCoreClock
                0x0000000020000000        0x4 ./Core/Src/system_stm32l4xx.o
                0x0000000020000000                SystemCoreClock
 .data.uwTickPrio
                0x0000000020000004        0x4 ./Drivers/STM32L4xx_HAL_Driver/Src/stm32l4xx_hal.o
                0x0000000020000004                uwTickPrio
 .data.uwTickFreq
                0x0000000020000008        0x1 ./Drivers/STM32L4xx_HAL_Driver/Src/stm32l4xx_hal.o
                0x0000000020000008                uwTickFreq
 *fill*         0x0000000020000009        0x3 
 .data._impure_ptr
                0x000000002000000c        0x4 c:/st/stm32cubeide_1.9.0/stm32cubeide/plugins/com.st.stm32cube.ide.mcu.externaltools.gnu-tools-for-stm32.10.3-2021.10.win32_1.0.0.202111181127/tools/bin/../lib/gcc/arm-none-eabi/10.3.1/../../../../arm-none-eabi/lib/thumb/v7e-m+fp/hard\libc_nano.a(lib_a-impure.o)
                0x000000002000000c                _impure_ptr
 .data.impure_data
                0x0000000020000010       0x60 c:/st/stm32cubeide_1.9.0/stm32cubeide/plugins/com.st.stm32cube.ide.mcu.externaltools.gnu-tools-for-stm32.10.3-2021.10.win32_1.0.0.202111181127/tools/bin/../lib/gcc/arm-none-eabi/10.3.1/../../../../arm-none-eabi/lib/thumb/v7e-m+fp/hard\libc_nano.a(lib_a-impure.o)
 *(.RamFunc)
 *(.RamFunc*)
                0x0000000020000070                . = ALIGN (0x4)
                0x0000000020000070                _edata = .

.igot.plt       0x0000000020000070        0x0 load address 0x0000000008010340
 .igot.plt      0x0000000020000070        0x0 c:/st/stm32cubeide_1.9.0/stm32cubeide/plugins/com.st.stm32cube.ide.mcu.externaltools.gnu-tools-for-stm32.10.3-2021.10.win32_1.0.0.202111181127/tools/bin/../lib/gcc/arm-none-eabi/10.3.1/thumb/v7e-m+fp/hard/crtbegin.o
                0x0000000020000070                . = ALIGN (0x4)

.bss            0x0000000020000070      0x494 load address 0x0000000008010340
                0x0000000020000070                _sbss = .
                0x0000000020000070                __bss_start__ = _sbss
 *(.bss)
 .bss           0x0000000020000070       0x1c c:/st/stm32cubeide_1.9.0/stm32cubeide/plugins/com.st.stm32cube.ide.mcu.externaltools.gnu-tools-for-stm32.10.3-2021.10.win32_1.0.0.202111181127/tools/bin/../lib/gcc/arm-none-eabi/10.3.1/thumb/v7e-m+fp/hard/crtbegin.o
 *(.bss*)
 .bss.hi2c1     0x000000002000008c       0x4c ./Core/Src/i2c.o
                0x000000002000008c                hi2c1
 .bss.hi2c2     0x00000000200000d8       0x4c ./Core/Src/i2c.o
                0x00000000200000d8                hi2c2
 .bss.hiwdg     0x0000000020000124       0x10 ./Core/Src/iwdg.o
                0x0000000020000124                hiwdg
 .bss.lfs       0x0000000020000134       0x78 ./Core/Src/main.o
                0x0000000020000134                lfs
 .bss.file      0x00000000200001ac       0x54 ./Core/Src/main.o
                0x00000000200001ac                file
 .bss.hqspi     0x0000000020000200       0x44 ./Core/Src/quadspi.o
                0x0000000020000200                hqspi
 .bss.hrtc      0x0000000020000244       0x24 ./Core/Src/rtc.o
                0x0000000020000244                hrtc
 .bss.hsai_BlockA1
                0x0000000020000268       0x84 ./Core/Src/sai.o
                0x0000000020000268                hsai_BlockA1
 .bss.hsai_BlockB1
                0x00000000200002ec       0x84 ./Core/Src/sai.o
                0x00000000200002ec                hsai_BlockB1
 .bss.SAI1_client
                0x0000000020000370        0x4 ./Core/Src/sai.o
 .bss.hspi2     0x0000000020000374       0x64 ./Core/Src/spi.o
                0x0000000020000374                hspi2
 .bss.LCDHandle
                0x00000000200003d8       0x3c ./Core/Src/stm32l476g_discovery_glass_lcd.o
                0x00000000200003d8                LCDHandle
 .bss.Digit     0x0000000020000414       0x10 ./Core/Src/stm32l476g_discovery_glass_lcd.o
                0x0000000020000414                Digit
 .bss.QSPIHandle
                0x0000000020000424       0x44 ./Core/Src/stm32l476g_discovery_qspi.o
                0x0000000020000424                QSPIHandle
 .bss.__sbrk_heap_end
                0x0000000020000468        0x4 ./Core/Src/sysmem.o
 .bss.huart2    0x000000002000046c       0x84 ./Core/Src/usart.o
                0x000000002000046c                huart2
 .bss.uwTick    0x00000000200004f0        0x4 ./Drivers/STM32L4xx_HAL_Driver/Src/stm32l4xx_hal.o
                0x00000000200004f0                uwTick
 .bss.__malloc_free_list
                0x00000000200004f4        0x4 c:/st/stm32cubeide_1.9.0/stm32cubeide/plugins/com.st.stm32cube.ide.mcu.externaltools.gnu-tools-for-stm32.10.3-2021.10.win32_1.0.0.202111181127/tools/bin/../lib/gcc/arm-none-eabi/10.3.1/../../../../arm-none-eabi/lib/thumb/v7e-m+fp/hard\libc_nano.a(lib_a-nano-mallocr.o)
                0x00000000200004f4                __malloc_free_list
 .bss.__malloc_sbrk_start
                0x00000000200004f8        0x4 c:/st/stm32cubeide_1.9.0/stm32cubeide/plugins/com.st.stm32cube.ide.mcu.externaltools.gnu-tools-for-stm32.10.3-2021.10.win32_1.0.0.202111181127/tools/bin/../lib/gcc/arm-none-eabi/10.3.1/../../../../arm-none-eabi/lib/thumb/v7e-m+fp/hard\libc_nano.a(lib_a-nano-mallocr.o)
                0x00000000200004f8                __malloc_sbrk_start
 .bss.__lock___malloc_recursive_mutex
                0x00000000200004fc        0x1 c:/st/stm32cubeide_1.9.0/stm32cubeide/plugins/com.st.stm32cube.ide.mcu.externaltools.gnu-tools-for-stm32.10.3-2021.10.win32_1.0.0.202111181127/tools/bin/../lib/gcc/arm-none-eabi/10.3.1/../../../../arm-none-eabi/lib/thumb/v7e-m+fp/hard\libc_nano.a(lib_a-lock.o)
                0x00000000200004fc                __lock___malloc_recursive_mutex
 .bss.__lock___sfp_recursive_mutex
                0x00000000200004fd        0x1 c:/st/stm32cubeide_1.9.0/stm32cubeide/plugins/com.st.stm32cube.ide.mcu.externaltools.gnu-tools-for-stm32.10.3-2021.10.win32_1.0.0.202111181127/tools/bin/../lib/gcc/arm-none-eabi/10.3.1/../../../../arm-none-eabi/lib/thumb/v7e-m+fp/hard\libc_nano.a(lib_a-lock.o)
                0x00000000200004fd                __lock___sfp_recursive_mutex
 .bss.__lock___sinit_recursive_mutex
                0x00000000200004fe        0x1 c:/st/stm32cubeide_1.9.0/stm32cubeide/plugins/com.st.stm32cube.ide.mcu.externaltools.gnu-tools-for-stm32.10.3-2021.10.win32_1.0.0.202111181127/tools/bin/../lib/gcc/arm-none-eabi/10.3.1/../../../../arm-none-eabi/lib/thumb/v7e-m+fp/hard\libc_nano.a(lib_a-lock.o)
                0x00000000200004fe                __lock___sinit_recursive_mutex
 *fill*         0x00000000200004ff        0x1 
 .bss.errno     0x0000000020000500        0x4 c:/st/stm32cubeide_1.9.0/stm32cubeide/plugins/com.st.stm32cube.ide.mcu.externaltools.gnu-tools-for-stm32.10.3-2021.10.win32_1.0.0.202111181127/tools/bin/../lib/gcc/arm-none-eabi/10.3.1/../../../../arm-none-eabi/lib/thumb/v7e-m+fp/hard\libc_nano.a(lib_a-reent.o)
                0x0000000020000500                errno
 *(COMMON)
                0x0000000020000504                . = ALIGN (0x4)
                0x0000000020000504                _ebss = .
                0x0000000020000504                __bss_end__ = _ebss

._user_heap_stack
                0x0000000020000504      0x604 load address 0x0000000008010340
                0x0000000020000508                . = ALIGN (0x8)
 *fill*         0x0000000020000504        0x4 
                [!provide]                        PROVIDE (end = .)
                0x0000000020000508                PROVIDE (_end = .)
                0x0000000020000708                . = (. + _Min_Heap_Size)
 *fill*         0x0000000020000508      0x200 
                0x0000000020000b08                . = (. + _Min_Stack_Size)
 *fill*         0x0000000020000708      0x400 
                0x0000000020000b08                . = ALIGN (0x8)

/DISCARD/
 libc.a(*)
 libm.a(*)
 libgcc.a(*)

.ARM.attributes
                0x0000000000000000       0x30
 *(.ARM.attributes)
 .ARM.attributes
                0x0000000000000000       0x1e c:/st/stm32cubeide_1.9.0/stm32cubeide/plugins/com.st.stm32cube.ide.mcu.externaltools.gnu-tools-for-stm32.10.3-2021.10.win32_1.0.0.202111181127/tools/bin/../lib/gcc/arm-none-eabi/10.3.1/thumb/v7e-m+fp/hard/crti.o
 .ARM.attributes
                0x000000000000001e       0x34 c:/st/stm32cubeide_1.9.0/stm32cubeide/plugins/com.st.stm32cube.ide.mcu.externaltools.gnu-tools-for-stm32.10.3-2021.10.win32_1.0.0.202111181127/tools/bin/../lib/gcc/arm-none-eabi/10.3.1/thumb/v7e-m+fp/hard/crtbegin.o
 .ARM.attributes
                0x0000000000000052       0x34 ./Core/Src/gpio.o
 .ARM.attributes
                0x0000000000000086       0x34 ./Core/Src/i2c.o
 .ARM.attributes
                0x00000000000000ba       0x34 ./Core/Src/iwdg.o
 .ARM.attributes
                0x00000000000000ee       0x34 ./Core/Src/lcd.o
 .ARM.attributes
                0x0000000000000122       0x34 ./Core/Src/lfs.o
 .ARM.attributes