../Core/Src/main.c:99:5:main	168	static
../Core/Src/main.c:210:6:SystemClock_Config	96	static
../Core/Src/main.c:267:6:PeriphCommonClock_Config	144	static
../Core/Src/main.c:289:5:block_device_read	24	static
../Core/Src/main.c:296:5:block_device_prog	24	static
../Core/Src/main.c:303:5:block_device_erase	16	static
../Core/Src/main.c:310:5:block_device_sync	16	static
../Core/Src/main.c:315:6:initFS	8	static
../Core/Src/main.c:323:6:readFile	24	static
../Core/Src/main.c:330:6:writeFile	24	static
../Core/Src/main.c:342:6:Error_Handler	4	static,ignoring_inline_asm
